ERROR - 2025-07-15 08:17:41 --> Error connecting to the database: mysqli_sql_exception: No connection could be made because the target machine actively refused it in C:\xampp\htdocs\websitebinan\system\Database\MySQLi\Connection.php:173
Stack trace:
#0 C:\xampp\htdocs\websitebinan\system\Database\MySQLi\Connection.php(173): mysqli->real_connect('localhost', 'root', Object(SensitiveParameterValue), 'websitebinan', 3306, '', 0)
#1 C:\xampp\htdocs\websitebinan\system\Database\BaseConnection.php(391): CodeIgniter\Database\MySQLi\Connection->connect(false)
#2 C:\xampp\htdocs\websitebinan\system\Database\BaseConnection.php(573): CodeIgniter\Database\BaseConnection->initialize()
#3 C:\xampp\htdocs\websitebinan\system\Database\BaseBuilder.php(1616): CodeIgniter\Database\BaseConnection->query('SELECT *\nFROM `...', Array, false)
#4 C:\xampp\htdocs\websitebinan\system\Model.php(268): CodeIgniter\Database\BaseBuilder->get()
#5 C:\xampp\htdocs\websitebinan\system\BaseModel.php(656): CodeIgniter\Model->doFirst()
#6 C:\xampp\htdocs\websitebinan\app\Models\VisitCountModel.php(16): CodeIgniter\BaseModel->first()
#7 C:\xampp\htdocs\websitebinan\app\Filters\VisitCounter.php(16): App\Models\VisitCountModel->incrementVisitCount('::1')
#8 C:\xampp\htdocs\websitebinan\system\Filters\Filters.php(173): App\Filters\VisitCounter->before(Object(CodeIgniter\HTTP\IncomingRequest), NULL)
#9 C:\xampp\htdocs\websitebinan\system\CodeIgniter.php(473): CodeIgniter\Filters\Filters->run('home', 'before')
#10 C:\xampp\htdocs\websitebinan\system\CodeIgniter.php(368): CodeIgniter\CodeIgniter->handleRequest(NULL, Object(Config\Cache), false)
#11 C:\xampp\htdocs\websitebinan\public\index.php(67): CodeIgniter\CodeIgniter->run()
#12 {main}

Next CodeIgniter\Database\Exceptions\DatabaseException: No connection could be made because the target machine actively refused it in C:\xampp\htdocs\websitebinan\system\Database\MySQLi\Connection.php:218
Stack trace:
#0 C:\xampp\htdocs\websitebinan\system\Database\BaseConnection.php(391): CodeIgniter\Database\MySQLi\Connection->connect(false)
#1 C:\xampp\htdocs\websitebinan\system\Database\BaseConnection.php(573): CodeIgniter\Database\BaseConnection->initialize()
#2 C:\xampp\htdocs\websitebinan\system\Database\BaseBuilder.php(1616): CodeIgniter\Database\BaseConnection->query('SELECT *\nFROM `...', Array, false)
#3 C:\xampp\htdocs\websitebinan\system\Model.php(268): CodeIgniter\Database\BaseBuilder->get()
#4 C:\xampp\htdocs\websitebinan\system\BaseModel.php(656): CodeIgniter\Model->doFirst()
#5 C:\xampp\htdocs\websitebinan\app\Models\VisitCountModel.php(16): CodeIgniter\BaseModel->first()
#6 C:\xampp\htdocs\websitebinan\app\Filters\VisitCounter.php(16): App\Models\VisitCountModel->incrementVisitCount('::1')
#7 C:\xampp\htdocs\websitebinan\system\Filters\Filters.php(173): App\Filters\VisitCounter->before(Object(CodeIgniter\HTTP\IncomingRequest), NULL)
#8 C:\xampp\htdocs\websitebinan\system\CodeIgniter.php(473): CodeIgniter\Filters\Filters->run('home', 'before')
#9 C:\xampp\htdocs\websitebinan\system\CodeIgniter.php(368): CodeIgniter\CodeIgniter->handleRequest(NULL, Object(Config\Cache), false)
#10 C:\xampp\htdocs\websitebinan\public\index.php(67): CodeIgniter\CodeIgniter->run()
#11 {main}
CRITICAL - 2025-07-15 08:17:41 --> Unable to connect to the database.
Main connection [MySQLi]: No connection could be made because the target machine actively refused it
in SYSTEMPATH\Database\BaseConnection.php on line 427.
 1 SYSTEMPATH\Database\BaseConnection.php(573): CodeIgniter\Database\BaseConnection->initialize()
 2 SYSTEMPATH\Database\BaseBuilder.php(1616): CodeIgniter\Database\BaseConnection->query('SELECT *
FROM `visit_counts`
WHERE `visit_date` = :visit_date:
AND `ip_address` = :ip_address:
 LIMIT 1', [...], false)
 3 SYSTEMPATH\Model.php(268): CodeIgniter\Database\BaseBuilder->get()
 4 SYSTEMPATH\BaseModel.php(656): CodeIgniter\Model->doFirst()
 5 APPPATH\Models\VisitCountModel.php(16): CodeIgniter\BaseModel->first()
 6 APPPATH\Filters\VisitCounter.php(16): App\Models\VisitCountModel->incrementVisitCount('::1')
 7 SYSTEMPATH\Filters\Filters.php(173): App\Filters\VisitCounter->before(Object(CodeIgniter\HTTP\IncomingRequest), null)
 8 SYSTEMPATH\CodeIgniter.php(473): CodeIgniter\Filters\Filters->run('home', 'before')
 9 SYSTEMPATH\CodeIgniter.php(368): CodeIgniter\CodeIgniter->handleRequest(null, Object(Config\Cache), false)
10 FCPATH\index.php(67): CodeIgniter\CodeIgniter->run()
ERROR - 2025-07-15 08:17:46 --> Error connecting to the database: mysqli_sql_exception: No connection could be made because the target machine actively refused it in C:\xampp\htdocs\websitebinan\system\Database\MySQLi\Connection.php:173
Stack trace:
#0 C:\xampp\htdocs\websitebinan\system\Database\MySQLi\Connection.php(173): mysqli->real_connect('localhost', 'root', Object(SensitiveParameterValue), 'websitebinan', 3306, '', 0)
#1 C:\xampp\htdocs\websitebinan\system\Database\BaseConnection.php(391): CodeIgniter\Database\MySQLi\Connection->connect(false)
#2 C:\xampp\htdocs\websitebinan\system\Database\BaseConnection.php(573): CodeIgniter\Database\BaseConnection->initialize()
#3 C:\xampp\htdocs\websitebinan\system\Database\BaseBuilder.php(1616): CodeIgniter\Database\BaseConnection->query('SELECT *\nFROM `...', Array, false)
#4 C:\xampp\htdocs\websitebinan\system\Model.php(268): CodeIgniter\Database\BaseBuilder->get()
#5 C:\xampp\htdocs\websitebinan\system\BaseModel.php(656): CodeIgniter\Model->doFirst()
#6 C:\xampp\htdocs\websitebinan\app\Models\VisitCountModel.php(16): CodeIgniter\BaseModel->first()
#7 C:\xampp\htdocs\websitebinan\app\Filters\VisitCounter.php(16): App\Models\VisitCountModel->incrementVisitCount('::1')
#8 C:\xampp\htdocs\websitebinan\system\Filters\Filters.php(173): App\Filters\VisitCounter->before(Object(CodeIgniter\HTTP\IncomingRequest), NULL)
#9 C:\xampp\htdocs\websitebinan\system\CodeIgniter.php(473): CodeIgniter\Filters\Filters->run('home', 'before')
#10 C:\xampp\htdocs\websitebinan\system\CodeIgniter.php(368): CodeIgniter\CodeIgniter->handleRequest(NULL, Object(Config\Cache), false)
#11 C:\xampp\htdocs\websitebinan\public\index.php(67): CodeIgniter\CodeIgniter->run()
#12 {main}

Next CodeIgniter\Database\Exceptions\DatabaseException: No connection could be made because the target machine actively refused it in C:\xampp\htdocs\websitebinan\system\Database\MySQLi\Connection.php:218
Stack trace:
#0 C:\xampp\htdocs\websitebinan\system\Database\BaseConnection.php(391): CodeIgniter\Database\MySQLi\Connection->connect(false)
#1 C:\xampp\htdocs\websitebinan\system\Database\BaseConnection.php(573): CodeIgniter\Database\BaseConnection->initialize()
#2 C:\xampp\htdocs\websitebinan\system\Database\BaseBuilder.php(1616): CodeIgniter\Database\BaseConnection->query('SELECT *\nFROM `...', Array, false)
#3 C:\xampp\htdocs\websitebinan\system\Model.php(268): CodeIgniter\Database\BaseBuilder->get()
#4 C:\xampp\htdocs\websitebinan\system\BaseModel.php(656): CodeIgniter\Model->doFirst()
#5 C:\xampp\htdocs\websitebinan\app\Models\VisitCountModel.php(16): CodeIgniter\BaseModel->first()
#6 C:\xampp\htdocs\websitebinan\app\Filters\VisitCounter.php(16): App\Models\VisitCountModel->incrementVisitCount('::1')
#7 C:\xampp\htdocs\websitebinan\system\Filters\Filters.php(173): App\Filters\VisitCounter->before(Object(CodeIgniter\HTTP\IncomingRequest), NULL)
#8 C:\xampp\htdocs\websitebinan\system\CodeIgniter.php(473): CodeIgniter\Filters\Filters->run('home', 'before')
#9 C:\xampp\htdocs\websitebinan\system\CodeIgniter.php(368): CodeIgniter\CodeIgniter->handleRequest(NULL, Object(Config\Cache), false)
#10 C:\xampp\htdocs\websitebinan\public\index.php(67): CodeIgniter\CodeIgniter->run()
#11 {main}
CRITICAL - 2025-07-15 08:17:46 --> Unable to connect to the database.
Main connection [MySQLi]: No connection could be made because the target machine actively refused it
in SYSTEMPATH\Database\BaseConnection.php on line 427.
 1 SYSTEMPATH\Database\BaseConnection.php(573): CodeIgniter\Database\BaseConnection->initialize()
 2 SYSTEMPATH\Database\BaseBuilder.php(1616): CodeIgniter\Database\BaseConnection->query('SELECT *
FROM `visit_counts`
WHERE `visit_date` = :visit_date:
AND `ip_address` = :ip_address:
 LIMIT 1', [...], false)
 3 SYSTEMPATH\Model.php(268): CodeIgniter\Database\BaseBuilder->get()
 4 SYSTEMPATH\BaseModel.php(656): CodeIgniter\Model->doFirst()
 5 APPPATH\Models\VisitCountModel.php(16): CodeIgniter\BaseModel->first()
 6 APPPATH\Filters\VisitCounter.php(16): App\Models\VisitCountModel->incrementVisitCount('::1')
 7 SYSTEMPATH\Filters\Filters.php(173): App\Filters\VisitCounter->before(Object(CodeIgniter\HTTP\IncomingRequest), null)
 8 SYSTEMPATH\CodeIgniter.php(473): CodeIgniter\Filters\Filters->run('home', 'before')
 9 SYSTEMPATH\CodeIgniter.php(368): CodeIgniter\CodeIgniter->handleRequest(null, Object(Config\Cache), false)
10 FCPATH\index.php(67): CodeIgniter\CodeIgniter->run()
ERROR - 2025-07-15 08:29:08 --> File not found: C:\xampp\htdocs\websitebinan\writable\uploads\CITYOFFICIAL\1721909440_3d68e33ea369389d9526.jpg
ERROR - 2025-07-15 09:00:18 --> File not found: C:\xampp\htdocs\websitebinan\writable\uploads\CITYOFFICIAL\1721633230_24b875bacabca2e1a285.jpg
ERROR - 2025-07-15 09:00:18 --> File not found: C:\xampp\htdocs\websitebinan\writable\uploads\CITYOFFICIAL\1721909440_3d68e33ea369389d9526.jpg
ERROR - 2025-07-15 09:00:18 --> File not found: C:\xampp\htdocs\websitebinan\writable\uploads\CITYOFFICIAL\1721909111_82499fb5320f586c67f5.jpg
ERROR - 2025-07-15 09:01:24 --> File not found: C:\xampp\htdocs\websitebinan\writable\uploads\CITYOFFICIAL\1721633230_24b875bacabca2e1a285.jpg
ERROR - 2025-07-15 09:01:25 --> File not found: C:\xampp\htdocs\websitebinan\writable\uploads\CITYOFFICIAL\1721909440_3d68e33ea369389d9526.jpg
ERROR - 2025-07-15 09:01:25 --> File not found: C:\xampp\htdocs\websitebinan\writable\uploads\CITYOFFICIAL\1721909111_82499fb5320f586c67f5.jpg
ERROR - 2025-07-15 09:04:59 --> File not found: C:\xampp\htdocs\websitebinan\writable\uploads\CITYOFFICIAL\1721909440_3d68e33ea369389d9526.jpg
ERROR - 2025-07-15 09:04:59 --> File not found: C:\xampp\htdocs\websitebinan\writable\uploads\CITYOFFICIAL\1721909111_82499fb5320f586c67f5.jpg
ERROR - 2025-07-15 09:04:59 --> File not found: C:\xampp\htdocs\websitebinan\writable\uploads\CITYOFFICIAL\1721633230_24b875bacabca2e1a285.jpg
ERROR - 2025-07-15 09:05:30 --> File not found: C:\xampp\htdocs\websitebinan\writable\uploads\CITYOFFICIAL\1721633230_24b875bacabca2e1a285.jpg
ERROR - 2025-07-15 09:05:30 --> File not found: C:\xampp\htdocs\websitebinan\writable\uploads\CITYOFFICIAL\1721909440_3d68e33ea369389d9526.jpg
ERROR - 2025-07-15 09:05:30 --> File not found: C:\xampp\htdocs\websitebinan\writable\uploads\CITYOFFICIAL\1721909111_82499fb5320f586c67f5.jpg
ERROR - 2025-07-15 09:13:06 --> mysqli_sql_exception: Unknown column 'carouselimages' in 'field list' in C:\xampp\htdocs\websitebinan\system\Database\MySQLi\Connection.php:295
Stack trace:
#0 C:\xampp\htdocs\websitebinan\system\Database\MySQLi\Connection.php(295): mysqli->query('UPDATE `officia...', 0)
#1 C:\xampp\htdocs\websitebinan\system\Database\BaseConnection.php(691): CodeIgniter\Database\MySQLi\Connection->execute('UPDATE `officia...')
#2 C:\xampp\htdocs\websitebinan\system\Database\BaseConnection.php(605): CodeIgniter\Database\BaseConnection->simpleQuery('UPDATE `officia...')
#3 C:\xampp\htdocs\websitebinan\system\Database\BaseBuilder.php(2476): CodeIgniter\Database\BaseConnection->query('UPDATE `officia...', Array, false)
#4 C:\xampp\htdocs\websitebinan\system\Model.php(396): CodeIgniter\Database\BaseBuilder->update()
#5 C:\xampp\htdocs\websitebinan\system\BaseModel.php(943): CodeIgniter\Model->doUpdate(Array, Array)
#6 C:\xampp\htdocs\websitebinan\system\Model.php(756): CodeIgniter\BaseModel->update(Array, Array)
#7 C:\xampp\htdocs\websitebinan\app\Controllers\Admin.php(1877): CodeIgniter\Model->update('15', Array)
#8 C:\xampp\htdocs\websitebinan\system\CodeIgniter.php(934): App\Controllers\Admin->ajax('update_cityoff')
#9 C:\xampp\htdocs\websitebinan\system\CodeIgniter.php(499): CodeIgniter\CodeIgniter->runController(Object(App\Controllers\Admin))
#10 C:\xampp\htdocs\websitebinan\system\CodeIgniter.php(368): CodeIgniter\CodeIgniter->handleRequest(NULL, Object(Config\Cache), false)
#11 C:\xampp\htdocs\websitebinan\public\index.php(67): CodeIgniter\CodeIgniter->run()
#12 {main}
CRITICAL - 2025-07-15 09:13:06 --> Unknown column 'carouselimages' in 'field list'
in SYSTEMPATH\Database\BaseConnection.php on line 645.
 1 SYSTEMPATH\Database\BaseBuilder.php(2476): CodeIgniter\Database\BaseConnection->query('UPDATE `officials_content` SET `off_name` = :off_name:, `off_position` = :off_position.1:, `ranking` = :ranking:, `years_of_service` = :years_of_service:, `projects` = :projects:, `personal_data` = :personal_data:, `updated_date` = :updated_date:, `carouselimages` = :carouselimages:
WHERE `officials_content`.`ID` IN :officials_content.ID:', [...], false)
 2 SYSTEMPATH\Model.php(396): CodeIgniter\Database\BaseBuilder->update()
 3 SYSTEMPATH\BaseModel.php(943): CodeIgniter\Model->doUpdate([...], [...])
 4 SYSTEMPATH\Model.php(756): CodeIgniter\BaseModel->update([...], [...])
 5 APPPATH\Controllers\Admin.php(1877): CodeIgniter\Model->update('15', [...])
 6 SYSTEMPATH\CodeIgniter.php(934): App\Controllers\Admin->ajax('update_cityoff')
 7 SYSTEMPATH\CodeIgniter.php(499): CodeIgniter\CodeIgniter->runController(Object(App\Controllers\Admin))
 8 SYSTEMPATH\CodeIgniter.php(368): CodeIgniter\CodeIgniter->handleRequest(null, Object(Config\Cache), false)
 9 FCPATH\index.php(67): CodeIgniter\CodeIgniter->run()
ERROR - 2025-07-15 09:13:26 --> mysqli_sql_exception: Unknown column 'carouselimages' in 'field list' in C:\xampp\htdocs\websitebinan\system\Database\MySQLi\Connection.php:295
Stack trace:
#0 C:\xampp\htdocs\websitebinan\system\Database\MySQLi\Connection.php(295): mysqli->query('UPDATE `officia...', 0)
#1 C:\xampp\htdocs\websitebinan\system\Database\BaseConnection.php(691): CodeIgniter\Database\MySQLi\Connection->execute('UPDATE `officia...')
#2 C:\xampp\htdocs\websitebinan\system\Database\BaseConnection.php(605): CodeIgniter\Database\BaseConnection->simpleQuery('UPDATE `officia...')
#3 C:\xampp\htdocs\websitebinan\system\Database\BaseBuilder.php(2476): CodeIgniter\Database\BaseConnection->query('UPDATE `officia...', Array, false)
#4 C:\xampp\htdocs\websitebinan\system\Model.php(396): CodeIgniter\Database\BaseBuilder->update()
#5 C:\xampp\htdocs\websitebinan\system\BaseModel.php(943): CodeIgniter\Model->doUpdate(Array, Array)
#6 C:\xampp\htdocs\websitebinan\system\Model.php(756): CodeIgniter\BaseModel->update(Array, Array)
#7 C:\xampp\htdocs\websitebinan\app\Controllers\Admin.php(1877): CodeIgniter\Model->update('15', Array)
#8 C:\xampp\htdocs\websitebinan\system\CodeIgniter.php(934): App\Controllers\Admin->ajax('update_cityoff')
#9 C:\xampp\htdocs\websitebinan\system\CodeIgniter.php(499): CodeIgniter\CodeIgniter->runController(Object(App\Controllers\Admin))
#10 C:\xampp\htdocs\websitebinan\system\CodeIgniter.php(368): CodeIgniter\CodeIgniter->handleRequest(NULL, Object(Config\Cache), false)
#11 C:\xampp\htdocs\websitebinan\public\index.php(67): CodeIgniter\CodeIgniter->run()
#12 {main}
CRITICAL - 2025-07-15 09:13:26 --> Unknown column 'carouselimages' in 'field list'
in SYSTEMPATH\Database\BaseConnection.php on line 645.
 1 SYSTEMPATH\Database\BaseBuilder.php(2476): CodeIgniter\Database\BaseConnection->query('UPDATE `officials_content` SET `off_name` = :off_name:, `off_position` = :off_position.1:, `ranking` = :ranking:, `years_of_service` = :years_of_service:, `projects` = :projects:, `personal_data` = :personal_data:, `updated_date` = :updated_date:, `carouselimages` = :carouselimages:
WHERE `officials_content`.`ID` IN :officials_content.ID:', [...], false)
 2 SYSTEMPATH\Model.php(396): CodeIgniter\Database\BaseBuilder->update()
 3 SYSTEMPATH\BaseModel.php(943): CodeIgniter\Model->doUpdate([...], [...])
 4 SYSTEMPATH\Model.php(756): CodeIgniter\BaseModel->update([...], [...])
 5 APPPATH\Controllers\Admin.php(1877): CodeIgniter\Model->update('15', [...])
 6 SYSTEMPATH\CodeIgniter.php(934): App\Controllers\Admin->ajax('update_cityoff')
 7 SYSTEMPATH\CodeIgniter.php(499): CodeIgniter\CodeIgniter->runController(Object(App\Controllers\Admin))
 8 SYSTEMPATH\CodeIgniter.php(368): CodeIgniter\CodeIgniter->handleRequest(null, Object(Config\Cache), false)
 9 FCPATH\index.php(67): CodeIgniter\CodeIgniter->run()
ERROR - 2025-07-15 09:22:41 --> mysqli_sql_exception: Unknown column 'carouselimages' in 'field list' in C:\xampp\htdocs\websitebinan\system\Database\MySQLi\Connection.php:295
Stack trace:
#0 C:\xampp\htdocs\websitebinan\system\Database\MySQLi\Connection.php(295): mysqli->query('UPDATE `officia...', 0)
#1 C:\xampp\htdocs\websitebinan\system\Database\BaseConnection.php(691): CodeIgniter\Database\MySQLi\Connection->execute('UPDATE `officia...')
#2 C:\xampp\htdocs\websitebinan\system\Database\BaseConnection.php(605): CodeIgniter\Database\BaseConnection->simpleQuery('UPDATE `officia...')
#3 C:\xampp\htdocs\websitebinan\system\Database\BaseBuilder.php(2476): CodeIgniter\Database\BaseConnection->query('UPDATE `officia...', Array, false)
#4 C:\xampp\htdocs\websitebinan\system\Model.php(396): CodeIgniter\Database\BaseBuilder->update()
#5 C:\xampp\htdocs\websitebinan\system\BaseModel.php(943): CodeIgniter\Model->doUpdate(Array, Array)
#6 C:\xampp\htdocs\websitebinan\system\Model.php(756): CodeIgniter\BaseModel->update(Array, Array)
#7 C:\xampp\htdocs\websitebinan\app\Controllers\Admin.php(1877): CodeIgniter\Model->update('15', Array)
#8 C:\xampp\htdocs\websitebinan\system\CodeIgniter.php(934): App\Controllers\Admin->ajax('update_cityoff')
#9 C:\xampp\htdocs\websitebinan\system\CodeIgniter.php(499): CodeIgniter\CodeIgniter->runController(Object(App\Controllers\Admin))
#10 C:\xampp\htdocs\websitebinan\system\CodeIgniter.php(368): CodeIgniter\CodeIgniter->handleRequest(NULL, Object(Config\Cache), false)
#11 C:\xampp\htdocs\websitebinan\public\index.php(67): CodeIgniter\CodeIgniter->run()
#12 {main}
CRITICAL - 2025-07-15 09:22:41 --> Unknown column 'carouselimages' in 'field list'
in SYSTEMPATH\Database\BaseConnection.php on line 645.
 1 SYSTEMPATH\Database\BaseBuilder.php(2476): CodeIgniter\Database\BaseConnection->query('UPDATE `officials_content` SET `off_name` = :off_name:, `off_position` = :off_position.1:, `ranking` = :ranking:, `years_of_service` = :years_of_service:, `projects` = :projects:, `personal_data` = :personal_data:, `updated_date` = :updated_date:, `carouselimages` = :carouselimages:
WHERE `officials_content`.`ID` IN :officials_content.ID:', [...], false)
 2 SYSTEMPATH\Model.php(396): CodeIgniter\Database\BaseBuilder->update()
 3 SYSTEMPATH\BaseModel.php(943): CodeIgniter\Model->doUpdate([...], [...])
 4 SYSTEMPATH\Model.php(756): CodeIgniter\BaseModel->update([...], [...])
 5 APPPATH\Controllers\Admin.php(1877): CodeIgniter\Model->update('15', [...])
 6 SYSTEMPATH\CodeIgniter.php(934): App\Controllers\Admin->ajax('update_cityoff')
 7 SYSTEMPATH\CodeIgniter.php(499): CodeIgniter\CodeIgniter->runController(Object(App\Controllers\Admin))
 8 SYSTEMPATH\CodeIgniter.php(368): CodeIgniter\CodeIgniter->handleRequest(null, Object(Config\Cache), false)
 9 FCPATH\index.php(67): CodeIgniter\CodeIgniter->run()
ERROR - 2025-07-15 09:24:09 --> File not found: C:\xampp\htdocs\websitebinan\writable\uploads\CITYOFFICIAL\1721633230_24b875bacabca2e1a285.jpg
ERROR - 2025-07-15 09:24:09 --> File not found: C:\xampp\htdocs\websitebinan\writable\uploads\CITYOFFICIAL\1721909440_3d68e33ea369389d9526.jpg
ERROR - 2025-07-15 09:24:09 --> File not found: C:\xampp\htdocs\websitebinan\writable\uploads\CITYOFFICIAL\1721909111_82499fb5320f586c67f5.jpg
ERROR - 2025-07-15 09:24:13 --> File not found: C:\xampp\htdocs\websitebinan\writable\uploads\CITYOFFICIAL\1721633230_24b875bacabca2e1a285.jpg
ERROR - 2025-07-15 09:24:13 --> File not found: C:\xampp\htdocs\websitebinan\writable\uploads\CITYOFFICIAL\1721909440_3d68e33ea369389d9526.jpg
ERROR - 2025-07-15 09:24:13 --> File not found: C:\xampp\htdocs\websitebinan\writable\uploads\CITYOFFICIAL\1721909111_82499fb5320f586c67f5.jpg
ERROR - 2025-07-15 09:24:19 --> File not found: C:\xampp\htdocs\websitebinan\writable\uploads\CITYOFFICIAL\1721909440_3d68e33ea369389d9526.jpg
ERROR - 2025-07-15 09:24:48 --> File not found: C:\xampp\htdocs\websitebinan\writable\uploads\CITYOFFICIAL\1721633230_24b875bacabca2e1a285.jpg
ERROR - 2025-07-15 09:24:48 --> File not found: C:\xampp\htdocs\websitebinan\writable\uploads\CITYOFFICIAL\1721909440_3d68e33ea369389d9526.jpg
ERROR - 2025-07-15 09:24:48 --> File not found: C:\xampp\htdocs\websitebinan\writable\uploads\CITYOFFICIAL\1721909111_82499fb5320f586c67f5.jpg
ERROR - 2025-07-15 09:24:52 --> File not found: C:\xampp\htdocs\websitebinan\writable\uploads\CITYOFFICIAL\1721909440_3d68e33ea369389d9526.jpg
ERROR - 2025-07-15 09:24:57 --> File not found: C:\xampp\htdocs\websitebinan\writable\uploads\CITYOFFICIAL\1721633230_24b875bacabca2e1a285.jpg
ERROR - 2025-07-15 09:24:57 --> File not found: C:\xampp\htdocs\websitebinan\writable\uploads\CITYOFFICIAL\1721909440_3d68e33ea369389d9526.jpg
ERROR - 2025-07-15 09:24:57 --> File not found: C:\xampp\htdocs\websitebinan\writable\uploads\CITYOFFICIAL\1721909111_82499fb5320f586c67f5.jpg
ERROR - 2025-07-15 09:29:46 --> File not found: C:\xampp\htdocs\websitebinan\writable\uploads\CITYOFFICIAL\1721633230_24b875bacabca2e1a285.jpg
ERROR - 2025-07-15 09:29:47 --> File not found: C:\xampp\htdocs\websitebinan\writable\uploads\CITYOFFICIAL\1721909440_3d68e33ea369389d9526.jpg
ERROR - 2025-07-15 09:29:47 --> File not found: C:\xampp\htdocs\websitebinan\writable\uploads\CITYOFFICIAL\1721909111_82499fb5320f586c67f5.jpg
ERROR - 2025-07-15 09:30:12 --> File not found: C:\xampp\htdocs\websitebinan\writable\uploads\CITYOFFICIAL\1721633230_24b875bacabca2e1a285.jpg
ERROR - 2025-07-15 09:30:12 --> File not found: C:\xampp\htdocs\websitebinan\writable\uploads\CITYOFFICIAL\1721909440_3d68e33ea369389d9526.jpg
ERROR - 2025-07-15 09:30:12 --> File not found: C:\xampp\htdocs\websitebinan\writable\uploads\CITYOFFICIAL\1721909111_82499fb5320f586c67f5.jpg
ERROR - 2025-07-15 09:30:28 --> File not found: C:\xampp\htdocs\websitebinan\writable\uploads\CITYOFFICIAL\1721633230_24b875bacabca2e1a285.jpg
ERROR - 2025-07-15 09:30:28 --> File not found: C:\xampp\htdocs\websitebinan\writable\uploads\CITYOFFICIAL\1721909440_3d68e33ea369389d9526.jpg
ERROR - 2025-07-15 09:30:28 --> File not found: C:\xampp\htdocs\websitebinan\writable\uploads\CITYOFFICIAL\1721909111_82499fb5320f586c67f5.jpg
ERROR - 2025-07-15 09:32:39 --> File not found: C:\xampp\htdocs\websitebinan\writable\uploads\CITYOFFICIAL\1721633230_24b875bacabca2e1a285.jpg
ERROR - 2025-07-15 09:32:39 --> File not found: C:\xampp\htdocs\websitebinan\writable\uploads\CITYOFFICIAL\1721909440_3d68e33ea369389d9526.jpg
ERROR - 2025-07-15 09:32:39 --> File not found: C:\xampp\htdocs\websitebinan\writable\uploads\CITYOFFICIAL\1721909111_82499fb5320f586c67f5.jpg
ERROR - 2025-07-15 09:33:54 --> File not found: C:\xampp\htdocs\websitebinan\writable\uploads\CITYOFFICIAL\1721633230_24b875bacabca2e1a285.jpg
ERROR - 2025-07-15 09:33:54 --> File not found: C:\xampp\htdocs\websitebinan\writable\uploads\CITYOFFICIAL\1721909440_3d68e33ea369389d9526.jpg
ERROR - 2025-07-15 09:33:54 --> File not found: C:\xampp\htdocs\websitebinan\writable\uploads\CITYOFFICIAL\1721909111_82499fb5320f586c67f5.jpg
ERROR - 2025-07-15 09:34:19 --> File not found: C:\xampp\htdocs\websitebinan\writable\uploads\CITYOFFICIAL\1721633230_24b875bacabca2e1a285.jpg
ERROR - 2025-07-15 09:34:19 --> File not found: C:\xampp\htdocs\websitebinan\writable\uploads\CITYOFFICIAL\1721909440_3d68e33ea369389d9526.jpg
ERROR - 2025-07-15 09:34:19 --> File not found: C:\xampp\htdocs\websitebinan\writable\uploads\CITYOFFICIAL\1721909111_82499fb5320f586c67f5.jpg
ERROR - 2025-07-15 09:40:07 --> File not found: C:\xampp\htdocs\websitebinan\writable\uploads\CITYOFFICIAL\1721633230_24b875bacabca2e1a285.jpg
ERROR - 2025-07-15 09:40:07 --> File not found: C:\xampp\htdocs\websitebinan\writable\uploads\CITYOFFICIAL\1721909440_3d68e33ea369389d9526.jpg
ERROR - 2025-07-15 09:40:07 --> File not found: C:\xampp\htdocs\websitebinan\writable\uploads\CITYOFFICIAL\1721909111_82499fb5320f586c67f5.jpg
ERROR - 2025-07-15 09:41:20 --> File not found: C:\xampp\htdocs\websitebinan\writable\uploads\CITYOFFICIAL\1721633230_24b875bacabca2e1a285.jpg
ERROR - 2025-07-15 09:41:20 --> File not found: C:\xampp\htdocs\websitebinan\writable\uploads\CITYOFFICIAL\1721909440_3d68e33ea369389d9526.jpg
ERROR - 2025-07-15 09:41:20 --> File not found: C:\xampp\htdocs\websitebinan\writable\uploads\CITYOFFICIAL\1721909111_82499fb5320f586c67f5.jpg
ERROR - 2025-07-15 09:41:22 --> File not found: C:\xampp\htdocs\websitebinan\writable\uploads\CITYOFFICIAL\1721633230_24b875bacabca2e1a285.jpg
ERROR - 2025-07-15 09:41:22 --> File not found: C:\xampp\htdocs\websitebinan\writable\uploads\CITYOFFICIAL\1721909440_3d68e33ea369389d9526.jpg
ERROR - 2025-07-15 09:41:22 --> File not found: C:\xampp\htdocs\websitebinan\writable\uploads\CITYOFFICIAL\1721909111_82499fb5320f586c67f5.jpg
ERROR - 2025-07-15 09:41:36 --> File not found: C:\xampp\htdocs\websitebinan\writable\uploads\CITYOFFICIAL\1721633230_24b875bacabca2e1a285.jpg
ERROR - 2025-07-15 09:41:36 --> File not found: C:\xampp\htdocs\websitebinan\writable\uploads\CITYOFFICIAL\1721909440_3d68e33ea369389d9526.jpg
ERROR - 2025-07-15 09:41:36 --> File not found: C:\xampp\htdocs\websitebinan\writable\uploads\CITYOFFICIAL\1721909111_82499fb5320f586c67f5.jpg
ERROR - 2025-07-15 09:42:02 --> File not found: C:\xampp\htdocs\websitebinan\writable\uploads\CITYOFFICIAL\1721633230_24b875bacabca2e1a285.jpg
ERROR - 2025-07-15 09:42:02 --> File not found: C:\xampp\htdocs\websitebinan\writable\uploads\CITYOFFICIAL\1721909440_3d68e33ea369389d9526.jpg
ERROR - 2025-07-15 09:42:02 --> File not found: C:\xampp\htdocs\websitebinan\writable\uploads\CITYOFFICIAL\1721909111_82499fb5320f586c67f5.jpg
ERROR - 2025-07-15 09:42:15 --> File not found: C:\xampp\htdocs\websitebinan\writable\uploads\CITYOFFICIAL\1721633230_24b875bacabca2e1a285.jpg
ERROR - 2025-07-15 09:42:15 --> File not found: C:\xampp\htdocs\websitebinan\writable\uploads\CITYOFFICIAL\1721909440_3d68e33ea369389d9526.jpg
ERROR - 2025-07-15 09:42:15 --> File not found: C:\xampp\htdocs\websitebinan\writable\uploads\CITYOFFICIAL\1721909111_82499fb5320f586c67f5.jpg
ERROR - 2025-07-15 09:46:35 --> File not found: C:\xampp\htdocs\websitebinan\writable\uploads\CITYOFFICIAL\1721633230_24b875bacabca2e1a285.jpg
ERROR - 2025-07-15 09:46:35 --> File not found: C:\xampp\htdocs\websitebinan\writable\uploads\CITYOFFICIAL\1721909440_3d68e33ea369389d9526.jpg
ERROR - 2025-07-15 09:46:35 --> File not found: C:\xampp\htdocs\websitebinan\writable\uploads\CITYOFFICIAL\1721909111_82499fb5320f586c67f5.jpg
ERROR - 2025-07-15 09:46:37 --> File not found: C:\xampp\htdocs\websitebinan\writable\uploads\CITYOFFICIAL\1721633230_24b875bacabca2e1a285.jpg
ERROR - 2025-07-15 09:46:37 --> File not found: C:\xampp\htdocs\websitebinan\writable\uploads\CITYOFFICIAL\1721909440_3d68e33ea369389d9526.jpg
ERROR - 2025-07-15 09:46:37 --> File not found: C:\xampp\htdocs\websitebinan\writable\uploads\CITYOFFICIAL\1721909111_82499fb5320f586c67f5.jpg
ERROR - 2025-07-15 09:46:40 --> File not found: C:\xampp\htdocs\websitebinan\writable\uploads\CITYOFFICIAL\1721633230_24b875bacabca2e1a285.jpg
ERROR - 2025-07-15 09:46:40 --> File not found: C:\xampp\htdocs\websitebinan\writable\uploads\CITYOFFICIAL\1721909440_3d68e33ea369389d9526.jpg
ERROR - 2025-07-15 09:46:40 --> File not found: C:\xampp\htdocs\websitebinan\writable\uploads\CITYOFFICIAL\1721909111_82499fb5320f586c67f5.jpg
ERROR - 2025-07-15 09:46:53 --> File not found: C:\xampp\htdocs\websitebinan\writable\uploads\CITYOFFICIAL\1721633230_24b875bacabca2e1a285.jpg
ERROR - 2025-07-15 09:46:53 --> File not found: C:\xampp\htdocs\websitebinan\writable\uploads\CITYOFFICIAL\1721909440_3d68e33ea369389d9526.jpg
ERROR - 2025-07-15 09:46:53 --> File not found: C:\xampp\htdocs\websitebinan\writable\uploads\CITYOFFICIAL\1721909111_82499fb5320f586c67f5.jpg
ERROR - 2025-07-15 09:46:57 --> File not found: C:\xampp\htdocs\websitebinan\writable\uploads\CITYOFFICIAL\1721909440_3d68e33ea369389d9526.jpg
ERROR - 2025-07-15 09:50:04 --> File not found: C:\xampp\htdocs\websitebinan\writable\uploads\CITYOFFICIAL\1721633230_24b875bacabca2e1a285.jpg
ERROR - 2025-07-15 09:50:04 --> File not found: C:\xampp\htdocs\websitebinan\writable\uploads\CITYOFFICIAL\1721909440_3d68e33ea369389d9526.jpg
ERROR - 2025-07-15 09:50:04 --> File not found: C:\xampp\htdocs\websitebinan\writable\uploads\CITYOFFICIAL\1721909111_82499fb5320f586c67f5.jpg
ERROR - 2025-07-15 09:53:59 --> File not found: C:\xampp\htdocs\websitebinan\writable\uploads\CITYOFFICIAL\1721909440_3d68e33ea369389d9526.jpg
ERROR - 2025-07-15 09:54:02 --> File not found: C:\xampp\htdocs\websitebinan\writable\uploads\CITYOFFICIAL\1721909440_3d68e33ea369389d9526.jpg
ERROR - 2025-07-15 09:54:10 --> File not found: C:\xampp\htdocs\websitebinan\writable\uploads\CITYOFFICIAL\1721633230_24b875bacabca2e1a285.jpg
ERROR - 2025-07-15 09:54:10 --> File not found: C:\xampp\htdocs\websitebinan\writable\uploads\CITYOFFICIAL\1721909440_3d68e33ea369389d9526.jpg
ERROR - 2025-07-15 09:54:10 --> File not found: C:\xampp\htdocs\websitebinan\writable\uploads\CITYOFFICIAL\1721909111_82499fb5320f586c67f5.jpg
ERROR - 2025-07-15 09:54:48 --> File not found: C:\xampp\htdocs\websitebinan\writable\uploads\CITYOFFICIAL\1752544487_57ddd3d2952408280cc3.jpg
ERROR - 2025-07-15 09:54:48 --> File not found: C:\xampp\htdocs\websitebinan\writable\uploads\CITYOFFICIAL\1721909111_82499fb5320f586c67f5.jpg
ERROR - 2025-07-15 09:54:48 --> File not found: C:\xampp\htdocs\websitebinan\writable\uploads\CITYOFFICIAL\1721633230_24b875bacabca2e1a285.jpg
ERROR - 2025-07-15 09:54:59 --> File not found: C:\xampp\htdocs\websitebinan\writable\uploads\CITYOFFICIAL\1752544487_57ddd3d2952408280cc3.jpg
ERROR - 2025-07-15 09:55:03 --> File not found: C:\xampp\htdocs\websitebinan\writable\uploads\CITYOFFICIAL\1752544487_92fd0ba5f8f62a7801e5.jpg
ERROR - 2025-07-15 09:55:03 --> File not found: C:\xampp\htdocs\websitebinan\writable\uploads\CITYOFFICIAL\1752544487_6f5b45deaaf90c639804.jpg
ERROR - 2025-07-15 09:55:03 --> File not found: C:\xampp\htdocs\websitebinan\writable\uploads\CITYOFFICIAL\1752544487_865a3b5b1657133989e5.jpg
ERROR - 2025-07-15 09:55:03 --> File not found: C:\xampp\htdocs\websitebinan\writable\uploads\CITYOFFICIAL\1752544487_57ddd3d2952408280cc3.jpg
ERROR - 2025-07-15 09:55:03 --> File not found: C:\xampp\htdocs\websitebinan\writable\uploads\CITYOFFICIAL\1752544487_92fd0ba5f8f62a7801e5.jpg
ERROR - 2025-07-15 09:56:07 --> File not found: C:\xampp\htdocs\websitebinan\writable\uploads\CITYOFFICIAL\1721909111_82499fb5320f586c67f5.jpg
ERROR - 2025-07-15 09:56:07 --> File not found: C:\xampp\htdocs\websitebinan\writable\uploads\CITYOFFICIAL\1752544566_f3b9e2faa4726b7f31f1.jpg
ERROR - 2025-07-15 09:56:07 --> File not found: C:\xampp\htdocs\websitebinan\writable\uploads\CITYOFFICIAL\1721633230_24b875bacabca2e1a285.jpg
ERROR - 2025-07-15 09:56:10 --> File not found: C:\xampp\htdocs\websitebinan\writable\uploads\CITYOFFICIAL\1752544566_f3b9e2faa4726b7f31f1.jpg
ERROR - 2025-07-15 09:56:11 --> File not found: C:\xampp\htdocs\websitebinan\writable\uploads\CITYOFFICIAL\1752544487_6f5b45deaaf90c639804.jpg
ERROR - 2025-07-15 09:56:11 --> File not found: C:\xampp\htdocs\websitebinan\writable\uploads\CITYOFFICIAL\1752544566_f3b9e2faa4726b7f31f1.jpg
ERROR - 2025-07-15 09:56:11 --> File not found: C:\xampp\htdocs\websitebinan\writable\uploads\CITYOFFICIAL\1752544487_92fd0ba5f8f62a7801e5.jpg
ERROR - 2025-07-15 09:56:11 --> File not found: C:\xampp\htdocs\websitebinan\writable\uploads\CITYOFFICIAL\1752544487_6f5b45deaaf90c639804.jpg
ERROR - 2025-07-15 09:56:29 --> File not found: C:\xampp\htdocs\websitebinan\writable\uploads\CITYOFFICIAL\1721909111_82499fb5320f586c67f5.jpg
ERROR - 2025-07-15 09:56:29 --> File not found: C:\xampp\htdocs\websitebinan\writable\uploads\CITYOFFICIAL\1752544588_cfa87e1f8bcaa2024894.jpg
ERROR - 2025-07-15 09:56:29 --> File not found: C:\xampp\htdocs\websitebinan\writable\uploads\CITYOFFICIAL\1721633230_24b875bacabca2e1a285.jpg
ERROR - 2025-07-15 09:56:35 --> File not found: C:\xampp\htdocs\websitebinan\writable\uploads\CITYOFFICIAL\1752544588_cfa87e1f8bcaa2024894.jpg
ERROR - 2025-07-15 09:56:35 --> File not found: C:\xampp\htdocs\websitebinan\writable\uploads\CITYOFFICIAL\1721909111_82499fb5320f586c67f5.jpg
ERROR - 2025-07-15 09:56:35 --> File not found: C:\xampp\htdocs\websitebinan\writable\uploads\CITYOFFICIAL\1721633230_24b875bacabca2e1a285.jpg
ERROR - 2025-07-15 09:56:49 --> File not found: C:\xampp\htdocs\websitebinan\writable\uploads\CITYOFFICIAL\1721909111_82499fb5320f586c67f5.jpg
ERROR - 2025-07-15 09:56:49 --> File not found: C:\xampp\htdocs\websitebinan\writable\uploads\CITYOFFICIAL\1752544588_cfa87e1f8bcaa2024894.jpg
ERROR - 2025-07-15 09:56:50 --> File not found: C:\xampp\htdocs\websitebinan\writable\uploads\CITYOFFICIAL\1721633230_24b875bacabca2e1a285.jpg
