CRITICAL - 2025-06-03 17:39:06 --> Cannot access offset of type string on string
in APPPATH\Views\header.php on line 221.
 1 APPPATH\Views\history.php(18): include_header('History', [...])
 2 SYSTEMPATH\View\View.php(213): include('APPPATH\\Views\\history.php')
 3 SYSTEMPATH\View\View.php(216): CodeIgniter\View\View->CodeIgniter\View\{closure}()
 4 SYSTEMPATH\Common.php(1184): CodeIgniter\View\View->render('history', [], true)
 5 APPPATH\Controllers\Home.php(293): view('history', [...])
 6 SYSTEMPATH\CodeIgniter.php(934): App\Controllers\Home->history()
 7 SYSTEMPATH\CodeIgniter.php(499): CodeIgniter\CodeIgniter->runController(Object(App\Controllers\Home))
 8 SYSTEMPATH\CodeIgniter.php(368): CodeIgniter\CodeIgniter->handleRequest(null, Object(Config\Cache), false)
 9 FCPATH\index.php(67): CodeIgniter\CodeIgniter->run()
CRITICAL - 2025-06-03 17:39:08 --> Cannot access offset of type string on string
in APPPATH\Views\header.php on line 221.
 1 APPPATH\Views\history.php(18): include_header('History', [...])
 2 SYSTEMPATH\View\View.php(213): include('APPPATH\\Views\\history.php')
 3 SYSTEMPATH\View\View.php(216): CodeIgniter\View\View->CodeIgniter\View\{closure}()
 4 SYSTEMPATH\Common.php(1184): CodeIgniter\View\View->render('history', [], true)
 5 APPPATH\Controllers\Home.php(293): view('history', [...])
 6 SYSTEMPATH\CodeIgniter.php(934): App\Controllers\Home->history()
 7 SYSTEMPATH\CodeIgniter.php(499): CodeIgniter\CodeIgniter->runController(Object(App\Controllers\Home))
 8 SYSTEMPATH\CodeIgniter.php(368): CodeIgniter\CodeIgniter->handleRequest(null, Object(Config\Cache), false)
 9 FCPATH\index.php(67): CodeIgniter\CodeIgniter->run()
CRITICAL - 2025-06-03 17:39:14 --> Cannot access offset of type string on string
in APPPATH\Views\header.php on line 221.
 1 APPPATH\Views\history.php(18): include_header('History', [...])
 2 SYSTEMPATH\View\View.php(213): include('APPPATH\\Views\\history.php')
 3 SYSTEMPATH\View\View.php(216): CodeIgniter\View\View->CodeIgniter\View\{closure}()
 4 SYSTEMPATH\Common.php(1184): CodeIgniter\View\View->render('history', [], true)
 5 APPPATH\Controllers\Home.php(293): view('history', [...])
 6 SYSTEMPATH\CodeIgniter.php(934): App\Controllers\Home->history()
 7 SYSTEMPATH\CodeIgniter.php(499): CodeIgniter\CodeIgniter->runController(Object(App\Controllers\Home))
 8 SYSTEMPATH\CodeIgniter.php(368): CodeIgniter\CodeIgniter->handleRequest(null, Object(Config\Cache), false)
 9 FCPATH\index.php(67): CodeIgniter\CodeIgniter->run()
CRITICAL - 2025-06-03 17:39:15 --> Cannot access offset of type string on string
in APPPATH\Views\header.php on line 221.
 1 APPPATH\Views\history.php(18): include_header('History', [...])
 2 SYSTEMPATH\View\View.php(213): include('APPPATH\\Views\\history.php')
 3 SYSTEMPATH\View\View.php(216): CodeIgniter\View\View->CodeIgniter\View\{closure}()
 4 SYSTEMPATH\Common.php(1184): CodeIgniter\View\View->render('history', [], true)
 5 APPPATH\Controllers\Home.php(293): view('history', [...])
 6 SYSTEMPATH\CodeIgniter.php(934): App\Controllers\Home->history()
 7 SYSTEMPATH\CodeIgniter.php(499): CodeIgniter\CodeIgniter->runController(Object(App\Controllers\Home))
 8 SYSTEMPATH\CodeIgniter.php(368): CodeIgniter\CodeIgniter->handleRequest(null, Object(Config\Cache), false)
 9 FCPATH\index.php(67): CodeIgniter\CodeIgniter->run()
CRITICAL - 2025-06-03 17:39:30 --> Cannot access offset of type string on string
in APPPATH\Views\header.php on line 221.
 1 APPPATH\Views\history.php(18): include_header('History', [...])
 2 SYSTEMPATH\View\View.php(213): include('APPPATH\\Views\\history.php')
 3 SYSTEMPATH\View\View.php(216): CodeIgniter\View\View->CodeIgniter\View\{closure}()
 4 SYSTEMPATH\Common.php(1184): CodeIgniter\View\View->render('history', [], true)
 5 APPPATH\Controllers\Home.php(293): view('history', [...])
 6 SYSTEMPATH\CodeIgniter.php(934): App\Controllers\Home->history()
 7 SYSTEMPATH\CodeIgniter.php(499): CodeIgniter\CodeIgniter->runController(Object(App\Controllers\Home))
 8 SYSTEMPATH\CodeIgniter.php(368): CodeIgniter\CodeIgniter->handleRequest(null, Object(Config\Cache), false)
 9 FCPATH\index.php(67): CodeIgniter\CodeIgniter->run()
ERROR - 2025-06-03 17:46:59 --> File not found: C:\xampp\htdocs\websitebinan\writable\uploads\BARANGAY\1720746953_c16b624dbe13ffd351fc.jpg
ERROR - 2025-06-03 17:47:13 --> File not found: C:\xampp\htdocs\websitebinan\writable\uploads\BARANGAY\1720746953_c16b624dbe13ffd351fc.jpg
ERROR - 2025-06-03 17:47:14 --> File not found: C:\xampp\htdocs\websitebinan\writable\uploads\BARANGAY\1720746953_c16b624dbe13ffd351fc.jpg
CRITICAL - 2025-06-03 17:49:45 --> Call to undefined function include_header()
in APPPATH\Views\careers_page.php on line 17.
 1 SYSTEMPATH\View\View.php(213): include()
 2 SYSTEMPATH\View\View.php(216): CodeIgniter\View\View->CodeIgniter\View\{closure}()
 3 SYSTEMPATH\Common.php(1184): CodeIgniter\View\View->render('careers_page', [], true)
 4 APPPATH\Controllers\Home.php(181): view('careers_page', [...])
 5 SYSTEMPATH\CodeIgniter.php(934): App\Controllers\Home->careers()
 6 SYSTEMPATH\CodeIgniter.php(499): CodeIgniter\CodeIgniter->runController(Object(App\Controllers\Home))
 7 SYSTEMPATH\CodeIgniter.php(368): CodeIgniter\CodeIgniter->handleRequest(null, Object(Config\Cache), false)
 8 FCPATH\index.php(67): CodeIgniter\CodeIgniter->run()
CRITICAL - 2025-06-03 17:49:47 --> Call to undefined function include_header()
in APPPATH\Views\careers_page.php on line 17.
 1 SYSTEMPATH\View\View.php(213): include()
 2 SYSTEMPATH\View\View.php(216): CodeIgniter\View\View->CodeIgniter\View\{closure}()
 3 SYSTEMPATH\Common.php(1184): CodeIgniter\View\View->render('careers_page', [], true)
 4 APPPATH\Controllers\Home.php(181): view('careers_page', [...])
 5 SYSTEMPATH\CodeIgniter.php(934): App\Controllers\Home->careers()
 6 SYSTEMPATH\CodeIgniter.php(499): CodeIgniter\CodeIgniter->runController(Object(App\Controllers\Home))
 7 SYSTEMPATH\CodeIgniter.php(368): CodeIgniter\CodeIgniter->handleRequest(null, Object(Config\Cache), false)
 8 FCPATH\index.php(67): CodeIgniter\CodeIgniter->run()
CRITICAL - 2025-06-03 17:49:55 --> Call to undefined function include_header()
in APPPATH\Views\careers_page.php on line 17.
 1 SYSTEMPATH\View\View.php(213): include()
 2 SYSTEMPATH\View\View.php(216): CodeIgniter\View\View->CodeIgniter\View\{closure}()
 3 SYSTEMPATH\Common.php(1184): CodeIgniter\View\View->render('careers_page', [], true)
 4 APPPATH\Controllers\Home.php(181): view('careers_page', [...])
 5 SYSTEMPATH\CodeIgniter.php(934): App\Controllers\Home->careers()
 6 SYSTEMPATH\CodeIgniter.php(499): CodeIgniter\CodeIgniter->runController(Object(App\Controllers\Home))
 7 SYSTEMPATH\CodeIgniter.php(368): CodeIgniter\CodeIgniter->handleRequest(null, Object(Config\Cache), false)
 8 FCPATH\index.php(67): CodeIgniter\CodeIgniter->run()
CRITICAL - 2025-06-03 17:50:09 --> Call to undefined function include_header()
in APPPATH\Views\careers_page.php on line 17.
 1 SYSTEMPATH\View\View.php(213): include()
 2 SYSTEMPATH\View\View.php(216): CodeIgniter\View\View->CodeIgniter\View\{closure}()
 3 SYSTEMPATH\Common.php(1184): CodeIgniter\View\View->render('careers_page', [], true)
 4 APPPATH\Controllers\Home.php(181): view('careers_page', [...])
 5 SYSTEMPATH\CodeIgniter.php(934): App\Controllers\Home->careers()
 6 SYSTEMPATH\CodeIgniter.php(499): CodeIgniter\CodeIgniter->runController(Object(App\Controllers\Home))
 7 SYSTEMPATH\CodeIgniter.php(368): CodeIgniter\CodeIgniter->handleRequest(null, Object(Config\Cache), false)
 8 FCPATH\index.php(67): CodeIgniter\CodeIgniter->run()
CRITICAL - 2025-06-03 17:50:47 --> Call to undefined function include_header()
in APPPATH\Views\careers_page.php on line 18.
 1 SYSTEMPATH\View\View.php(213): include()
 2 SYSTEMPATH\View\View.php(216): CodeIgniter\View\View->CodeIgniter\View\{closure}()
 3 SYSTEMPATH\Common.php(1184): CodeIgniter\View\View->render('careers_page', [], true)
 4 APPPATH\Controllers\Home.php(181): view('careers_page', [...])
 5 SYSTEMPATH\CodeIgniter.php(934): App\Controllers\Home->careers()
 6 SYSTEMPATH\CodeIgniter.php(499): CodeIgniter\CodeIgniter->runController(Object(App\Controllers\Home))
 7 SYSTEMPATH\CodeIgniter.php(368): CodeIgniter\CodeIgniter->handleRequest(null, Object(Config\Cache), false)
 8 FCPATH\index.php(67): CodeIgniter\CodeIgniter->run()
CRITICAL - 2025-06-03 17:51:21 --> Call to undefined function include_header()
in APPPATH\Views\careers_page.php on line 18.
 1 SYSTEMPATH\View\View.php(213): include()
 2 SYSTEMPATH\View\View.php(216): CodeIgniter\View\View->CodeIgniter\View\{closure}()
 3 SYSTEMPATH\Common.php(1184): CodeIgniter\View\View->render('careers_page', [], true)
 4 APPPATH\Controllers\Home.php(181): view('careers_page', [...])
 5 SYSTEMPATH\CodeIgniter.php(934): App\Controllers\Home->careers()
 6 SYSTEMPATH\CodeIgniter.php(499): CodeIgniter\CodeIgniter->runController(Object(App\Controllers\Home))
 7 SYSTEMPATH\CodeIgniter.php(368): CodeIgniter\CodeIgniter->handleRequest(null, Object(Config\Cache), false)
 8 FCPATH\index.php(67): CodeIgniter\CodeIgniter->run()
CRITICAL - 2025-06-03 17:52:14 --> Call to undefined function include_header()
in APPPATH\Views\about_page.php on line 18.
 1 SYSTEMPATH\View\View.php(213): include()
 2 SYSTEMPATH\View\View.php(216): CodeIgniter\View\View->CodeIgniter\View\{closure}()
 3 SYSTEMPATH\Common.php(1184): CodeIgniter\View\View->render('about_page', [], true)
 4 APPPATH\Controllers\Home.php(160): view('about_page', [...])
 5 SYSTEMPATH\CodeIgniter.php(934): App\Controllers\Home->about()
 6 SYSTEMPATH\CodeIgniter.php(499): CodeIgniter\CodeIgniter->runController(Object(App\Controllers\Home))
 7 SYSTEMPATH\CodeIgniter.php(368): CodeIgniter\CodeIgniter->handleRequest(null, Object(Config\Cache), false)
 8 FCPATH\index.php(67): CodeIgniter\CodeIgniter->run()
CRITICAL - 2025-06-03 17:52:25 --> Call to undefined function include_header()
in APPPATH\Views\about_page.php on line 18.
 1 SYSTEMPATH\View\View.php(213): include()
 2 SYSTEMPATH\View\View.php(216): CodeIgniter\View\View->CodeIgniter\View\{closure}()
 3 SYSTEMPATH\Common.php(1184): CodeIgniter\View\View->render('about_page', [], true)
 4 APPPATH\Controllers\Home.php(160): view('about_page', [...])
 5 SYSTEMPATH\CodeIgniter.php(934): App\Controllers\Home->about()
 6 SYSTEMPATH\CodeIgniter.php(499): CodeIgniter\CodeIgniter->runController(Object(App\Controllers\Home))
 7 SYSTEMPATH\CodeIgniter.php(368): CodeIgniter\CodeIgniter->handleRequest(null, Object(Config\Cache), false)
 8 FCPATH\index.php(67): CodeIgniter\CodeIgniter->run()
CRITICAL - 2025-06-03 17:52:26 --> Call to undefined function include_header()
in APPPATH\Views\about_page.php on line 18.
 1 SYSTEMPATH\View\View.php(213): include()
 2 SYSTEMPATH\View\View.php(216): CodeIgniter\View\View->CodeIgniter\View\{closure}()
 3 SYSTEMPATH\Common.php(1184): CodeIgniter\View\View->render('about_page', [], true)
 4 APPPATH\Controllers\Home.php(160): view('about_page', [...])
 5 SYSTEMPATH\CodeIgniter.php(934): App\Controllers\Home->about()
 6 SYSTEMPATH\CodeIgniter.php(499): CodeIgniter\CodeIgniter->runController(Object(App\Controllers\Home))
 7 SYSTEMPATH\CodeIgniter.php(368): CodeIgniter\CodeIgniter->handleRequest(null, Object(Config\Cache), false)
 8 FCPATH\index.php(67): CodeIgniter\CodeIgniter->run()
CRITICAL - 2025-06-03 17:52:26 --> Call to undefined function include_header()
in APPPATH\Views\about_page.php on line 18.
 1 SYSTEMPATH\View\View.php(213): include()
 2 SYSTEMPATH\View\View.php(216): CodeIgniter\View\View->CodeIgniter\View\{closure}()
 3 SYSTEMPATH\Common.php(1184): CodeIgniter\View\View->render('about_page', [], true)
 4 APPPATH\Controllers\Home.php(160): view('about_page', [...])
 5 SYSTEMPATH\CodeIgniter.php(934): App\Controllers\Home->about()
 6 SYSTEMPATH\CodeIgniter.php(499): CodeIgniter\CodeIgniter->runController(Object(App\Controllers\Home))
 7 SYSTEMPATH\CodeIgniter.php(368): CodeIgniter\CodeIgniter->handleRequest(null, Object(Config\Cache), false)
 8 FCPATH\index.php(67): CodeIgniter\CodeIgniter->run()
CRITICAL - 2025-06-03 17:54:13 --> Call to undefined function include_header()
in APPPATH\Views\about_page.php on line 18.
 1 SYSTEMPATH\View\View.php(213): include()
 2 SYSTEMPATH\View\View.php(216): CodeIgniter\View\View->CodeIgniter\View\{closure}()
 3 SYSTEMPATH\Common.php(1184): CodeIgniter\View\View->render('about_page', [], true)
 4 APPPATH\Controllers\Home.php(160): view('about_page', [...])
 5 SYSTEMPATH\CodeIgniter.php(934): App\Controllers\Home->about()
 6 SYSTEMPATH\CodeIgniter.php(499): CodeIgniter\CodeIgniter->runController(Object(App\Controllers\Home))
 7 SYSTEMPATH\CodeIgniter.php(368): CodeIgniter\CodeIgniter->handleRequest(null, Object(Config\Cache), false)
 8 FCPATH\index.php(67): CodeIgniter\CodeIgniter->run()
ERROR - 2025-06-03 18:24:56 --> File not found: C:\xampp\htdocs\websitebinan\writable\uploads\INVEST\Business Directory
ERROR - 2025-06-03 18:28:17 --> File not found: C:\xampp\htdocs\websitebinan\writable\uploads\INVEST\Business Directory
ERROR - 2025-06-03 18:28:19 --> File not found: C:\xampp\htdocs\websitebinan\writable\uploads\INVEST\Local Revenue Code
ERROR - 2025-06-03 18:28:21 --> File not found: C:\xampp\htdocs\websitebinan\writable\uploads\INVEST\Market Value
ERROR - 2025-06-03 18:28:23 --> File not found: C:\xampp\htdocs\websitebinan\writable\uploads\INVEST\Local Investment and Incentive Code
