ERROR - 2025-06-20 08:24:29 --> mysqli_sql_exception: MySQL server has gone away in C:\xampp\htdocs\websitebinan\system\Database\MySQLi\Connection.php:295
Stack trace:
#0 C:\xampp\htdocs\websitebinan\system\Database\MySQLi\Connection.php(295): mysqli->query('SELECT *\nFROM `...', 0)
#1 C:\xampp\htdocs\websitebinan\system\Database\BaseConnection.php(691): CodeIgniter\Database\MySQLi\Connection->execute('SELECT *\nFROM `...')
#2 C:\xampp\htdocs\websitebinan\system\Database\BaseConnection.php(605): CodeIgniter\Database\BaseConnection->simpleQuery('SELECT *\nFROM `...')
#3 C:\xampp\htdocs\websitebinan\system\Database\BaseBuilder.php(1616): CodeIgniter\Database\BaseConnection->query('SELECT *\nFROM `...', Array, false)
#4 C:\xampp\htdocs\websitebinan\system\Model.php(241): CodeIgniter\Database\BaseBuilder->get()
#5 C:\xampp\htdocs\websitebinan\system\BaseModel.php(618): CodeIgniter\Model->doFindAll(0, 0)
#6 C:\xampp\htdocs\websitebinan\app\Controllers\Home.php(201): CodeIgniter\BaseModel->findAll()
#7 C:\xampp\htdocs\websitebinan\system\CodeIgniter.php(934): App\Controllers\Home->officials()
#8 C:\xampp\htdocs\websitebinan\system\CodeIgniter.php(499): CodeIgniter\CodeIgniter->runController(Object(App\Controllers\Home))
#9 C:\xampp\htdocs\websitebinan\system\CodeIgniter.php(368): CodeIgniter\CodeIgniter->handleRequest(NULL, Object(Config\Cache), false)
#10 C:\xampp\htdocs\websitebinan\public\index.php(67): CodeIgniter\CodeIgniter->run()
#11 {main}
CRITICAL - 2025-06-20 08:24:29 --> MySQL server has gone away
in SYSTEMPATH\Database\BaseConnection.php on line 645.
 1 SYSTEMPATH\Database\BaseBuilder.php(1616): CodeIgniter\Database\BaseConnection->query('SELECT *
FROM `officials_content`
WHERE `status` = :status:', [...], false)
 2 SYSTEMPATH\Model.php(241): CodeIgniter\Database\BaseBuilder->get()
 3 SYSTEMPATH\BaseModel.php(618): CodeIgniter\Model->doFindAll(0, 0)
 4 APPPATH\Controllers\Home.php(201): CodeIgniter\BaseModel->findAll()
 5 SYSTEMPATH\CodeIgniter.php(934): App\Controllers\Home->officials()
 6 SYSTEMPATH\CodeIgniter.php(499): CodeIgniter\CodeIgniter->runController(Object(App\Controllers\Home))
 7 SYSTEMPATH\CodeIgniter.php(368): CodeIgniter\CodeIgniter->handleRequest(null, Object(Config\Cache), false)
 8 FCPATH\index.php(67): CodeIgniter\CodeIgniter->run()
ERROR - 2025-06-20 08:24:43 --> Error connecting to the database: mysqli_sql_exception: No connection could be made because the target machine actively refused it in C:\xampp\htdocs\websitebinan\system\Database\MySQLi\Connection.php:173
Stack trace:
#0 C:\xampp\htdocs\websitebinan\system\Database\MySQLi\Connection.php(173): mysqli->real_connect('localhost', 'root', Object(SensitiveParameterValue), 'websitebinan', 3306, '', 0)
#1 C:\xampp\htdocs\websitebinan\system\Database\BaseConnection.php(391): CodeIgniter\Database\MySQLi\Connection->connect(false)
#2 C:\xampp\htdocs\websitebinan\system\Database\BaseConnection.php(573): CodeIgniter\Database\BaseConnection->initialize()
#3 C:\xampp\htdocs\websitebinan\system\Database\BaseBuilder.php(1616): CodeIgniter\Database\BaseConnection->query('SELECT *\nFROM `...', Array, false)
#4 C:\xampp\htdocs\websitebinan\system\Model.php(268): CodeIgniter\Database\BaseBuilder->get()
#5 C:\xampp\htdocs\websitebinan\system\BaseModel.php(656): CodeIgniter\Model->doFirst()
#6 C:\xampp\htdocs\websitebinan\app\Models\VisitCountModel.php(16): CodeIgniter\BaseModel->first()
#7 C:\xampp\htdocs\websitebinan\app\Filters\VisitCounter.php(16): App\Models\VisitCountModel->incrementVisitCount('::1')
#8 C:\xampp\htdocs\websitebinan\system\Filters\Filters.php(173): App\Filters\VisitCounter->before(Object(CodeIgniter\HTTP\IncomingRequest), NULL)
#9 C:\xampp\htdocs\websitebinan\system\CodeIgniter.php(473): CodeIgniter\Filters\Filters->run('officials', 'before')
#10 C:\xampp\htdocs\websitebinan\system\CodeIgniter.php(368): CodeIgniter\CodeIgniter->handleRequest(NULL, Object(Config\Cache), false)
#11 C:\xampp\htdocs\websitebinan\public\index.php(67): CodeIgniter\CodeIgniter->run()
#12 {main}

Next CodeIgniter\Database\Exceptions\DatabaseException: No connection could be made because the target machine actively refused it in C:\xampp\htdocs\websitebinan\system\Database\MySQLi\Connection.php:218
Stack trace:
#0 C:\xampp\htdocs\websitebinan\system\Database\BaseConnection.php(391): CodeIgniter\Database\MySQLi\Connection->connect(false)
#1 C:\xampp\htdocs\websitebinan\system\Database\BaseConnection.php(573): CodeIgniter\Database\BaseConnection->initialize()
#2 C:\xampp\htdocs\websitebinan\system\Database\BaseBuilder.php(1616): CodeIgniter\Database\BaseConnection->query('SELECT *\nFROM `...', Array, false)
#3 C:\xampp\htdocs\websitebinan\system\Model.php(268): CodeIgniter\Database\BaseBuilder->get()
#4 C:\xampp\htdocs\websitebinan\system\BaseModel.php(656): CodeIgniter\Model->doFirst()
#5 C:\xampp\htdocs\websitebinan\app\Models\VisitCountModel.php(16): CodeIgniter\BaseModel->first()
#6 C:\xampp\htdocs\websitebinan\app\Filters\VisitCounter.php(16): App\Models\VisitCountModel->incrementVisitCount('::1')
#7 C:\xampp\htdocs\websitebinan\system\Filters\Filters.php(173): App\Filters\VisitCounter->before(Object(CodeIgniter\HTTP\IncomingRequest), NULL)
#8 C:\xampp\htdocs\websitebinan\system\CodeIgniter.php(473): CodeIgniter\Filters\Filters->run('officials', 'before')
#9 C:\xampp\htdocs\websitebinan\system\CodeIgniter.php(368): CodeIgniter\CodeIgniter->handleRequest(NULL, Object(Config\Cache), false)
#10 C:\xampp\htdocs\websitebinan\public\index.php(67): CodeIgniter\CodeIgniter->run()
#11 {main}
CRITICAL - 2025-06-20 08:24:43 --> Unable to connect to the database.
Main connection [MySQLi]: No connection could be made because the target machine actively refused it
in SYSTEMPATH\Database\BaseConnection.php on line 427.
 1 SYSTEMPATH\Database\BaseConnection.php(573): CodeIgniter\Database\BaseConnection->initialize()
 2 SYSTEMPATH\Database\BaseBuilder.php(1616): CodeIgniter\Database\BaseConnection->query('SELECT *
FROM `visit_counts`
WHERE `visit_date` = :visit_date:
AND `ip_address` = :ip_address:
 LIMIT 1', [...], false)
 3 SYSTEMPATH\Model.php(268): CodeIgniter\Database\BaseBuilder->get()
 4 SYSTEMPATH\BaseModel.php(656): CodeIgniter\Model->doFirst()
 5 APPPATH\Models\VisitCountModel.php(16): CodeIgniter\BaseModel->first()
 6 APPPATH\Filters\VisitCounter.php(16): App\Models\VisitCountModel->incrementVisitCount('::1')
 7 SYSTEMPATH\Filters\Filters.php(173): App\Filters\VisitCounter->before(Object(CodeIgniter\HTTP\IncomingRequest), null)
 8 SYSTEMPATH\CodeIgniter.php(473): CodeIgniter\Filters\Filters->run('officials', 'before')
 9 SYSTEMPATH\CodeIgniter.php(368): CodeIgniter\CodeIgniter->handleRequest(null, Object(Config\Cache), false)
10 FCPATH\index.php(67): CodeIgniter\CodeIgniter->run()
ERROR - 2025-06-20 08:32:13 --> Error connecting to the database: mysqli_sql_exception: No connection could be made because the target machine actively refused it in C:\xampp\htdocs\websitebinan\system\Database\MySQLi\Connection.php:173
Stack trace:
#0 C:\xampp\htdocs\websitebinan\system\Database\MySQLi\Connection.php(173): mysqli->real_connect('localhost', 'root', Object(SensitiveParameterValue), 'websitebinan', 3306, '', 0)
#1 C:\xampp\htdocs\websitebinan\system\Database\BaseConnection.php(391): CodeIgniter\Database\MySQLi\Connection->connect(false)
#2 C:\xampp\htdocs\websitebinan\system\Database\BaseConnection.php(573): CodeIgniter\Database\BaseConnection->initialize()
#3 C:\xampp\htdocs\websitebinan\system\Database\BaseBuilder.php(1616): CodeIgniter\Database\BaseConnection->query('SELECT *\nFROM `...', Array, false)
#4 C:\xampp\htdocs\websitebinan\system\Model.php(268): CodeIgniter\Database\BaseBuilder->get()
#5 C:\xampp\htdocs\websitebinan\system\BaseModel.php(656): CodeIgniter\Model->doFirst()
#6 C:\xampp\htdocs\websitebinan\app\Models\VisitCountModel.php(16): CodeIgniter\BaseModel->first()
#7 C:\xampp\htdocs\websitebinan\app\Filters\VisitCounter.php(16): App\Models\VisitCountModel->incrementVisitCount('::1')
#8 C:\xampp\htdocs\websitebinan\system\Filters\Filters.php(173): App\Filters\VisitCounter->before(Object(CodeIgniter\HTTP\IncomingRequest), NULL)
#9 C:\xampp\htdocs\websitebinan\system\CodeIgniter.php(473): CodeIgniter\Filters\Filters->run('mayor', 'before')
#10 C:\xampp\htdocs\websitebinan\system\CodeIgniter.php(368): CodeIgniter\CodeIgniter->handleRequest(NULL, Object(Config\Cache), false)
#11 C:\xampp\htdocs\websitebinan\public\index.php(67): CodeIgniter\CodeIgniter->run()
#12 {main}

Next CodeIgniter\Database\Exceptions\DatabaseException: No connection could be made because the target machine actively refused it in C:\xampp\htdocs\websitebinan\system\Database\MySQLi\Connection.php:218
Stack trace:
#0 C:\xampp\htdocs\websitebinan\system\Database\BaseConnection.php(391): CodeIgniter\Database\MySQLi\Connection->connect(false)
#1 C:\xampp\htdocs\websitebinan\system\Database\BaseConnection.php(573): CodeIgniter\Database\BaseConnection->initialize()
#2 C:\xampp\htdocs\websitebinan\system\Database\BaseBuilder.php(1616): CodeIgniter\Database\BaseConnection->query('SELECT *\nFROM `...', Array, false)
#3 C:\xampp\htdocs\websitebinan\system\Model.php(268): CodeIgniter\Database\BaseBuilder->get()
#4 C:\xampp\htdocs\websitebinan\system\BaseModel.php(656): CodeIgniter\Model->doFirst()
#5 C:\xampp\htdocs\websitebinan\app\Models\VisitCountModel.php(16): CodeIgniter\BaseModel->first()
#6 C:\xampp\htdocs\websitebinan\app\Filters\VisitCounter.php(16): App\Models\VisitCountModel->incrementVisitCount('::1')
#7 C:\xampp\htdocs\websitebinan\system\Filters\Filters.php(173): App\Filters\VisitCounter->before(Object(CodeIgniter\HTTP\IncomingRequest), NULL)
#8 C:\xampp\htdocs\websitebinan\system\CodeIgniter.php(473): CodeIgniter\Filters\Filters->run('mayor', 'before')
#9 C:\xampp\htdocs\websitebinan\system\CodeIgniter.php(368): CodeIgniter\CodeIgniter->handleRequest(NULL, Object(Config\Cache), false)
#10 C:\xampp\htdocs\websitebinan\public\index.php(67): CodeIgniter\CodeIgniter->run()
#11 {main}
ERROR - 2025-06-20 08:32:13 --> Error connecting to the database: mysqli_sql_exception: No connection could be made because the target machine actively refused it in C:\xampp\htdocs\websitebinan\system\Database\MySQLi\Connection.php:173
Stack trace:
#0 C:\xampp\htdocs\websitebinan\system\Database\MySQLi\Connection.php(173): mysqli->real_connect('localhost', 'root', Object(SensitiveParameterValue), 'websitebinan', 3306, '', 0)
#1 C:\xampp\htdocs\websitebinan\system\Database\BaseConnection.php(391): CodeIgniter\Database\MySQLi\Connection->connect(false)
#2 C:\xampp\htdocs\websitebinan\system\Database\BaseConnection.php(573): CodeIgniter\Database\BaseConnection->initialize()
#3 C:\xampp\htdocs\websitebinan\system\Database\BaseBuilder.php(1616): CodeIgniter\Database\BaseConnection->query('SELECT *\nFROM `...', Array, false)
#4 C:\xampp\htdocs\websitebinan\system\Model.php(268): CodeIgniter\Database\BaseBuilder->get()
#5 C:\xampp\htdocs\websitebinan\system\BaseModel.php(656): CodeIgniter\Model->doFirst()
#6 C:\xampp\htdocs\websitebinan\app\Models\VisitCountModel.php(16): CodeIgniter\BaseModel->first()
#7 C:\xampp\htdocs\websitebinan\app\Filters\VisitCounter.php(16): App\Models\VisitCountModel->incrementVisitCount('::1')
#8 C:\xampp\htdocs\websitebinan\system\Filters\Filters.php(173): App\Filters\VisitCounter->before(Object(CodeIgniter\HTTP\IncomingRequest), NULL)
#9 C:\xampp\htdocs\websitebinan\system\CodeIgniter.php(473): CodeIgniter\Filters\Filters->run('officials', 'before')
#10 C:\xampp\htdocs\websitebinan\system\CodeIgniter.php(368): CodeIgniter\CodeIgniter->handleRequest(NULL, Object(Config\Cache), false)
#11 C:\xampp\htdocs\websitebinan\public\index.php(67): CodeIgniter\CodeIgniter->run()
#12 {main}

Next CodeIgniter\Database\Exceptions\DatabaseException: No connection could be made because the target machine actively refused it in C:\xampp\htdocs\websitebinan\system\Database\MySQLi\Connection.php:218
Stack trace:
#0 C:\xampp\htdocs\websitebinan\system\Database\BaseConnection.php(391): CodeIgniter\Database\MySQLi\Connection->connect(false)
#1 C:\xampp\htdocs\websitebinan\system\Database\BaseConnection.php(573): CodeIgniter\Database\BaseConnection->initialize()
#2 C:\xampp\htdocs\websitebinan\system\Database\BaseBuilder.php(1616): CodeIgniter\Database\BaseConnection->query('SELECT *\nFROM `...', Array, false)
#3 C:\xampp\htdocs\websitebinan\system\Model.php(268): CodeIgniter\Database\BaseBuilder->get()
#4 C:\xampp\htdocs\websitebinan\system\BaseModel.php(656): CodeIgniter\Model->doFirst()
#5 C:\xampp\htdocs\websitebinan\app\Models\VisitCountModel.php(16): CodeIgniter\BaseModel->first()
#6 C:\xampp\htdocs\websitebinan\app\Filters\VisitCounter.php(16): App\Models\VisitCountModel->incrementVisitCount('::1')
#7 C:\xampp\htdocs\websitebinan\system\Filters\Filters.php(173): App\Filters\VisitCounter->before(Object(CodeIgniter\HTTP\IncomingRequest), NULL)
#8 C:\xampp\htdocs\websitebinan\system\CodeIgniter.php(473): CodeIgniter\Filters\Filters->run('officials', 'before')
#9 C:\xampp\htdocs\websitebinan\system\CodeIgniter.php(368): CodeIgniter\CodeIgniter->handleRequest(NULL, Object(Config\Cache), false)
#10 C:\xampp\htdocs\websitebinan\public\index.php(67): CodeIgniter\CodeIgniter->run()
#11 {main}
ERROR - 2025-06-20 08:32:13 --> Error connecting to the database: mysqli_sql_exception: No connection could be made because the target machine actively refused it in C:\xampp\htdocs\websitebinan\system\Database\MySQLi\Connection.php:173
Stack trace:
#0 C:\xampp\htdocs\websitebinan\system\Database\MySQLi\Connection.php(173): mysqli->real_connect('localhost', 'root', Object(SensitiveParameterValue), 'websitebinan', 3306, '', 0)
#1 C:\xampp\htdocs\websitebinan\system\Database\BaseConnection.php(391): CodeIgniter\Database\MySQLi\Connection->connect(false)
#2 C:\xampp\htdocs\websitebinan\system\Database\BaseConnection.php(573): CodeIgniter\Database\BaseConnection->initialize()
#3 C:\xampp\htdocs\websitebinan\system\Database\BaseBuilder.php(1616): CodeIgniter\Database\BaseConnection->query('SELECT *\nFROM `...', Array, false)
#4 C:\xampp\htdocs\websitebinan\system\Model.php(268): CodeIgniter\Database\BaseBuilder->get()
#5 C:\xampp\htdocs\websitebinan\system\BaseModel.php(656): CodeIgniter\Model->doFirst()
#6 C:\xampp\htdocs\websitebinan\app\Models\VisitCountModel.php(16): CodeIgniter\BaseModel->first()
#7 C:\xampp\htdocs\websitebinan\app\Filters\VisitCounter.php(16): App\Models\VisitCountModel->incrementVisitCount('::1')
#8 C:\xampp\htdocs\websitebinan\system\Filters\Filters.php(173): App\Filters\VisitCounter->before(Object(CodeIgniter\HTTP\IncomingRequest), NULL)
#9 C:\xampp\htdocs\websitebinan\system\CodeIgniter.php(473): CodeIgniter\Filters\Filters->run('home', 'before')
#10 C:\xampp\htdocs\websitebinan\system\CodeIgniter.php(368): CodeIgniter\CodeIgniter->handleRequest(NULL, Object(Config\Cache), false)
#11 C:\xampp\htdocs\websitebinan\public\index.php(67): CodeIgniter\CodeIgniter->run()
#12 {main}

Next CodeIgniter\Database\Exceptions\DatabaseException: No connection could be made because the target machine actively refused it in C:\xampp\htdocs\websitebinan\system\Database\MySQLi\Connection.php:218
Stack trace:
#0 C:\xampp\htdocs\websitebinan\system\Database\BaseConnection.php(391): CodeIgniter\Database\MySQLi\Connection->connect(false)
#1 C:\xampp\htdocs\websitebinan\system\Database\BaseConnection.php(573): CodeIgniter\Database\BaseConnection->initialize()
#2 C:\xampp\htdocs\websitebinan\system\Database\BaseBuilder.php(1616): CodeIgniter\Database\BaseConnection->query('SELECT *\nFROM `...', Array, false)
#3 C:\xampp\htdocs\websitebinan\system\Model.php(268): CodeIgniter\Database\BaseBuilder->get()
#4 C:\xampp\htdocs\websitebinan\system\BaseModel.php(656): CodeIgniter\Model->doFirst()
#5 C:\xampp\htdocs\websitebinan\app\Models\VisitCountModel.php(16): CodeIgniter\BaseModel->first()
#6 C:\xampp\htdocs\websitebinan\app\Filters\VisitCounter.php(16): App\Models\VisitCountModel->incrementVisitCount('::1')
#7 C:\xampp\htdocs\websitebinan\system\Filters\Filters.php(173): App\Filters\VisitCounter->before(Object(CodeIgniter\HTTP\IncomingRequest), NULL)
#8 C:\xampp\htdocs\websitebinan\system\CodeIgniter.php(473): CodeIgniter\Filters\Filters->run('home', 'before')
#9 C:\xampp\htdocs\websitebinan\system\CodeIgniter.php(368): CodeIgniter\CodeIgniter->handleRequest(NULL, Object(Config\Cache), false)
#10 C:\xampp\htdocs\websitebinan\public\index.php(67): CodeIgniter\CodeIgniter->run()
#11 {main}
CRITICAL - 2025-06-20 08:32:13 --> Unable to connect to the database.
Main connection [MySQLi]: No connection could be made because the target machine actively refused it
in SYSTEMPATH\Database\BaseConnection.php on line 427.
 1 SYSTEMPATH\Database\BaseConnection.php(573): CodeIgniter\Database\BaseConnection->initialize()
 2 SYSTEMPATH\Database\BaseBuilder.php(1616): CodeIgniter\Database\BaseConnection->query('SELECT *
FROM `visit_counts`
WHERE `visit_date` = :visit_date:
AND `ip_address` = :ip_address:
 LIMIT 1', [...], false)
 3 SYSTEMPATH\Model.php(268): CodeIgniter\Database\BaseBuilder->get()
 4 SYSTEMPATH\BaseModel.php(656): CodeIgniter\Model->doFirst()
 5 APPPATH\Models\VisitCountModel.php(16): CodeIgniter\BaseModel->first()
 6 APPPATH\Filters\VisitCounter.php(16): App\Models\VisitCountModel->incrementVisitCount('::1')
 7 SYSTEMPATH\Filters\Filters.php(173): App\Filters\VisitCounter->before(Object(CodeIgniter\HTTP\IncomingRequest), null)
 8 SYSTEMPATH\CodeIgniter.php(473): CodeIgniter\Filters\Filters->run('mayor', 'before')
 9 SYSTEMPATH\CodeIgniter.php(368): CodeIgniter\CodeIgniter->handleRequest(null, Object(Config\Cache), false)
10 FCPATH\index.php(67): CodeIgniter\CodeIgniter->run()
CRITICAL - 2025-06-20 08:32:13 --> Unable to connect to the database.
Main connection [MySQLi]: No connection could be made because the target machine actively refused it
in SYSTEMPATH\Database\BaseConnection.php on line 427.
 1 SYSTEMPATH\Database\BaseConnection.php(573): CodeIgniter\Database\BaseConnection->initialize()
 2 SYSTEMPATH\Database\BaseBuilder.php(1616): CodeIgniter\Database\BaseConnection->query('SELECT *
FROM `visit_counts`
WHERE `visit_date` = :visit_date:
AND `ip_address` = :ip_address:
 LIMIT 1', [...], false)
 3 SYSTEMPATH\Model.php(268): CodeIgniter\Database\BaseBuilder->get()
 4 SYSTEMPATH\BaseModel.php(656): CodeIgniter\Model->doFirst()
 5 APPPATH\Models\VisitCountModel.php(16): CodeIgniter\BaseModel->first()
 6 APPPATH\Filters\VisitCounter.php(16): App\Models\VisitCountModel->incrementVisitCount('::1')
 7 SYSTEMPATH\Filters\Filters.php(173): App\Filters\VisitCounter->before(Object(CodeIgniter\HTTP\IncomingRequest), null)
 8 SYSTEMPATH\CodeIgniter.php(473): CodeIgniter\Filters\Filters->run('officials', 'before')
 9 SYSTEMPATH\CodeIgniter.php(368): CodeIgniter\CodeIgniter->handleRequest(null, Object(Config\Cache), false)
10 FCPATH\index.php(67): CodeIgniter\CodeIgniter->run()
CRITICAL - 2025-06-20 08:32:13 --> Unable to connect to the database.
Main connection [MySQLi]: No connection could be made because the target machine actively refused it
in SYSTEMPATH\Database\BaseConnection.php on line 427.
 1 SYSTEMPATH\Database\BaseConnection.php(573): CodeIgniter\Database\BaseConnection->initialize()
 2 SYSTEMPATH\Database\BaseBuilder.php(1616): CodeIgniter\Database\BaseConnection->query('SELECT *
FROM `visit_counts`
WHERE `visit_date` = :visit_date:
AND `ip_address` = :ip_address:
 LIMIT 1', [...], false)
 3 SYSTEMPATH\Model.php(268): CodeIgniter\Database\BaseBuilder->get()
 4 SYSTEMPATH\BaseModel.php(656): CodeIgniter\Model->doFirst()
 5 APPPATH\Models\VisitCountModel.php(16): CodeIgniter\BaseModel->first()
 6 APPPATH\Filters\VisitCounter.php(16): App\Models\VisitCountModel->incrementVisitCount('::1')
 7 SYSTEMPATH\Filters\Filters.php(173): App\Filters\VisitCounter->before(Object(CodeIgniter\HTTP\IncomingRequest), null)
 8 SYSTEMPATH\CodeIgniter.php(473): CodeIgniter\Filters\Filters->run('home', 'before')
 9 SYSTEMPATH\CodeIgniter.php(368): CodeIgniter\CodeIgniter->handleRequest(null, Object(Config\Cache), false)
10 FCPATH\index.php(67): CodeIgniter\CodeIgniter->run()
ERROR - 2025-06-20 08:34:06 --> Error connecting to the database: mysqli_sql_exception: No connection could be made because the target machine actively refused it in C:\xampp\htdocs\websitebinan\system\Database\MySQLi\Connection.php:173
Stack trace:
#0 C:\xampp\htdocs\websitebinan\system\Database\MySQLi\Connection.php(173): mysqli->real_connect('localhost', 'root', Object(SensitiveParameterValue), 'websitebinan', 3306, '', 0)
#1 C:\xampp\htdocs\websitebinan\system\Database\BaseConnection.php(391): CodeIgniter\Database\MySQLi\Connection->connect(false)
#2 C:\xampp\htdocs\websitebinan\system\Database\BaseConnection.php(573): CodeIgniter\Database\BaseConnection->initialize()
#3 C:\xampp\htdocs\websitebinan\system\Database\BaseBuilder.php(1616): CodeIgniter\Database\BaseConnection->query('SELECT *\nFROM `...', Array, false)
#4 C:\xampp\htdocs\websitebinan\system\Model.php(268): CodeIgniter\Database\BaseBuilder->get()
#5 C:\xampp\htdocs\websitebinan\system\BaseModel.php(656): CodeIgniter\Model->doFirst()
#6 C:\xampp\htdocs\websitebinan\app\Models\VisitCountModel.php(16): CodeIgniter\BaseModel->first()
#7 C:\xampp\htdocs\websitebinan\app\Filters\VisitCounter.php(16): App\Models\VisitCountModel->incrementVisitCount('::1')
#8 C:\xampp\htdocs\websitebinan\system\Filters\Filters.php(173): App\Filters\VisitCounter->before(Object(CodeIgniter\HTTP\IncomingRequest), NULL)
#9 C:\xampp\htdocs\websitebinan\system\CodeIgniter.php(473): CodeIgniter\Filters\Filters->run('newseventsconte...', 'before')
#10 C:\xampp\htdocs\websitebinan\system\CodeIgniter.php(368): CodeIgniter\CodeIgniter->handleRequest(NULL, Object(Config\Cache), false)
#11 C:\xampp\htdocs\websitebinan\public\index.php(67): CodeIgniter\CodeIgniter->run()
#12 {main}

Next CodeIgniter\Database\Exceptions\DatabaseException: No connection could be made because the target machine actively refused it in C:\xampp\htdocs\websitebinan\system\Database\MySQLi\Connection.php:218
Stack trace:
#0 C:\xampp\htdocs\websitebinan\system\Database\BaseConnection.php(391): CodeIgniter\Database\MySQLi\Connection->connect(false)
#1 C:\xampp\htdocs\websitebinan\system\Database\BaseConnection.php(573): CodeIgniter\Database\BaseConnection->initialize()
#2 C:\xampp\htdocs\websitebinan\system\Database\BaseBuilder.php(1616): CodeIgniter\Database\BaseConnection->query('SELECT *\nFROM `...', Array, false)
#3 C:\xampp\htdocs\websitebinan\system\Model.php(268): CodeIgniter\Database\BaseBuilder->get()
#4 C:\xampp\htdocs\websitebinan\system\BaseModel.php(656): CodeIgniter\Model->doFirst()
#5 C:\xampp\htdocs\websitebinan\app\Models\VisitCountModel.php(16): CodeIgniter\BaseModel->first()
#6 C:\xampp\htdocs\websitebinan\app\Filters\VisitCounter.php(16): App\Models\VisitCountModel->incrementVisitCount('::1')
#7 C:\xampp\htdocs\websitebinan\system\Filters\Filters.php(173): App\Filters\VisitCounter->before(Object(CodeIgniter\HTTP\IncomingRequest), NULL)
#8 C:\xampp\htdocs\websitebinan\system\CodeIgniter.php(473): CodeIgniter\Filters\Filters->run('newseventsconte...', 'before')
#9 C:\xampp\htdocs\websitebinan\system\CodeIgniter.php(368): CodeIgniter\CodeIgniter->handleRequest(NULL, Object(Config\Cache), false)
#10 C:\xampp\htdocs\websitebinan\public\index.php(67): CodeIgniter\CodeIgniter->run()
#11 {main}
CRITICAL - 2025-06-20 08:34:06 --> Unable to connect to the database.
Main connection [MySQLi]: No connection could be made because the target machine actively refused it
in SYSTEMPATH\Database\BaseConnection.php on line 427.
 1 SYSTEMPATH\Database\BaseConnection.php(573): CodeIgniter\Database\BaseConnection->initialize()
 2 SYSTEMPATH\Database\BaseBuilder.php(1616): CodeIgniter\Database\BaseConnection->query('SELECT *
FROM `visit_counts`
WHERE `visit_date` = :visit_date:
AND `ip_address` = :ip_address:
 LIMIT 1', [...], false)
 3 SYSTEMPATH\Model.php(268): CodeIgniter\Database\BaseBuilder->get()
 4 SYSTEMPATH\BaseModel.php(656): CodeIgniter\Model->doFirst()
 5 APPPATH\Models\VisitCountModel.php(16): CodeIgniter\BaseModel->first()
 6 APPPATH\Filters\VisitCounter.php(16): App\Models\VisitCountModel->incrementVisitCount('::1')
 7 SYSTEMPATH\Filters\Filters.php(173): App\Filters\VisitCounter->before(Object(CodeIgniter\HTTP\IncomingRequest), null)
 8 SYSTEMPATH\CodeIgniter.php(473): CodeIgniter\Filters\Filters->run('newseventscontent/47', 'before')
 9 SYSTEMPATH\CodeIgniter.php(368): CodeIgniter\CodeIgniter->handleRequest(null, Object(Config\Cache), false)
10 FCPATH\index.php(67): CodeIgniter\CodeIgniter->run()
ERROR - 2025-06-20 08:34:23 --> Error connecting to the database: mysqli_sql_exception: No connection could be made because the target machine actively refused it in C:\xampp\htdocs\websitebinan\system\Database\MySQLi\Connection.php:173
Stack trace:
#0 C:\xampp\htdocs\websitebinan\system\Database\MySQLi\Connection.php(173): mysqli->real_connect('localhost', 'root', Object(SensitiveParameterValue), 'websitebinan', 3306, '', 0)
#1 C:\xampp\htdocs\websitebinan\system\Database\BaseConnection.php(391): CodeIgniter\Database\MySQLi\Connection->connect(false)
#2 C:\xampp\htdocs\websitebinan\system\Database\BaseConnection.php(573): CodeIgniter\Database\BaseConnection->initialize()
#3 C:\xampp\htdocs\websitebinan\system\Database\BaseBuilder.php(1616): CodeIgniter\Database\BaseConnection->query('SELECT *\nFROM `...', Array, false)
#4 C:\xampp\htdocs\websitebinan\system\Model.php(268): CodeIgniter\Database\BaseBuilder->get()
#5 C:\xampp\htdocs\websitebinan\system\BaseModel.php(656): CodeIgniter\Model->doFirst()
#6 C:\xampp\htdocs\websitebinan\app\Models\VisitCountModel.php(16): CodeIgniter\BaseModel->first()
#7 C:\xampp\htdocs\websitebinan\app\Filters\VisitCounter.php(16): App\Models\VisitCountModel->incrementVisitCount('::1')
#8 C:\xampp\htdocs\websitebinan\system\Filters\Filters.php(173): App\Filters\VisitCounter->before(Object(CodeIgniter\HTTP\IncomingRequest), NULL)
#9 C:\xampp\htdocs\websitebinan\system\CodeIgniter.php(473): CodeIgniter\Filters\Filters->run('newseventsconte...', 'before')
#10 C:\xampp\htdocs\websitebinan\system\CodeIgniter.php(368): CodeIgniter\CodeIgniter->handleRequest(NULL, Object(Config\Cache), false)
#11 C:\xampp\htdocs\websitebinan\public\index.php(67): CodeIgniter\CodeIgniter->run()
#12 {main}

Next CodeIgniter\Database\Exceptions\DatabaseException: No connection could be made because the target machine actively refused it in C:\xampp\htdocs\websitebinan\system\Database\MySQLi\Connection.php:218
Stack trace:
#0 C:\xampp\htdocs\websitebinan\system\Database\BaseConnection.php(391): CodeIgniter\Database\MySQLi\Connection->connect(false)
#1 C:\xampp\htdocs\websitebinan\system\Database\BaseConnection.php(573): CodeIgniter\Database\BaseConnection->initialize()
#2 C:\xampp\htdocs\websitebinan\system\Database\BaseBuilder.php(1616): CodeIgniter\Database\BaseConnection->query('SELECT *\nFROM `...', Array, false)
#3 C:\xampp\htdocs\websitebinan\system\Model.php(268): CodeIgniter\Database\BaseBuilder->get()
#4 C:\xampp\htdocs\websitebinan\system\BaseModel.php(656): CodeIgniter\Model->doFirst()
#5 C:\xampp\htdocs\websitebinan\app\Models\VisitCountModel.php(16): CodeIgniter\BaseModel->first()
#6 C:\xampp\htdocs\websitebinan\app\Filters\VisitCounter.php(16): App\Models\VisitCountModel->incrementVisitCount('::1')
#7 C:\xampp\htdocs\websitebinan\system\Filters\Filters.php(173): App\Filters\VisitCounter->before(Object(CodeIgniter\HTTP\IncomingRequest), NULL)
#8 C:\xampp\htdocs\websitebinan\system\CodeIgniter.php(473): CodeIgniter\Filters\Filters->run('newseventsconte...', 'before')
#9 C:\xampp\htdocs\websitebinan\system\CodeIgniter.php(368): CodeIgniter\CodeIgniter->handleRequest(NULL, Object(Config\Cache), false)
#10 C:\xampp\htdocs\websitebinan\public\index.php(67): CodeIgniter\CodeIgniter->run()
#11 {main}
CRITICAL - 2025-06-20 08:34:23 --> Unable to connect to the database.
Main connection [MySQLi]: No connection could be made because the target machine actively refused it
in SYSTEMPATH\Database\BaseConnection.php on line 427.
 1 SYSTEMPATH\Database\BaseConnection.php(573): CodeIgniter\Database\BaseConnection->initialize()
 2 SYSTEMPATH\Database\BaseBuilder.php(1616): CodeIgniter\Database\BaseConnection->query('SELECT *
FROM `visit_counts`
WHERE `visit_date` = :visit_date:
AND `ip_address` = :ip_address:
 LIMIT 1', [...], false)
 3 SYSTEMPATH\Model.php(268): CodeIgniter\Database\BaseBuilder->get()
 4 SYSTEMPATH\BaseModel.php(656): CodeIgniter\Model->doFirst()
 5 APPPATH\Models\VisitCountModel.php(16): CodeIgniter\BaseModel->first()
 6 APPPATH\Filters\VisitCounter.php(16): App\Models\VisitCountModel->incrementVisitCount('::1')
 7 SYSTEMPATH\Filters\Filters.php(173): App\Filters\VisitCounter->before(Object(CodeIgniter\HTTP\IncomingRequest), null)
 8 SYSTEMPATH\CodeIgniter.php(473): CodeIgniter\Filters\Filters->run('newseventscontent/47', 'before')
 9 SYSTEMPATH\CodeIgniter.php(368): CodeIgniter\CodeIgniter->handleRequest(null, Object(Config\Cache), false)
10 FCPATH\index.php(67): CodeIgniter\CodeIgniter->run()
ERROR - 2025-06-20 08:34:25 --> Error connecting to the database: mysqli_sql_exception: No connection could be made because the target machine actively refused it in C:\xampp\htdocs\websitebinan\system\Database\MySQLi\Connection.php:173
Stack trace:
#0 C:\xampp\htdocs\websitebinan\system\Database\MySQLi\Connection.php(173): mysqli->real_connect('localhost', 'root', Object(SensitiveParameterValue), 'websitebinan', 3306, '', 0)
#1 C:\xampp\htdocs\websitebinan\system\Database\BaseConnection.php(391): CodeIgniter\Database\MySQLi\Connection->connect(false)
#2 C:\xampp\htdocs\websitebinan\system\Database\BaseConnection.php(573): CodeIgniter\Database\BaseConnection->initialize()
#3 C:\xampp\htdocs\websitebinan\system\Database\BaseBuilder.php(1616): CodeIgniter\Database\BaseConnection->query('SELECT *\nFROM `...', Array, false)
#4 C:\xampp\htdocs\websitebinan\system\Model.php(268): CodeIgniter\Database\BaseBuilder->get()
#5 C:\xampp\htdocs\websitebinan\system\BaseModel.php(656): CodeIgniter\Model->doFirst()
#6 C:\xampp\htdocs\websitebinan\app\Models\VisitCountModel.php(16): CodeIgniter\BaseModel->first()
#7 C:\xampp\htdocs\websitebinan\app\Filters\VisitCounter.php(16): App\Models\VisitCountModel->incrementVisitCount('::1')
#8 C:\xampp\htdocs\websitebinan\system\Filters\Filters.php(173): App\Filters\VisitCounter->before(Object(CodeIgniter\HTTP\IncomingRequest), NULL)
#9 C:\xampp\htdocs\websitebinan\system\CodeIgniter.php(473): CodeIgniter\Filters\Filters->run('newsevents/1', 'before')
#10 C:\xampp\htdocs\websitebinan\system\CodeIgniter.php(368): CodeIgniter\CodeIgniter->handleRequest(NULL, Object(Config\Cache), false)
#11 C:\xampp\htdocs\websitebinan\public\index.php(67): CodeIgniter\CodeIgniter->run()
#12 {main}

Next CodeIgniter\Database\Exceptions\DatabaseException: No connection could be made because the target machine actively refused it in C:\xampp\htdocs\websitebinan\system\Database\MySQLi\Connection.php:218
Stack trace:
#0 C:\xampp\htdocs\websitebinan\system\Database\BaseConnection.php(391): CodeIgniter\Database\MySQLi\Connection->connect(false)
#1 C:\xampp\htdocs\websitebinan\system\Database\BaseConnection.php(573): CodeIgniter\Database\BaseConnection->initialize()
#2 C:\xampp\htdocs\websitebinan\system\Database\BaseBuilder.php(1616): CodeIgniter\Database\BaseConnection->query('SELECT *\nFROM `...', Array, false)
#3 C:\xampp\htdocs\websitebinan\system\Model.php(268): CodeIgniter\Database\BaseBuilder->get()
#4 C:\xampp\htdocs\websitebinan\system\BaseModel.php(656): CodeIgniter\Model->doFirst()
#5 C:\xampp\htdocs\websitebinan\app\Models\VisitCountModel.php(16): CodeIgniter\BaseModel->first()
#6 C:\xampp\htdocs\websitebinan\app\Filters\VisitCounter.php(16): App\Models\VisitCountModel->incrementVisitCount('::1')
#7 C:\xampp\htdocs\websitebinan\system\Filters\Filters.php(173): App\Filters\VisitCounter->before(Object(CodeIgniter\HTTP\IncomingRequest), NULL)
#8 C:\xampp\htdocs\websitebinan\system\CodeIgniter.php(473): CodeIgniter\Filters\Filters->run('newsevents/1', 'before')
#9 C:\xampp\htdocs\websitebinan\system\CodeIgniter.php(368): CodeIgniter\CodeIgniter->handleRequest(NULL, Object(Config\Cache), false)
#10 C:\xampp\htdocs\websitebinan\public\index.php(67): CodeIgniter\CodeIgniter->run()
#11 {main}
CRITICAL - 2025-06-20 08:34:25 --> Unable to connect to the database.
Main connection [MySQLi]: No connection could be made because the target machine actively refused it
in SYSTEMPATH\Database\BaseConnection.php on line 427.
 1 SYSTEMPATH\Database\BaseConnection.php(573): CodeIgniter\Database\BaseConnection->initialize()
 2 SYSTEMPATH\Database\BaseBuilder.php(1616): CodeIgniter\Database\BaseConnection->query('SELECT *
FROM `visit_counts`
WHERE `visit_date` = :visit_date:
AND `ip_address` = :ip_address:
 LIMIT 1', [...], false)
 3 SYSTEMPATH\Model.php(268): CodeIgniter\Database\BaseBuilder->get()
 4 SYSTEMPATH\BaseModel.php(656): CodeIgniter\Model->doFirst()
 5 APPPATH\Models\VisitCountModel.php(16): CodeIgniter\BaseModel->first()
 6 APPPATH\Filters\VisitCounter.php(16): App\Models\VisitCountModel->incrementVisitCount('::1')
 7 SYSTEMPATH\Filters\Filters.php(173): App\Filters\VisitCounter->before(Object(CodeIgniter\HTTP\IncomingRequest), null)
 8 SYSTEMPATH\CodeIgniter.php(473): CodeIgniter\Filters\Filters->run('newsevents/1', 'before')
 9 SYSTEMPATH\CodeIgniter.php(368): CodeIgniter\CodeIgniter->handleRequest(null, Object(Config\Cache), false)
10 FCPATH\index.php(67): CodeIgniter\CodeIgniter->run()
ERROR - 2025-06-20 08:34:30 --> Error connecting to the database: mysqli_sql_exception: No connection could be made because the target machine actively refused it in C:\xampp\htdocs\websitebinan\system\Database\MySQLi\Connection.php:173
Stack trace:
#0 C:\xampp\htdocs\websitebinan\system\Database\MySQLi\Connection.php(173): mysqli->real_connect('localhost', 'root', Object(SensitiveParameterValue), 'websitebinan', 3306, '', 0)
#1 C:\xampp\htdocs\websitebinan\system\Database\BaseConnection.php(391): CodeIgniter\Database\MySQLi\Connection->connect(false)
#2 C:\xampp\htdocs\websitebinan\system\Database\BaseConnection.php(573): CodeIgniter\Database\BaseConnection->initialize()
#3 C:\xampp\htdocs\websitebinan\system\Database\BaseBuilder.php(1616): CodeIgniter\Database\BaseConnection->query('SELECT *\nFROM `...', Array, false)
#4 C:\xampp\htdocs\websitebinan\system\Model.php(268): CodeIgniter\Database\BaseBuilder->get()
#5 C:\xampp\htdocs\websitebinan\system\BaseModel.php(656): CodeIgniter\Model->doFirst()
#6 C:\xampp\htdocs\websitebinan\app\Models\VisitCountModel.php(16): CodeIgniter\BaseModel->first()
#7 C:\xampp\htdocs\websitebinan\app\Filters\VisitCounter.php(16): App\Models\VisitCountModel->incrementVisitCount('::1')
#8 C:\xampp\htdocs\websitebinan\system\Filters\Filters.php(173): App\Filters\VisitCounter->before(Object(CodeIgniter\HTTP\IncomingRequest), NULL)
#9 C:\xampp\htdocs\websitebinan\system\CodeIgniter.php(473): CodeIgniter\Filters\Filters->run('home', 'before')
#10 C:\xampp\htdocs\websitebinan\system\CodeIgniter.php(368): CodeIgniter\CodeIgniter->handleRequest(NULL, Object(Config\Cache), false)
#11 C:\xampp\htdocs\websitebinan\public\index.php(67): CodeIgniter\CodeIgniter->run()
#12 {main}

Next CodeIgniter\Database\Exceptions\DatabaseException: No connection could be made because the target machine actively refused it in C:\xampp\htdocs\websitebinan\system\Database\MySQLi\Connection.php:218
Stack trace:
#0 C:\xampp\htdocs\websitebinan\system\Database\BaseConnection.php(391): CodeIgniter\Database\MySQLi\Connection->connect(false)
#1 C:\xampp\htdocs\websitebinan\system\Database\BaseConnection.php(573): CodeIgniter\Database\BaseConnection->initialize()
#2 C:\xampp\htdocs\websitebinan\system\Database\BaseBuilder.php(1616): CodeIgniter\Database\BaseConnection->query('SELECT *\nFROM `...', Array, false)
#3 C:\xampp\htdocs\websitebinan\system\Model.php(268): CodeIgniter\Database\BaseBuilder->get()
#4 C:\xampp\htdocs\websitebinan\system\BaseModel.php(656): CodeIgniter\Model->doFirst()
#5 C:\xampp\htdocs\websitebinan\app\Models\VisitCountModel.php(16): CodeIgniter\BaseModel->first()
#6 C:\xampp\htdocs\websitebinan\app\Filters\VisitCounter.php(16): App\Models\VisitCountModel->incrementVisitCount('::1')
#7 C:\xampp\htdocs\websitebinan\system\Filters\Filters.php(173): App\Filters\VisitCounter->before(Object(CodeIgniter\HTTP\IncomingRequest), NULL)
#8 C:\xampp\htdocs\websitebinan\system\CodeIgniter.php(473): CodeIgniter\Filters\Filters->run('home', 'before')
#9 C:\xampp\htdocs\websitebinan\system\CodeIgniter.php(368): CodeIgniter\CodeIgniter->handleRequest(NULL, Object(Config\Cache), false)
#10 C:\xampp\htdocs\websitebinan\public\index.php(67): CodeIgniter\CodeIgniter->run()
#11 {main}
CRITICAL - 2025-06-20 08:34:30 --> Unable to connect to the database.
Main connection [MySQLi]: No connection could be made because the target machine actively refused it
in SYSTEMPATH\Database\BaseConnection.php on line 427.
 1 SYSTEMPATH\Database\BaseConnection.php(573): CodeIgniter\Database\BaseConnection->initialize()
 2 SYSTEMPATH\Database\BaseBuilder.php(1616): CodeIgniter\Database\BaseConnection->query('SELECT *
FROM `visit_counts`
WHERE `visit_date` = :visit_date:
AND `ip_address` = :ip_address:
 LIMIT 1', [...], false)
 3 SYSTEMPATH\Model.php(268): CodeIgniter\Database\BaseBuilder->get()
 4 SYSTEMPATH\BaseModel.php(656): CodeIgniter\Model->doFirst()
 5 APPPATH\Models\VisitCountModel.php(16): CodeIgniter\BaseModel->first()
 6 APPPATH\Filters\VisitCounter.php(16): App\Models\VisitCountModel->incrementVisitCount('::1')
 7 SYSTEMPATH\Filters\Filters.php(173): App\Filters\VisitCounter->before(Object(CodeIgniter\HTTP\IncomingRequest), null)
 8 SYSTEMPATH\CodeIgniter.php(473): CodeIgniter\Filters\Filters->run('home', 'before')
 9 SYSTEMPATH\CodeIgniter.php(368): CodeIgniter\CodeIgniter->handleRequest(null, Object(Config\Cache), false)
10 FCPATH\index.php(67): CodeIgniter\CodeIgniter->run()
ERROR - 2025-06-20 09:01:20 --> File not found: C:\xampp\htdocs\websitebinan\writable\uploads\CAREERS\1721143597_f7e625bc75aa9a0732b0.pdf
CRITICAL - 2025-06-20 12:32:56 --> syntax error, unexpected identifier "re", expecting "]"
in APPPATH\Views\contact_page.php on line 210.
 1 SYSTEMPATH\View\View.php(216): CodeIgniter\View\View->CodeIgniter\View\{closure}()
 2 SYSTEMPATH\Common.php(1184): CodeIgniter\View\View->render('contact_page', [], true)
 3 APPPATH\Controllers\Home.php(165): view('contact_page')
 4 SYSTEMPATH\CodeIgniter.php(934): App\Controllers\Home->contact()
 5 SYSTEMPATH\CodeIgniter.php(499): CodeIgniter\CodeIgniter->runController(Object(App\Controllers\Home))
 6 SYSTEMPATH\CodeIgniter.php(368): CodeIgniter\CodeIgniter->handleRequest(null, Object(Config\Cache), false)
 7 FCPATH\index.php(67): CodeIgniter\CodeIgniter->run()
CRITICAL - 2025-06-20 12:42:27 --> syntax error, unexpected identifier "re", expecting "]"
in APPPATH\Views\contact_page.php on line 210.
 1 SYSTEMPATH\View\View.php(216): CodeIgniter\View\View->CodeIgniter\View\{closure}()
 2 SYSTEMPATH\Common.php(1184): CodeIgniter\View\View->render('contact_page', [], true)
 3 APPPATH\Controllers\Home.php(165): view('contact_page')
 4 SYSTEMPATH\CodeIgniter.php(934): App\Controllers\Home->contact()
 5 SYSTEMPATH\CodeIgniter.php(499): CodeIgniter\CodeIgniter->runController(Object(App\Controllers\Home))
 6 SYSTEMPATH\CodeIgniter.php(368): CodeIgniter\CodeIgniter->handleRequest(null, Object(Config\Cache), false)
 7 FCPATH\index.php(67): CodeIgniter\CodeIgniter->run()
CRITICAL - 2025-06-20 12:42:41 --> syntax error, unexpected identifier "re", expecting "]"
in APPPATH\Views\contact_page.php on line 210.
 1 SYSTEMPATH\View\View.php(216): CodeIgniter\View\View->CodeIgniter\View\{closure}()
 2 SYSTEMPATH\Common.php(1184): CodeIgniter\View\View->render('contact_page', [], true)
 3 APPPATH\Controllers\Home.php(165): view('contact_page')
 4 SYSTEMPATH\CodeIgniter.php(934): App\Controllers\Home->contact()
 5 SYSTEMPATH\CodeIgniter.php(499): CodeIgniter\CodeIgniter->runController(Object(App\Controllers\Home))
 6 SYSTEMPATH\CodeIgniter.php(368): CodeIgniter\CodeIgniter->handleRequest(null, Object(Config\Cache), false)
 7 FCPATH\index.php(67): CodeIgniter\CodeIgniter->run()
CRITICAL - 2025-06-20 12:42:57 --> syntax error, unexpected identifier "re", expecting "]"
in APPPATH\Views\contact_page.php on line 210.
 1 SYSTEMPATH\View\View.php(216): CodeIgniter\View\View->CodeIgniter\View\{closure}()
 2 SYSTEMPATH\Common.php(1184): CodeIgniter\View\View->render('contact_page', [], true)
 3 APPPATH\Controllers\Home.php(165): view('contact_page')
 4 SYSTEMPATH\CodeIgniter.php(934): App\Controllers\Home->contact()
 5 SYSTEMPATH\CodeIgniter.php(499): CodeIgniter\CodeIgniter->runController(Object(App\Controllers\Home))
 6 SYSTEMPATH\CodeIgniter.php(368): CodeIgniter\CodeIgniter->handleRequest(null, Object(Config\Cache), false)
 7 FCPATH\index.php(67): CodeIgniter\CodeIgniter->run()
CRITICAL - 2025-06-20 12:43:00 --> syntax error, unexpected identifier "re", expecting "]"
in APPPATH\Views\contact_page.php on line 210.
 1 SYSTEMPATH\View\View.php(216): CodeIgniter\View\View->CodeIgniter\View\{closure}()
 2 SYSTEMPATH\Common.php(1184): CodeIgniter\View\View->render('contact_page', [], true)
 3 APPPATH\Controllers\Home.php(165): view('contact_page')
 4 SYSTEMPATH\CodeIgniter.php(934): App\Controllers\Home->contact()
 5 SYSTEMPATH\CodeIgniter.php(499): CodeIgniter\CodeIgniter->runController(Object(App\Controllers\Home))
 6 SYSTEMPATH\CodeIgniter.php(368): CodeIgniter\CodeIgniter->handleRequest(null, Object(Config\Cache), false)
 7 FCPATH\index.php(67): CodeIgniter\CodeIgniter->run()
ERROR - 2025-06-20 13:16:47 --> File not found: C:\xampp\htdocs\websitebinan\writable\uploads\INVEST\Market Value
ERROR - 2025-06-20 13:16:49 --> File not found: C:\xampp\htdocs\websitebinan\writable\uploads\INVEST\Business Directory
ERROR - 2025-06-20 13:16:51 --> File not found: C:\xampp\htdocs\websitebinan\writable\uploads\INVEST\Local Revenue Code
ERROR - 2025-06-20 14:08:02 --> File not found: C:\xampp\htdocs\websitebinan\writable\uploads\INVEST\Local Revenue Code
ERROR - 2025-06-20 14:08:05 --> File not found: C:\xampp\htdocs\websitebinan\writable\uploads\INVEST\Local Investment and Incentive Code
ERROR - 2025-06-20 14:08:08 --> File not found: C:\xampp\htdocs\websitebinan\writable\uploads\INVEST\Market Value
ERROR - 2025-06-20 14:08:18 --> File not found: C:\xampp\htdocs\websitebinan\writable\uploads\INVEST\Business Directory
ERROR - 2025-06-20 14:08:21 --> File not found: C:\xampp\htdocs\websitebinan\writable\uploads\INVEST\Local Revenue Code
ERROR - 2025-06-20 14:08:28 --> File not found: C:\xampp\htdocs\websitebinan\writable\uploads\INVEST\Local Investment and Incentive Code
ERROR - 2025-06-20 14:08:31 --> File not found: C:\xampp\htdocs\websitebinan\writable\uploads\INVEST\Business Directory
ERROR - 2025-06-20 14:08:34 --> File not found: C:\xampp\htdocs\websitebinan\writable\uploads\INVEST\Market Value
ERROR - 2025-06-20 14:08:44 --> File not found: C:\xampp\htdocs\websitebinan\writable\uploads\INVEST\Local Investment and Incentive Code
ERROR - 2025-06-20 14:08:52 --> File not found: C:\xampp\htdocs\websitebinan\writable\uploads\INVEST\1721143220_2dd1b8f8a6376305acd2.xlsx
ERROR - 2025-06-20 14:08:56 --> File not found: C:\xampp\htdocs\websitebinan\writable\uploads\INVEST\Local Investment and Incentive Code
ERROR - 2025-06-20 14:16:18 --> File not found: C:\xampp\htdocs\websitebinan\writable\uploads\INVEST\Market Value
ERROR - 2025-06-20 14:19:14 --> File not found: C:\xampp\htdocs\websitebinan\public\uploads\INVEST\Local Revenue Code
ERROR - 2025-06-20 14:19:18 --> File not found: C:\xampp\htdocs\websitebinan\public\uploads\INVEST\Market Value
ERROR - 2025-06-20 14:19:22 --> File not found: C:\xampp\htdocs\websitebinan\public\uploads\INVEST\Market Value
ERROR - 2025-06-20 14:35:51 --> File not found: C:\xampp\htdocs\websitebinan\public\uploads\CAREERS\1749088249_11ca91d142534b15b270.pdf
ERROR - 2025-06-20 14:36:02 --> File not found: C:\xampp\htdocs\websitebinan\public\uploads\CAREERS\1749091658_c543c06415792e466e6f.pdf
CRITICAL - 2025-06-20 14:43:22 --> Invalid file: "public/home.php"
in SYSTEMPATH\Exceptions\FrameworkException.php on line 33.
 1 SYSTEMPATH\View\View.php(201): CodeIgniter\Exceptions\FrameworkException::forInvalidFile('public/home.php')
 2 SYSTEMPATH\Common.php(1184): CodeIgniter\View\View->render('public/home', [], true)
 3 APPPATH\Controllers\Home.php(19): view('public/home', [...])
 4 SYSTEMPATH\CodeIgniter.php(934): App\Controllers\Home->index()
 5 SYSTEMPATH\CodeIgniter.php(499): CodeIgniter\CodeIgniter->runController(Object(App\Controllers\Home))
 6 SYSTEMPATH\CodeIgniter.php(368): CodeIgniter\CodeIgniter->handleRequest(null, Object(Config\Cache), false)
 7 FCPATH\index.php(67): CodeIgniter\CodeIgniter->run()
CRITICAL - 2025-06-20 14:43:34 --> Invalid file: "public/home.php"
in SYSTEMPATH\Exceptions\FrameworkException.php on line 33.
 1 SYSTEMPATH\View\View.php(201): CodeIgniter\Exceptions\FrameworkException::forInvalidFile('public/home.php')
 2 SYSTEMPATH\Common.php(1184): CodeIgniter\View\View->render('public/home', [], true)
 3 APPPATH\Controllers\Home.php(19): view('public/home', [...])
 4 SYSTEMPATH\CodeIgniter.php(934): App\Controllers\Home->index()
 5 SYSTEMPATH\CodeIgniter.php(499): CodeIgniter\CodeIgniter->runController(Object(App\Controllers\Home))
 6 SYSTEMPATH\CodeIgniter.php(368): CodeIgniter\CodeIgniter->handleRequest(null, Object(Config\Cache), false)
 7 FCPATH\index.php(67): CodeIgniter\CodeIgniter->run()
ERROR - 2025-06-20 14:56:37 --> File not found: C:\xampp\htdocs\websitebinan\public\uploads\FULLDISC\1750399787_89f9725fbfd52245ea56.pdf
ERROR - 2025-06-20 16:44:13 --> mysqli_sql_exception: Unknown column 'title' in 'field list' in C:\xampp\htdocs\websitebinan\system\Database\MySQLi\Connection.php:295
Stack trace:
#0 C:\xampp\htdocs\websitebinan\system\Database\MySQLi\Connection.php(295): mysqli->query('INSERT INTO `fi...', 0)
#1 C:\xampp\htdocs\websitebinan\system\Database\BaseConnection.php(691): CodeIgniter\Database\MySQLi\Connection->execute('INSERT INTO `fi...')
#2 C:\xampp\htdocs\websitebinan\system\Database\BaseConnection.php(605): CodeIgniter\Database\BaseConnection->simpleQuery('INSERT INTO `fi...')
#3 C:\xampp\htdocs\websitebinan\system\Database\BaseBuilder.php(2309): CodeIgniter\Database\BaseConnection->query('INSERT INTO `fi...', Array, false)
#4 C:\xampp\htdocs\websitebinan\system\Model.php(330): CodeIgniter\Database\BaseBuilder->insert()
#5 C:\xampp\htdocs\websitebinan\system\BaseModel.php(782): CodeIgniter\Model->doInsert(Array)
#6 C:\xampp\htdocs\websitebinan\system\Model.php(730): CodeIgniter\BaseModel->insert(Array, true)
#7 C:\xampp\htdocs\websitebinan\app\Controllers\Admin.php(564): CodeIgniter\Model->insert(Array)
#8 C:\xampp\htdocs\websitebinan\system\CodeIgniter.php(934): App\Controllers\Admin->ajax('create_job')
#9 C:\xampp\htdocs\websitebinan\system\CodeIgniter.php(499): CodeIgniter\CodeIgniter->runController(Object(App\Controllers\Admin))
#10 C:\xampp\htdocs\websitebinan\system\CodeIgniter.php(368): CodeIgniter\CodeIgniter->handleRequest(NULL, Object(Config\Cache), false)
#11 C:\xampp\htdocs\websitebinan\public\index.php(67): CodeIgniter\CodeIgniter->run()
#12 {main}
CRITICAL - 2025-06-20 16:44:13 --> Unknown column 'title' in 'field list'
in SYSTEMPATH\Database\BaseConnection.php on line 645.
 1 SYSTEMPATH\Database\BaseBuilder.php(2309): CodeIgniter\Database\BaseConnection->query('INSERT INTO `file_tbl` (`title`, `description`, `office`, `publication_date`, `category`, `status`, `created_date`) VALUES (:title:, :description:, :office:, :publication_date:, :category:, :status:, :created_date:)', [...], false)
 2 SYSTEMPATH\Model.php(330): CodeIgniter\Database\BaseBuilder->insert()
 3 SYSTEMPATH\BaseModel.php(782): CodeIgniter\Model->doInsert([...])
 4 SYSTEMPATH\Model.php(730): CodeIgniter\BaseModel->insert([...], true)
 5 APPPATH\Controllers\Admin.php(564): CodeIgniter\Model->insert([...])
 6 SYSTEMPATH\CodeIgniter.php(934): App\Controllers\Admin->ajax('create_job')
 7 SYSTEMPATH\CodeIgniter.php(499): CodeIgniter\CodeIgniter->runController(Object(App\Controllers\Admin))
 8 SYSTEMPATH\CodeIgniter.php(368): CodeIgniter\CodeIgniter->handleRequest(null, Object(Config\Cache), false)
 9 FCPATH\index.php(67): CodeIgniter\CodeIgniter->run()
ERROR - 2025-06-20 16:44:16 --> mysqli_sql_exception: Unknown column 'title' in 'field list' in C:\xampp\htdocs\websitebinan\system\Database\MySQLi\Connection.php:295
Stack trace:
#0 C:\xampp\htdocs\websitebinan\system\Database\MySQLi\Connection.php(295): mysqli->query('INSERT INTO `fi...', 0)
#1 C:\xampp\htdocs\websitebinan\system\Database\BaseConnection.php(691): CodeIgniter\Database\MySQLi\Connection->execute('INSERT INTO `fi...')
#2 C:\xampp\htdocs\websitebinan\system\Database\BaseConnection.php(605): CodeIgniter\Database\BaseConnection->simpleQuery('INSERT INTO `fi...')
#3 C:\xampp\htdocs\websitebinan\system\Database\BaseBuilder.php(2309): CodeIgniter\Database\BaseConnection->query('INSERT INTO `fi...', Array, false)
#4 C:\xampp\htdocs\websitebinan\system\Model.php(330): CodeIgniter\Database\BaseBuilder->insert()
#5 C:\xampp\htdocs\websitebinan\system\BaseModel.php(782): CodeIgniter\Model->doInsert(Array)
#6 C:\xampp\htdocs\websitebinan\system\Model.php(730): CodeIgniter\BaseModel->insert(Array, true)
#7 C:\xampp\htdocs\websitebinan\app\Controllers\Admin.php(564): CodeIgniter\Model->insert(Array)
#8 C:\xampp\htdocs\websitebinan\system\CodeIgniter.php(934): App\Controllers\Admin->ajax('create_job')
#9 C:\xampp\htdocs\websitebinan\system\CodeIgniter.php(499): CodeIgniter\CodeIgniter->runController(Object(App\Controllers\Admin))
#10 C:\xampp\htdocs\websitebinan\system\CodeIgniter.php(368): CodeIgniter\CodeIgniter->handleRequest(NULL, Object(Config\Cache), false)
#11 C:\xampp\htdocs\websitebinan\public\index.php(67): CodeIgniter\CodeIgniter->run()
#12 {main}
CRITICAL - 2025-06-20 16:44:16 --> Unknown column 'title' in 'field list'
in SYSTEMPATH\Database\BaseConnection.php on line 645.
 1 SYSTEMPATH\Database\BaseBuilder.php(2309): CodeIgniter\Database\BaseConnection->query('INSERT INTO `file_tbl` (`title`, `description`, `office`, `publication_date`, `category`, `status`, `created_date`) VALUES (:title:, :description:, :office:, :publication_date:, :category:, :status:, :created_date:)', [...], false)
 2 SYSTEMPATH\Model.php(330): CodeIgniter\Database\BaseBuilder->insert()
 3 SYSTEMPATH\BaseModel.php(782): CodeIgniter\Model->doInsert([...])
 4 SYSTEMPATH\Model.php(730): CodeIgniter\BaseModel->insert([...], true)
 5 APPPATH\Controllers\Admin.php(564): CodeIgniter\Model->insert([...])
 6 SYSTEMPATH\CodeIgniter.php(934): App\Controllers\Admin->ajax('create_job')
 7 SYSTEMPATH\CodeIgniter.php(499): CodeIgniter\CodeIgniter->runController(Object(App\Controllers\Admin))
 8 SYSTEMPATH\CodeIgniter.php(368): CodeIgniter\CodeIgniter->handleRequest(null, Object(Config\Cache), false)
 9 FCPATH\index.php(67): CodeIgniter\CodeIgniter->run()
