CRITICAL - 2025-07-04 08:40:05 --> Call to undefined function include_header()
in APPPATH\Views\officials_page.php on line 23.
 1 SYSTEMPATH\View\View.php(213): include()
 2 SYSTEMPATH\View\View.php(216): CodeIgniter\View\View->CodeIgniter\View\{closure}()
 3 SYSTEMPATH\Common.php(1184): CodeIgniter\View\View->render('officials_page', [], true)
 4 APPPATH\Controllers\Home.php(245): view('officials_page', [...])
 5 SYSTEMPATH\CodeIgniter.php(934): App\Controllers\Home->officials()
 6 SYSTEMPATH\CodeIgniter.php(499): CodeIgniter\CodeIgniter->runController(Object(App\Controllers\Home))
 7 SYSTEMPATH\CodeIgniter.php(368): CodeIgniter\CodeIgniter->handleRequest(null, Object(Config\Cache), false)
 8 FCPATH\index.php(67): CodeIgniter\CodeIgniter->run()
ERROR - 2025-07-04 08:52:27 --> Error connecting to the database: mysqli_sql_exception: No connection could be made because the target machine actively refused it in C:\xampp\htdocs\websitebinan\system\Database\MySQLi\Connection.php:173
Stack trace:
#0 C:\xampp\htdocs\websitebinan\system\Database\MySQLi\Connection.php(173): mysqli->real_connect('localhost', 'root', Object(SensitiveParameterValue), 'websitebinan', 3306, '', 0)
#1 C:\xampp\htdocs\websitebinan\system\Database\BaseConnection.php(391): CodeIgniter\Database\MySQLi\Connection->connect(false)
#2 C:\xampp\htdocs\websitebinan\system\Database\BaseConnection.php(573): CodeIgniter\Database\BaseConnection->initialize()
#3 C:\xampp\htdocs\websitebinan\system\Database\BaseBuilder.php(1616): CodeIgniter\Database\BaseConnection->query('SELECT *\nFROM `...', Array, false)
#4 C:\xampp\htdocs\websitebinan\system\Model.php(241): CodeIgniter\Database\BaseBuilder->get()
#5 C:\xampp\htdocs\websitebinan\system\BaseModel.php(618): CodeIgniter\Model->doFindAll(0, 0)
#6 C:\xampp\htdocs\websitebinan\app\Models\VisitCountModel.php(33): CodeIgniter\BaseModel->findAll()
#7 C:\xampp\htdocs\websitebinan\app\Controllers\Admin.php(47): App\Models\VisitCountModel->getTodayVisitCount()
#8 C:\xampp\htdocs\websitebinan\system\CodeIgniter.php(934): App\Controllers\Admin->mode('dashboard')
#9 C:\xampp\htdocs\websitebinan\system\CodeIgniter.php(499): CodeIgniter\CodeIgniter->runController(Object(App\Controllers\Admin))
#10 C:\xampp\htdocs\websitebinan\system\CodeIgniter.php(368): CodeIgniter\CodeIgniter->handleRequest(NULL, Object(Config\Cache), false)
#11 C:\xampp\htdocs\websitebinan\public\index.php(67): CodeIgniter\CodeIgniter->run()
#12 {main}

Next CodeIgniter\Database\Exceptions\DatabaseException: No connection could be made because the target machine actively refused it in C:\xampp\htdocs\websitebinan\system\Database\MySQLi\Connection.php:218
Stack trace:
#0 C:\xampp\htdocs\websitebinan\system\Database\BaseConnection.php(391): CodeIgniter\Database\MySQLi\Connection->connect(false)
#1 C:\xampp\htdocs\websitebinan\system\Database\BaseConnection.php(573): CodeIgniter\Database\BaseConnection->initialize()
#2 C:\xampp\htdocs\websitebinan\system\Database\BaseBuilder.php(1616): CodeIgniter\Database\BaseConnection->query('SELECT *\nFROM `...', Array, false)
#3 C:\xampp\htdocs\websitebinan\system\Model.php(241): CodeIgniter\Database\BaseBuilder->get()
#4 C:\xampp\htdocs\websitebinan\system\BaseModel.php(618): CodeIgniter\Model->doFindAll(0, 0)
#5 C:\xampp\htdocs\websitebinan\app\Models\VisitCountModel.php(33): CodeIgniter\BaseModel->findAll()
#6 C:\xampp\htdocs\websitebinan\app\Controllers\Admin.php(47): App\Models\VisitCountModel->getTodayVisitCount()
#7 C:\xampp\htdocs\websitebinan\system\CodeIgniter.php(934): App\Controllers\Admin->mode('dashboard')
#8 C:\xampp\htdocs\websitebinan\system\CodeIgniter.php(499): CodeIgniter\CodeIgniter->runController(Object(App\Controllers\Admin))
#9 C:\xampp\htdocs\websitebinan\system\CodeIgniter.php(368): CodeIgniter\CodeIgniter->handleRequest(NULL, Object(Config\Cache), false)
#10 C:\xampp\htdocs\websitebinan\public\index.php(67): CodeIgniter\CodeIgniter->run()
#11 {main}
CRITICAL - 2025-07-04 08:52:27 --> Unable to connect to the database.
Main connection [MySQLi]: No connection could be made because the target machine actively refused it
in SYSTEMPATH\Database\BaseConnection.php on line 427.
 1 SYSTEMPATH\Database\BaseConnection.php(573): CodeIgniter\Database\BaseConnection->initialize()
 2 SYSTEMPATH\Database\BaseBuilder.php(1616): CodeIgniter\Database\BaseConnection->query('SELECT *
FROM `visit_counts`
WHERE `visit_date` = :visit_date:', [...], false)
 3 SYSTEMPATH\Model.php(241): CodeIgniter\Database\BaseBuilder->get()
 4 SYSTEMPATH\BaseModel.php(618): CodeIgniter\Model->doFindAll(0, 0)
 5 APPPATH\Models\VisitCountModel.php(33): CodeIgniter\BaseModel->findAll()
 6 APPPATH\Controllers\Admin.php(47): App\Models\VisitCountModel->getTodayVisitCount()
 7 SYSTEMPATH\CodeIgniter.php(934): App\Controllers\Admin->mode('dashboard')
 8 SYSTEMPATH\CodeIgniter.php(499): CodeIgniter\CodeIgniter->runController(Object(App\Controllers\Admin))
 9 SYSTEMPATH\CodeIgniter.php(368): CodeIgniter\CodeIgniter->handleRequest(null, Object(Config\Cache), false)
10 FCPATH\index.php(67): CodeIgniter\CodeIgniter->run()
ERROR - 2025-07-04 08:52:40 --> Error connecting to the database: mysqli_sql_exception: No connection could be made because the target machine actively refused it in C:\xampp\htdocs\websitebinan\system\Database\MySQLi\Connection.php:173
Stack trace:
#0 C:\xampp\htdocs\websitebinan\system\Database\MySQLi\Connection.php(173): mysqli->real_connect('localhost', 'root', Object(SensitiveParameterValue), 'websitebinan', 3306, '', 0)
#1 C:\xampp\htdocs\websitebinan\system\Database\BaseConnection.php(391): CodeIgniter\Database\MySQLi\Connection->connect(false)
#2 C:\xampp\htdocs\websitebinan\system\Database\BaseConnection.php(573): CodeIgniter\Database\BaseConnection->initialize()
#3 C:\xampp\htdocs\websitebinan\system\Database\BaseBuilder.php(1616): CodeIgniter\Database\BaseConnection->query('SELECT *\nFROM `...', Array, false)
#4 C:\xampp\htdocs\websitebinan\system\Model.php(268): CodeIgniter\Database\BaseBuilder->get()
#5 C:\xampp\htdocs\websitebinan\system\BaseModel.php(656): CodeIgniter\Model->doFirst()
#6 C:\xampp\htdocs\websitebinan\app\Models\VisitCountModel.php(16): CodeIgniter\BaseModel->first()
#7 C:\xampp\htdocs\websitebinan\app\Filters\VisitCounter.php(16): App\Models\VisitCountModel->incrementVisitCount('::1')
#8 C:\xampp\htdocs\websitebinan\system\Filters\Filters.php(173): App\Filters\VisitCounter->before(Object(CodeIgniter\HTTP\IncomingRequest), NULL)
#9 C:\xampp\htdocs\websitebinan\system\CodeIgniter.php(473): CodeIgniter\Filters\Filters->run('auth/login', 'before')
#10 C:\xampp\htdocs\websitebinan\system\CodeIgniter.php(368): CodeIgniter\CodeIgniter->handleRequest(NULL, Object(Config\Cache), false)
#11 C:\xampp\htdocs\websitebinan\public\index.php(67): CodeIgniter\CodeIgniter->run()
#12 {main}

Next CodeIgniter\Database\Exceptions\DatabaseException: No connection could be made because the target machine actively refused it in C:\xampp\htdocs\websitebinan\system\Database\MySQLi\Connection.php:218
Stack trace:
#0 C:\xampp\htdocs\websitebinan\system\Database\BaseConnection.php(391): CodeIgniter\Database\MySQLi\Connection->connect(false)
#1 C:\xampp\htdocs\websitebinan\system\Database\BaseConnection.php(573): CodeIgniter\Database\BaseConnection->initialize()
#2 C:\xampp\htdocs\websitebinan\system\Database\BaseBuilder.php(1616): CodeIgniter\Database\BaseConnection->query('SELECT *\nFROM `...', Array, false)
#3 C:\xampp\htdocs\websitebinan\system\Model.php(268): CodeIgniter\Database\BaseBuilder->get()
#4 C:\xampp\htdocs\websitebinan\system\BaseModel.php(656): CodeIgniter\Model->doFirst()
#5 C:\xampp\htdocs\websitebinan\app\Models\VisitCountModel.php(16): CodeIgniter\BaseModel->first()
#6 C:\xampp\htdocs\websitebinan\app\Filters\VisitCounter.php(16): App\Models\VisitCountModel->incrementVisitCount('::1')
#7 C:\xampp\htdocs\websitebinan\system\Filters\Filters.php(173): App\Filters\VisitCounter->before(Object(CodeIgniter\HTTP\IncomingRequest), NULL)
#8 C:\xampp\htdocs\websitebinan\system\CodeIgniter.php(473): CodeIgniter\Filters\Filters->run('auth/login', 'before')
#9 C:\xampp\htdocs\websitebinan\system\CodeIgniter.php(368): CodeIgniter\CodeIgniter->handleRequest(NULL, Object(Config\Cache), false)
#10 C:\xampp\htdocs\websitebinan\public\index.php(67): CodeIgniter\CodeIgniter->run()
#11 {main}
CRITICAL - 2025-07-04 08:52:40 --> Unable to connect to the database.
Main connection [MySQLi]: No connection could be made because the target machine actively refused it
in SYSTEMPATH\Database\BaseConnection.php on line 427.
 1 SYSTEMPATH\Database\BaseConnection.php(573): CodeIgniter\Database\BaseConnection->initialize()
 2 SYSTEMPATH\Database\BaseBuilder.php(1616): CodeIgniter\Database\BaseConnection->query('SELECT *
FROM `visit_counts`
WHERE `visit_date` = :visit_date:
AND `ip_address` = :ip_address:
 LIMIT 1', [...], false)
 3 SYSTEMPATH\Model.php(268): CodeIgniter\Database\BaseBuilder->get()
 4 SYSTEMPATH\BaseModel.php(656): CodeIgniter\Model->doFirst()
 5 APPPATH\Models\VisitCountModel.php(16): CodeIgniter\BaseModel->first()
 6 APPPATH\Filters\VisitCounter.php(16): App\Models\VisitCountModel->incrementVisitCount('::1')
 7 SYSTEMPATH\Filters\Filters.php(173): App\Filters\VisitCounter->before(Object(CodeIgniter\HTTP\IncomingRequest), null)
 8 SYSTEMPATH\CodeIgniter.php(473): CodeIgniter\Filters\Filters->run('auth/login', 'before')
 9 SYSTEMPATH\CodeIgniter.php(368): CodeIgniter\CodeIgniter->handleRequest(null, Object(Config\Cache), false)
10 FCPATH\index.php(67): CodeIgniter\CodeIgniter->run()
ERROR - 2025-07-04 09:15:26 --> File not found: C:\xampp\htdocs\websitebinan\writable\uploads\FULLDISC\1.-20-IRA-UTILIZATION-1st qtr 2021.xlsx
ERROR - 2025-07-04 09:22:39 --> File not found: C:\xampp\htdocs\websitebinan\writable\uploads\FULLDISC\1.-20-IRA-UTILIZATION-1st qtr 2021.xlsx
ERROR - 2025-07-04 09:25:54 --> File not found: C:\xampp\htdocs\websitebinan\writable\uploads\FULLDISC\1.-20-IRA-UTILIZATION-1st qtr 2021.xlsx
