<<<<<<< HEAD
INFO - 2024-05-20 00:13:18 --> Users fetched: 2
INFO - 2024-05-20 00:13:18 --> Response data: {"draw":0,"recordsTotal":2,"recordsFiltered":2,"data":[{"ID":"0","fname":"Joanna","lname":"Crumpleskin","username":"joanna8183","email":"joannack@gmail.com","user_lvl":"superadmin","created_date":"2024-05-17 13:19:15","status":"ACTIVE","action":"<button type=\"button\" class=\"btn btn-primary btn-sm view-btn\" data-user-id=\"0\">View<\/button>"},{"ID":"1","fname":"Mapagmahal","lname":"Pedro","username":"pedrolangto","email":"pedro@gmail.com","user_lvl":"admin","created_date":"2024-05-09 14:16:49","status":"ACTIVE","action":"<button type=\"button\" class=\"btn btn-primary btn-sm view-btn\" data-user-id=\"1\">View<\/button>"}]}
INFO - 2024-05-20 00:14:11 --> Users fetched: 2
INFO - 2024-05-20 00:14:11 --> Response data: {"draw":0,"recordsTotal":2,"recordsFiltered":2,"data":[{"ID":"0","fname":"Joanna","lname":"Crumpleskin","username":"joanna8183","email":"joannack@gmail.com","user_lvl":"superadmin","created_date":"2024-05-17 13:19:15","status":"ACTIVE","action":"<button type=\"button\" class=\"btn btn-primary btn-sm view-btn\" data-user-id=\"0\">View<\/button>"},{"ID":"1","fname":"Mapagmahal","lname":"Pedro","username":"pedrolangto","email":"pedro@gmail.com","user_lvl":"admin","created_date":"2024-05-09 14:16:49","status":"ACTIVE","action":"<button type=\"button\" class=\"btn btn-primary btn-sm view-btn\" data-user-id=\"1\">View<\/button>"}]}
INFO - 2024-05-20 00:14:37 --> Users fetched: 2
INFO - 2024-05-20 00:14:37 --> Response data: {"draw":0,"recordsTotal":2,"recordsFiltered":2,"data":[{"ID":"0","fname":"Joanna","lname":"Crumpleskin","username":"joanna8183","email":"joannack@gmail.com","user_lvl":"superadmin","created_date":"2024-05-17 13:19:15","status":"ACTIVE","action":"<button type=\"button\" class=\"btn btn-primary btn-sm view-btn\" data-user-id=\"0\">View<\/button>"},{"ID":"1","fname":"Mapagmahal","lname":"Pedro","username":"pedrolangto","email":"pedro@gmail.com","user_lvl":"admin","created_date":"2024-05-09 14:16:49","status":"ACTIVE","action":"<button type=\"button\" class=\"btn btn-primary btn-sm view-btn\" data-user-id=\"1\">View<\/button>"}]}
INFO - 2024-05-20 00:19:38 --> Users fetched: 2
INFO - 2024-05-20 00:19:38 --> Response data: {"draw":0,"recordsTotal":2,"recordsFiltered":2,"data":[{"ID":"0","fname":"Joanna","lname":"Crumpleskin","username":"joanna8183","email":"joannack@gmail.com","user_lvl":"superadmin","created_date":"2024-05-17 13:19:15","status":"ACTIVE","action":"<button type=\"button\" class=\"btn btn-primary btn-sm view-btn\" data-user-id=\"0\">View<\/button>"},{"ID":"1","fname":"Mapagmahal","lname":"Pedro","username":"pedrolangto","email":"pedro@gmail.com","user_lvl":"admin","created_date":"2024-05-09 14:16:49","status":"ACTIVE","action":"<button type=\"button\" class=\"btn btn-primary btn-sm view-btn\" data-user-id=\"1\">View<\/button>"}]}
<<<<<<< HEAD
ERROR - 2024-05-20 00:24:52 --> Error connecting to the database: mysqli_sql_exception: No connection could be made because the target machine actively refused it.
 in C:\xampp\htdocs\websitebinan\system\Database\MySQLi\Connection.php:174
Stack trace:
#0 C:\xampp\htdocs\websitebinan\system\Database\MySQLi\Connection.php(174): mysqli->real_connect('localhost', 'root', '', 'websitebinan', 3307, '', 0)
#1 C:\xampp\htdocs\websitebinan\system\Database\BaseConnection.php(391): CodeIgniter\Database\MySQLi\Connection->connect(false)
#2 C:\xampp\htdocs\websitebinan\system\Database\BaseConnection.php(573): CodeIgniter\Database\BaseConnection->initialize()
#3 C:\xampp\htdocs\websitebinan\system\Database\BaseBuilder.php(1616): CodeIgniter\Database\BaseConnection->query('SELECT *\nFROM `...', Array, false)
#4 C:\xampp\htdocs\websitebinan\system\Model.php(241): CodeIgniter\Database\BaseBuilder->get()
#5 C:\xampp\htdocs\websitebinan\system\BaseModel.php(618): CodeIgniter\Model->doFindAll(0, 0)
#6 C:\xampp\htdocs\websitebinan\app\Controllers\Admin.php(137): CodeIgniter\BaseModel->findAll()
#7 C:\xampp\htdocs\websitebinan\app\Controllers\Admin.php(127): App\Controllers\Admin->getUsers()
#8 C:\xampp\htdocs\websitebinan\system\CodeIgniter.php(934): App\Controllers\Admin->ajax('get_users')
#9 C:\xampp\htdocs\websitebinan\system\CodeIgniter.php(499): CodeIgniter\CodeIgniter->runController(Object(App\Controllers\Admin))
#10 C:\xampp\htdocs\websitebinan\system\CodeIgniter.php(368): CodeIgniter\CodeIgniter->handleRequest(NULL, Object(Config\Cache), false)
#11 C:\xampp\htdocs\websitebinan\public\index.php(67): CodeIgniter\CodeIgniter->run()
#12 {main}

Next CodeIgniter\Database\Exceptions\DatabaseException: No connection could be made because the target machine actively refused it.
 in C:\xampp\htdocs\websitebinan\system\Database\MySQLi\Connection.php:218
Stack trace:
#0 C:\xampp\htdocs\websitebinan\system\Database\BaseConnection.php(391): CodeIgniter\Database\MySQLi\Connection->connect(false)
#1 C:\xampp\htdocs\websitebinan\system\Database\BaseConnection.php(573): CodeIgniter\Database\BaseConnection->initialize()
#2 C:\xampp\htdocs\websitebinan\system\Database\BaseBuilder.php(1616): CodeIgniter\Database\BaseConnection->query('SELECT *\nFROM `...', Array, false)
#3 C:\xampp\htdocs\websitebinan\system\Model.php(241): CodeIgniter\Database\BaseBuilder->get()
#4 C:\xampp\htdocs\websitebinan\system\BaseModel.php(618): CodeIgniter\Model->doFindAll(0, 0)
#5 C:\xampp\htdocs\websitebinan\app\Controllers\Admin.php(137): CodeIgniter\BaseModel->findAll()
#6 C:\xampp\htdocs\websitebinan\app\Controllers\Admin.php(127): App\Controllers\Admin->getUsers()
#7 C:\xampp\htdocs\websitebinan\system\CodeIgniter.php(934): App\Controllers\Admin->ajax('get_users')
#8 C:\xampp\htdocs\websitebinan\system\CodeIgniter.php(499): CodeIgniter\CodeIgniter->runController(Object(App\Controllers\Admin))
#9 C:\xampp\htdocs\websitebinan\system\CodeIgniter.php(368): CodeIgniter\CodeIgniter->handleRequest(NULL, Object(Config\Cache), false)
#10 C:\xampp\htdocs\websitebinan\public\index.php(67): CodeIgniter\CodeIgniter->run()
#11 {main}
CRITICAL - 2024-05-20 00:24:52 --> Unable to connect to the database.
Main connection [MySQLi]: No connection could be made because the target machine actively refused it.

=======
INFO - 2024-05-20 00:32:54 --> Users fetched: 0
INFO - 2024-05-20 00:32:54 --> Response data: {"draw":0,"recordsTotal":0,"recordsFiltered":0,"data":[]}
CRITICAL - 2024-05-20 01:28:17 --> Class 'App\Controllers\DeptInfo' not found
in APPPATH\Controllers\Admin.php on line 197.
 1 APPPATH\Controllers\Admin.php(141): App\Controllers\Admin->getDept()
 2 SYSTEMPATH\CodeIgniter.php(934): App\Controllers\Admin->ajax('get_dept')
 3 SYSTEMPATH\CodeIgniter.php(499): CodeIgniter\CodeIgniter->runController(Object(App\Controllers\Admin))
 4 SYSTEMPATH\CodeIgniter.php(368): CodeIgniter\CodeIgniter->handleRequest(null, Object(Config\Cache), false)
 5 FCPATH\index.php(67): CodeIgniter\CodeIgniter->run()
CRITICAL - 2024-05-20 01:30:24 --> Class 'App\Controllers\DeptInfo' not found
in APPPATH\Controllers\Admin.php on line 197.
 1 APPPATH\Controllers\Admin.php(141): App\Controllers\Admin->getDept()
 2 SYSTEMPATH\CodeIgniter.php(934): App\Controllers\Admin->ajax('get_dept')
 3 SYSTEMPATH\CodeIgniter.php(499): CodeIgniter\CodeIgniter->runController(Object(App\Controllers\Admin))
 4 SYSTEMPATH\CodeIgniter.php(368): CodeIgniter\CodeIgniter->handleRequest(null, Object(Config\Cache), false)
 5 FCPATH\index.php(67): CodeIgniter\CodeIgniter->run()
CRITICAL - 2024-05-20 01:31:08 --> Class 'App\Controllers\DeptInfo' not found
in APPPATH\Controllers\Admin.php on line 197.
 1 APPPATH\Controllers\Admin.php(141): App\Controllers\Admin->getDept()
 2 SYSTEMPATH\CodeIgniter.php(934): App\Controllers\Admin->ajax('get_dept')
 3 SYSTEMPATH\CodeIgniter.php(499): CodeIgniter\CodeIgniter->runController(Object(App\Controllers\Admin))
 4 SYSTEMPATH\CodeIgniter.php(368): CodeIgniter\CodeIgniter->handleRequest(null, Object(Config\Cache), false)
 5 FCPATH\index.php(67): CodeIgniter\CodeIgniter->run()
CRITICAL - 2024-05-20 01:31:28 --> Class 'App\Controllers\DeptInfo' not found
in APPPATH\Controllers\Admin.php on line 197.
 1 APPPATH\Controllers\Admin.php(141): App\Controllers\Admin->getDept()
 2 SYSTEMPATH\CodeIgniter.php(934): App\Controllers\Admin->ajax('get_dept')
 3 SYSTEMPATH\CodeIgniter.php(499): CodeIgniter\CodeIgniter->runController(Object(App\Controllers\Admin))
 4 SYSTEMPATH\CodeIgniter.php(368): CodeIgniter\CodeIgniter->handleRequest(null, Object(Config\Cache), false)
 5 FCPATH\index.php(67): CodeIgniter\CodeIgniter->run()
CRITICAL - 2024-05-20 01:32:00 --> Class 'App\Controllers\DeptInfo' not found
in APPPATH\Controllers\Admin.php on line 197.
 1 APPPATH\Controllers\Admin.php(141): App\Controllers\Admin->getDept()
 2 SYSTEMPATH\CodeIgniter.php(934): App\Controllers\Admin->ajax('get_dept')
 3 SYSTEMPATH\CodeIgniter.php(499): CodeIgniter\CodeIgniter->runController(Object(App\Controllers\Admin))
 4 SYSTEMPATH\CodeIgniter.php(368): CodeIgniter\CodeIgniter->handleRequest(null, Object(Config\Cache), false)
 5 FCPATH\index.php(67): CodeIgniter\CodeIgniter->run()
CRITICAL - 2024-05-20 01:32:14 --> Class 'App\Controllers\DeptInfo' not found
in APPPATH\Controllers\Admin.php on line 197.
 1 APPPATH\Controllers\Admin.php(141): App\Controllers\Admin->getDept()
 2 SYSTEMPATH\CodeIgniter.php(934): App\Controllers\Admin->ajax('get_dept')
 3 SYSTEMPATH\CodeIgniter.php(499): CodeIgniter\CodeIgniter->runController(Object(App\Controllers\Admin))
 4 SYSTEMPATH\CodeIgniter.php(368): CodeIgniter\CodeIgniter->handleRequest(null, Object(Config\Cache), false)
 5 FCPATH\index.php(67): CodeIgniter\CodeIgniter->run()
INFO - 2024-05-20 02:12:52 --> Departments: 0
INFO - 2024-05-20 02:13:42 --> Users fetched: 0
INFO - 2024-05-20 02:13:42 --> Response data: {"draw":0,"recordsTotal":0,"recordsFiltered":0,"data":[]}
INFO - 2024-05-20 02:13:50 --> Departments: 0
INFO - 2024-05-20 02:14:43 --> Departments: 0
INFO - 2024-05-20 02:14:55 --> Departments: 0
INFO - 2024-05-20 02:15:42 --> Departments: 0
INFO - 2024-05-20 02:16:37 --> Departments: 0
INFO - 2024-05-20 02:19:12 --> Users fetched: 0
INFO - 2024-05-20 02:19:12 --> Response data: {"draw":0,"recordsTotal":0,"recordsFiltered":0,"data":[]}
INFO - 2024-05-20 02:19:20 --> Departments: 0
INFO - 2024-05-20 02:20:08 --> Departments: 0
INFO - 2024-05-20 02:29:53 --> Users fetched: 0
INFO - 2024-05-20 02:29:53 --> Response data: {"draw":0,"recordsTotal":0,"recordsFiltered":0,"data":[]}
INFO - 2024-05-20 02:32:17 --> Departments: 1
INFO - 2024-05-20 02:32:23 --> Departments: 1
INFO - 2024-05-20 02:37:57 --> Departments: 1
INFO - 2024-05-20 02:37:57 --> Response: {"draw":0,"recordsTotal":1,"recordsFiltered":1,"data":[{"ID":"1","department":"Information Technology and Communications Office (ICTO)","desc":"ICT causes developing of transparency, government accountability and reducing corruption for the development of more efficient and more economical government.","img_loc":"","created_date":"2024-05-20 10:32:01","action":"<button type=\"button\" class=\"btn btn-primary btn-sm\" view-btn\"1\">View<\/button>"}]}
INFO - 2024-05-20 05:17:13 --> Departments: 1
INFO - 2024-05-20 05:17:13 --> Response: {"draw":0,"recordsTotal":1,"recordsFiltered":1,"data":[{"ID":"1","department":"Information Technology and Communications Office (ICTO)","desc":"ICT causes developing of transparency, government accountability and reducing corruption for the development of more efficient and more economical government.","img_loc":"","created_date":"2024-05-20 10:32:01","action":"<button type=\"button\" class=\"btn btn-primary btn-sm\" view-btn\"1\">View<\/button>"}]}
=======
INFO - 2024-05-20 06:58:42 --> Users fetched: 2
INFO - 2024-05-20 06:58:42 --> Response data: {"draw":0,"recordsTotal":2,"recordsFiltered":2,"data":[{"ID":"0","fname":"Joanna","lname":"Crumpleskin","username":"joanna8183","email":"joannack@gmail.com","user_lvl":"superadmin","created_date":"2024-05-17 13:19:15","updated_date":"2024-05-17 07:18:15","status":"ACTIVE"},{"ID":"1","fname":"Mapagmahal","lname":"Pedro","username":"pedrolangto","email":"pedro@gmail.com","user_lvl":"admin","created_date":"2024-05-09 14:16:49","updated_date":"2024-05-09 08:16:10","status":"ACTIVE"}]}
INFO - 2024-05-20 06:59:26 --> Users fetched: 2
INFO - 2024-05-20 06:59:26 --> Response data: {"draw":0,"recordsTotal":2,"recordsFiltered":2,"data":[{"ID":"0","fname":"Joanna","lname":"Crumpleskin","username":"joanna8183","email":"joannack@gmail.com","user_lvl":"superadmin","created_date":"2024-05-17 13:19:15","updated_date":"2024-05-17 07:18:15","status":"ACTIVE"},{"ID":"1","fname":"Mapagmahal","lname":"Pedro","username":"pedrolangto","email":"pedro@gmail.com","user_lvl":"admin","created_date":"2024-05-09 14:16:49","updated_date":"2024-05-09 08:16:10","status":"ACTIVE"}]}
INFO - 2024-05-20 06:59:54 --> Users fetched: 2
INFO - 2024-05-20 06:59:54 --> Response data: {"draw":0,"recordsTotal":2,"recordsFiltered":2,"data":[{"ID":"0","fname":"Joanna","lname":"Crumpleskin","username":"joanna8183","email":"joannack@gmail.com","user_lvl":"superadmin","created_date":"2024-05-17 13:19:15","updated_date":"2024-05-17 07:18:15","status":"ACTIVE"},{"ID":"1","fname":"Mapagmahal","lname":"Pedro","username":"pedrolangto","email":"pedro@gmail.com","user_lvl":"admin","created_date":"2024-05-09 14:16:49","updated_date":"2024-05-09 08:16:10","status":"ACTIVE"}]}
INFO - 2024-05-20 07:00:14 --> Users fetched: 2
INFO - 2024-05-20 07:00:14 --> Response data: {"draw":0,"recordsTotal":2,"recordsFiltered":2,"data":[{"ID":"0","fname":"Joanna","lname":"Crumpleskin","username":"joanna8183","email":"joannack@gmail.com","user_lvl":"superadmin","created_date":"2024-05-17 13:19:15","updated_date":"2024-05-17 07:18:15","status":"ACTIVE"},{"ID":"1","fname":"Mapagmahal","lname":"Pedro","username":"pedrolangto","email":"pedro@gmail.com","user_lvl":"admin","created_date":"2024-05-09 14:16:49","updated_date":"2024-05-09 08:16:10","status":"ACTIVE"}]}
INFO - 2024-05-20 07:01:06 --> Users fetched: 2
INFO - 2024-05-20 07:01:06 --> Response data: {"draw":0,"recordsTotal":2,"recordsFiltered":2,"data":[{"ID":"0","fname":"Joanna","lname":"Crumpleskin","username":"joanna8183","email":"joannack@gmail.com","user_lvl":"superadmin","created_date":"2024-05-17 13:19:15","updated_date":"2024-05-17 07:18:15","status":"ACTIVE"},{"ID":"1","fname":"Mapagmahal","lname":"Pedro","username":"pedrolangto","email":"pedro@gmail.com","user_lvl":"admin","created_date":"2024-05-09 14:16:49","updated_date":"2024-05-09 08:16:10","status":"ACTIVE"}]}
INFO - 2024-05-20 07:01:15 --> Users fetched: 2
INFO - 2024-05-20 07:01:15 --> Response data: {"draw":0,"recordsTotal":2,"recordsFiltered":2,"data":[{"ID":"0","fname":"Joanna","lname":"Crumpleskin","username":"joanna8183","email":"joannack@gmail.com","user_lvl":"superadmin","created_date":"2024-05-17 13:19:15","updated_date":"2024-05-17 07:18:15","status":"ACTIVE"},{"ID":"1","fname":"Mapagmahal","lname":"Pedro","username":"pedrolangto","email":"pedro@gmail.com","user_lvl":"admin","created_date":"2024-05-09 14:16:49","updated_date":"2024-05-09 08:16:10","status":"ACTIVE"}]}
INFO - 2024-05-20 07:01:19 --> Users fetched: 2
INFO - 2024-05-20 07:01:19 --> Response data: {"draw":0,"recordsTotal":2,"recordsFiltered":2,"data":[{"ID":"0","fname":"Joanna","lname":"Crumpleskin","username":"joanna8183","email":"joannack@gmail.com","user_lvl":"superadmin","created_date":"2024-05-17 13:19:15","updated_date":"2024-05-17 07:18:15","status":"ACTIVE"},{"ID":"1","fname":"Mapagmahal","lname":"Pedro","username":"pedrolangto","email":"pedro@gmail.com","user_lvl":"admin","created_date":"2024-05-09 14:16:49","updated_date":"2024-05-09 08:16:10","status":"ACTIVE"}]}
INFO - 2024-05-20 07:01:22 --> Users fetched: 2
INFO - 2024-05-20 07:01:22 --> Response data: {"draw":0,"recordsTotal":2,"recordsFiltered":2,"data":[{"ID":"0","fname":"Joanna","lname":"Crumpleskin","username":"joanna8183","email":"joannack@gmail.com","user_lvl":"superadmin","created_date":"2024-05-17 13:19:15","updated_date":"2024-05-17 07:18:15","status":"ACTIVE"},{"ID":"1","fname":"Mapagmahal","lname":"Pedro","username":"pedrolangto","email":"pedro@gmail.com","user_lvl":"admin","created_date":"2024-05-09 14:16:49","updated_date":"2024-05-09 08:16:10","status":"ACTIVE"}]}
INFO - 2024-05-20 07:01:27 --> Users fetched: 2
INFO - 2024-05-20 07:01:27 --> Response data: {"draw":0,"recordsTotal":2,"recordsFiltered":2,"data":[{"ID":"0","fname":"Joanna","lname":"Crumpleskin","username":"joanna8183","email":"joannack@gmail.com","user_lvl":"superadmin","created_date":"2024-05-17 13:19:15","updated_date":"2024-05-17 07:18:15","status":"ACTIVE"},{"ID":"1","fname":"Mapagmahal","lname":"Pedro","username":"pedrolangto","email":"pedro@gmail.com","user_lvl":"admin","created_date":"2024-05-09 14:16:49","updated_date":"2024-05-09 08:16:10","status":"ACTIVE"}]}
INFO - 2024-05-20 07:01:31 --> Users fetched: 2
INFO - 2024-05-20 07:01:31 --> Response data: {"draw":0,"recordsTotal":2,"recordsFiltered":2,"data":[{"ID":"0","fname":"Joanna","lname":"Crumpleskin","username":"joanna8183","email":"joannack@gmail.com","user_lvl":"superadmin","created_date":"2024-05-17 13:19:15","updated_date":"2024-05-17 07:18:15","status":"ACTIVE"},{"ID":"1","fname":"Mapagmahal","lname":"Pedro","username":"pedrolangto","email":"pedro@gmail.com","user_lvl":"admin","created_date":"2024-05-09 14:16:49","updated_date":"2024-05-09 08:16:10","status":"ACTIVE"}]}
INFO - 2024-05-20 07:01:35 --> Users fetched: 2
INFO - 2024-05-20 07:01:35 --> Response data: {"draw":0,"recordsTotal":2,"recordsFiltered":2,"data":[{"ID":"0","fname":"Joanna","lname":"Crumpleskin","username":"joanna8183","email":"joannack@gmail.com","user_lvl":"superadmin","created_date":"2024-05-17 13:19:15","updated_date":"2024-05-17 07:18:15","status":"ACTIVE"},{"ID":"1","fname":"Mapagmahal","lname":"Pedro","username":"pedrolangto","email":"pedro@gmail.com","user_lvl":"admin","created_date":"2024-05-09 14:16:49","updated_date":"2024-05-09 08:16:10","status":"ACTIVE"}]}
INFO - 2024-05-20 07:02:35 --> Users fetched: 2
INFO - 2024-05-20 07:02:35 --> Response data: {"draw":0,"recordsTotal":2,"recordsFiltered":2,"data":[{"ID":"0","fname":"Joanna","lname":"Crumpleskin","username":"joanna8183","email":"joannack@gmail.com","user_lvl":"superadmin","created_date":"2024-05-17 13:19:15","updated_date":"2024-05-17 07:18:15","status":"ACTIVE"},{"ID":"1","fname":"Mapagmahal","lname":"Pedro","username":"pedrolangto","email":"pedro@gmail.com","user_lvl":"admin","created_date":"2024-05-09 14:16:49","updated_date":"2024-05-09 08:16:10","status":"ACTIVE"}]}
ERROR - 2024-05-20 07:02:43 --> mysqli_sql_exception: Column 'fname' cannot be null in C:\xampp_7_4\htdocs\websitebinan\system\Database\MySQLi\Connection.php:295
Stack trace:
#0 C:\xampp_7_4\htdocs\websitebinan\system\Database\MySQLi\Connection.php(295): mysqli->query('INSERT INTO `us...', 0)
#1 C:\xampp_7_4\htdocs\websitebinan\system\Database\BaseConnection.php(691): CodeIgniter\Database\MySQLi\Connection->execute('INSERT INTO `us...')
#2 C:\xampp_7_4\htdocs\websitebinan\system\Database\BaseConnection.php(605): CodeIgniter\Database\BaseConnection->simpleQuery('INSERT INTO `us...')
#3 C:\xampp_7_4\htdocs\websitebinan\system\Database\BaseBuilder.php(2309): CodeIgniter\Database\BaseConnection->query('INSERT INTO `us...', Array, false)
#4 C:\xampp_7_4\htdocs\websitebinan\system\Model.php(330): CodeIgniter\Database\BaseBuilder->insert()
#5 C:\xampp_7_4\htdocs\websitebinan\system\BaseModel.php(782): CodeIgniter\Model->doInsert(Array)
#6 C:\xampp_7_4\htdocs\websitebinan\system\Model.php(730): CodeIgniter\BaseModel->insert(Array, false)
#7 C:\xampp_7_4\htdocs\websitebinan\system\BaseModel.php(692): CodeIgniter\Model->insert(Array, false)
#8 C:\xampp_7_4\htdocs\websitebinan\app\Controllers\Admin.php(197): CodeIgniter\BaseModel->save(Array)
#9 C:\xampp_7_4\htdocs\websitebinan\app\Controllers\Admin.php(102): App\Controllers\Admin->createUser()
#10 C:\xampp_7_4\htdocs\websitebinan\system\CodeIgniter.php(934): App\Controllers\Admin->ajax('create_user')
#11 C:\xampp_7_4\htdocs\websitebinan\system\CodeIgniter.php(499): CodeIgniter\CodeIgniter->runController(Object(App\Controllers\Admin))
#12 C:\xampp_7_4\htdocs\websitebinan\system\CodeIgniter.php(368): CodeIgniter\CodeIgniter->handleRequest(NULL, Object(Config\Cache), false)
#13 C:\xampp_7_4\htdocs\websitebinan\public\index.php(67): CodeIgniter\CodeIgniter->run()
#14 {main}
CRITICAL - 2024-05-20 07:02:43 --> Column 'fname' cannot be null
in SYSTEMPATH\Database\BaseConnection.php on line 645.
 1 SYSTEMPATH\Database\BaseBuilder.php(2309): CodeIgniter\Database\BaseConnection->query('INSERT INTO `useradmin` (`fname`, `lname`, `username`, `pass`, `email`, `user_lvl`, `dept`, `status`) VALUES (:fname:, :lname:, :username.1:, :pass:, :email.1:, :user_lvl:, :dept:, :status:)', [...], false)
 2 SYSTEMPATH\Model.php(330): CodeIgniter\Database\BaseBuilder->insert()
 3 SYSTEMPATH\BaseModel.php(782): CodeIgniter\Model->doInsert([...])
 4 SYSTEMPATH\Model.php(730): CodeIgniter\BaseModel->insert([...], false)
 5 SYSTEMPATH\BaseModel.php(692): CodeIgniter\Model->insert([...], false)
 6 APPPATH\Controllers\Admin.php(197): CodeIgniter\BaseModel->save([...])
 7 APPPATH\Controllers\Admin.php(102): App\Controllers\Admin->createUser()
 8 SYSTEMPATH\CodeIgniter.php(934): App\Controllers\Admin->ajax('create_user')
 9 SYSTEMPATH\CodeIgniter.php(499): CodeIgniter\CodeIgniter->runController(Object(App\Controllers\Admin))
10 SYSTEMPATH\CodeIgniter.php(368): CodeIgniter\CodeIgniter->handleRequest(null, Object(Config\Cache), false)
11 FCPATH\index.php(67): CodeIgniter\CodeIgniter->run()
INFO - 2024-05-20 07:07:38 --> Users fetched: 2
INFO - 2024-05-20 07:07:38 --> Response data: {"draw":0,"recordsTotal":2,"recordsFiltered":2,"data":[{"ID":"0","fname":"Joanna","lname":"Crumpleskin","username":"joanna8183","email":"joannack@gmail.com","user_lvl":"superadmin","created_date":"2024-05-17 13:19:15","updated_date":"2024-05-17 07:18:15","status":"ACTIVE"},{"ID":"1","fname":"Mapagmahal","lname":"Pedro","username":"pedrolangto","email":"pedro@gmail.com","user_lvl":"admin","created_date":"2024-05-09 14:16:49","updated_date":"2024-05-09 08:16:10","status":"ACTIVE"}]}
DEBUG - 2024-05-20 07:07:45 --> First Name: 
DEBUG - 2024-05-20 07:07:45 --> Last Name: 
INFO - 2024-05-20 07:07:45 --> Users fetched: 2
INFO - 2024-05-20 07:07:45 --> Response data: {"draw":0,"recordsTotal":2,"recordsFiltered":2,"data":[{"ID":"0","fname":"Joanna","lname":"Crumpleskin","username":"joanna8183","email":"joannack@gmail.com","user_lvl":"superadmin","created_date":"2024-05-17 13:19:15","updated_date":"2024-05-17 07:18:15","status":"ACTIVE"},{"ID":"1","fname":"Mapagmahal","lname":"Pedro","username":"pedrolangto","email":"pedro@gmail.com","user_lvl":"admin","created_date":"2024-05-09 14:16:49","updated_date":"2024-05-09 08:16:10","status":"ACTIVE"}]}
INFO - 2024-05-20 07:09:53 --> Users fetched: 2
INFO - 2024-05-20 07:09:53 --> Response data: {"draw":0,"recordsTotal":2,"recordsFiltered":2,"data":[{"ID":"0","fname":"Joanna","lname":"Crumpleskin","username":"joanna8183","email":"joannack@gmail.com","user_lvl":"superadmin","created_date":"2024-05-17 13:19:15","updated_date":"2024-05-17 07:18:15","status":"ACTIVE"},{"ID":"1","fname":"Mapagmahal","lname":"Pedro","username":"pedrolangto","email":"pedro@gmail.com","user_lvl":"admin","created_date":"2024-05-09 14:16:49","updated_date":"2024-05-09 08:16:10","status":"ACTIVE"}]}
DEBUG - 2024-05-20 07:10:02 --> First Name: fhfgh
DEBUG - 2024-05-20 07:10:02 --> Last Name: kh
ERROR - 2024-05-20 07:10:02 --> mysqli_sql_exception: Duplicate entry '0' for key 'PRIMARY' in C:\xampp_7_4\htdocs\websitebinan\system\Database\MySQLi\Connection.php:295
Stack trace:
#0 C:\xampp_7_4\htdocs\websitebinan\system\Database\MySQLi\Connection.php(295): mysqli->query('INSERT INTO `us...', 0)
#1 C:\xampp_7_4\htdocs\websitebinan\system\Database\BaseConnection.php(691): CodeIgniter\Database\MySQLi\Connection->execute('INSERT INTO `us...')
#2 C:\xampp_7_4\htdocs\websitebinan\system\Database\BaseConnection.php(605): CodeIgniter\Database\BaseConnection->simpleQuery('INSERT INTO `us...')
#3 C:\xampp_7_4\htdocs\websitebinan\system\Database\BaseBuilder.php(2309): CodeIgniter\Database\BaseConnection->query('INSERT INTO `us...', Array, false)
#4 C:\xampp_7_4\htdocs\websitebinan\system\Model.php(330): CodeIgniter\Database\BaseBuilder->insert()
#5 C:\xampp_7_4\htdocs\websitebinan\system\BaseModel.php(782): CodeIgniter\Model->doInsert(Array)
#6 C:\xampp_7_4\htdocs\websitebinan\system\Model.php(730): CodeIgniter\BaseModel->insert(Array, false)
#7 C:\xampp_7_4\htdocs\websitebinan\system\BaseModel.php(692): CodeIgniter\Model->insert(Array, false)
#8 C:\xampp_7_4\htdocs\websitebinan\app\Controllers\Admin.php(205): CodeIgniter\BaseModel->save(Array)
#9 C:\xampp_7_4\htdocs\websitebinan\app\Controllers\Admin.php(102): App\Controllers\Admin->createUser()
#10 C:\xampp_7_4\htdocs\websitebinan\system\CodeIgniter.php(934): App\Controllers\Admin->ajax('create_user')
#11 C:\xampp_7_4\htdocs\websitebinan\system\CodeIgniter.php(499): CodeIgniter\CodeIgniter->runController(Object(App\Controllers\Admin))
#12 C:\xampp_7_4\htdocs\websitebinan\system\CodeIgniter.php(368): CodeIgniter\CodeIgniter->handleRequest(NULL, Object(Config\Cache), false)
#13 C:\xampp_7_4\htdocs\websitebinan\public\index.php(67): CodeIgniter\CodeIgniter->run()
#14 {main}
CRITICAL - 2024-05-20 07:10:02 --> Duplicate entry '0' for key 'PRIMARY'
in SYSTEMPATH\Database\BaseConnection.php on line 645.
 1 SYSTEMPATH\Database\BaseBuilder.php(2309): CodeIgniter\Database\BaseConnection->query('INSERT INTO `useradmin` (`fname`, `lname`, `username`, `pass`, `email`, `user_lvl`, `dept`, `status`) VALUES (:fname:, :lname:, :username.1:, :pass:, :email.1:, :user_lvl:, :dept:, :status:)', [...], false)
 2 SYSTEMPATH\Model.php(330): CodeIgniter\Database\BaseBuilder->insert()
 3 SYSTEMPATH\BaseModel.php(782): CodeIgniter\Model->doInsert([...])
 4 SYSTEMPATH\Model.php(730): CodeIgniter\BaseModel->insert([...], false)
 5 SYSTEMPATH\BaseModel.php(692): CodeIgniter\Model->insert([...], false)
 6 APPPATH\Controllers\Admin.php(205): CodeIgniter\BaseModel->save([...])
 7 APPPATH\Controllers\Admin.php(102): App\Controllers\Admin->createUser()
 8 SYSTEMPATH\CodeIgniter.php(934): App\Controllers\Admin->ajax('create_user')
 9 SYSTEMPATH\CodeIgniter.php(499): CodeIgniter\CodeIgniter->runController(Object(App\Controllers\Admin))
10 SYSTEMPATH\CodeIgniter.php(368): CodeIgniter\CodeIgniter->handleRequest(null, Object(Config\Cache), false)
11 FCPATH\index.php(67): CodeIgniter\CodeIgniter->run()
DEBUG - 2024-05-20 07:10:05 --> First Name: fhfgh
DEBUG - 2024-05-20 07:10:05 --> Last Name: kh
ERROR - 2024-05-20 07:10:06 --> mysqli_sql_exception: Duplicate entry '0' for key 'PRIMARY' in C:\xampp_7_4\htdocs\websitebinan\system\Database\MySQLi\Connection.php:295
Stack trace:
#0 C:\xampp_7_4\htdocs\websitebinan\system\Database\MySQLi\Connection.php(295): mysqli->query('INSERT INTO `us...', 0)
#1 C:\xampp_7_4\htdocs\websitebinan\system\Database\BaseConnection.php(691): CodeIgniter\Database\MySQLi\Connection->execute('INSERT INTO `us...')
#2 C:\xampp_7_4\htdocs\websitebinan\system\Database\BaseConnection.php(605): CodeIgniter\Database\BaseConnection->simpleQuery('INSERT INTO `us...')
#3 C:\xampp_7_4\htdocs\websitebinan\system\Database\BaseBuilder.php(2309): CodeIgniter\Database\BaseConnection->query('INSERT INTO `us...', Array, false)
#4 C:\xampp_7_4\htdocs\websitebinan\system\Model.php(330): CodeIgniter\Database\BaseBuilder->insert()
#5 C:\xampp_7_4\htdocs\websitebinan\system\BaseModel.php(782): CodeIgniter\Model->doInsert(Array)
#6 C:\xampp_7_4\htdocs\websitebinan\system\Model.php(730): CodeIgniter\BaseModel->insert(Array, false)
#7 C:\xampp_7_4\htdocs\websitebinan\system\BaseModel.php(692): CodeIgniter\Model->insert(Array, false)
#8 C:\xampp_7_4\htdocs\websitebinan\app\Controllers\Admin.php(205): CodeIgniter\BaseModel->save(Array)
#9 C:\xampp_7_4\htdocs\websitebinan\app\Controllers\Admin.php(102): App\Controllers\Admin->createUser()
#10 C:\xampp_7_4\htdocs\websitebinan\system\CodeIgniter.php(934): App\Controllers\Admin->ajax('create_user')
#11 C:\xampp_7_4\htdocs\websitebinan\system\CodeIgniter.php(499): CodeIgniter\CodeIgniter->runController(Object(App\Controllers\Admin))
#12 C:\xampp_7_4\htdocs\websitebinan\system\CodeIgniter.php(368): CodeIgniter\CodeIgniter->handleRequest(NULL, Object(Config\Cache), false)
#13 C:\xampp_7_4\htdocs\websitebinan\public\index.php(67): CodeIgniter\CodeIgniter->run()
#14 {main}
CRITICAL - 2024-05-20 07:10:06 --> Duplicate entry '0' for key 'PRIMARY'
in SYSTEMPATH\Database\BaseConnection.php on line 645.
 1 SYSTEMPATH\Database\BaseBuilder.php(2309): CodeIgniter\Database\BaseConnection->query('INSERT INTO `useradmin` (`fname`, `lname`, `username`, `pass`, `email`, `user_lvl`, `dept`, `status`) VALUES (:fname:, :lname:, :username.1:, :pass:, :email.1:, :user_lvl:, :dept:, :status:)', [...], false)
 2 SYSTEMPATH\Model.php(330): CodeIgniter\Database\BaseBuilder->insert()
 3 SYSTEMPATH\BaseModel.php(782): CodeIgniter\Model->doInsert([...])
 4 SYSTEMPATH\Model.php(730): CodeIgniter\BaseModel->insert([...], false)
 5 SYSTEMPATH\BaseModel.php(692): CodeIgniter\Model->insert([...], false)
 6 APPPATH\Controllers\Admin.php(205): CodeIgniter\BaseModel->save([...])
 7 APPPATH\Controllers\Admin.php(102): App\Controllers\Admin->createUser()
 8 SYSTEMPATH\CodeIgniter.php(934): App\Controllers\Admin->ajax('create_user')
 9 SYSTEMPATH\CodeIgniter.php(499): CodeIgniter\CodeIgniter->runController(Object(App\Controllers\Admin))
10 SYSTEMPATH\CodeIgniter.php(368): CodeIgniter\CodeIgniter->handleRequest(null, Object(Config\Cache), false)
11 FCPATH\index.php(67): CodeIgniter\CodeIgniter->run()
DEBUG - 2024-05-20 07:15:35 --> First Name: fhfgh
DEBUG - 2024-05-20 07:15:35 --> Last Name: kh
ERROR - 2024-05-20 07:15:35 --> mysqli_sql_exception: Duplicate entry '0' for key 'PRIMARY' in C:\xampp_7_4\htdocs\websitebinan\system\Database\MySQLi\Connection.php:295
Stack trace:
#0 C:\xampp_7_4\htdocs\websitebinan\system\Database\MySQLi\Connection.php(295): mysqli->query('INSERT INTO `us...', 0)
#1 C:\xampp_7_4\htdocs\websitebinan\system\Database\BaseConnection.php(691): CodeIgniter\Database\MySQLi\Connection->execute('INSERT INTO `us...')
#2 C:\xampp_7_4\htdocs\websitebinan\system\Database\BaseConnection.php(605): CodeIgniter\Database\BaseConnection->simpleQuery('INSERT INTO `us...')
#3 C:\xampp_7_4\htdocs\websitebinan\system\Database\BaseBuilder.php(2309): CodeIgniter\Database\BaseConnection->query('INSERT INTO `us...', Array, false)
#4 C:\xampp_7_4\htdocs\websitebinan\system\Model.php(330): CodeIgniter\Database\BaseBuilder->insert()
#5 C:\xampp_7_4\htdocs\websitebinan\system\BaseModel.php(782): CodeIgniter\Model->doInsert(Array)
#6 C:\xampp_7_4\htdocs\websitebinan\system\Model.php(730): CodeIgniter\BaseModel->insert(Array, false)
#7 C:\xampp_7_4\htdocs\websitebinan\system\BaseModel.php(692): CodeIgniter\Model->insert(Array, false)
#8 C:\xampp_7_4\htdocs\websitebinan\app\Controllers\Admin.php(205): CodeIgniter\BaseModel->save(Array)
#9 C:\xampp_7_4\htdocs\websitebinan\app\Controllers\Admin.php(102): App\Controllers\Admin->createUser()
#10 C:\xampp_7_4\htdocs\websitebinan\system\CodeIgniter.php(934): App\Controllers\Admin->ajax('create_user')
#11 C:\xampp_7_4\htdocs\websitebinan\system\CodeIgniter.php(499): CodeIgniter\CodeIgniter->runController(Object(App\Controllers\Admin))
#12 C:\xampp_7_4\htdocs\websitebinan\system\CodeIgniter.php(368): CodeIgniter\CodeIgniter->handleRequest(NULL, Object(Config\Cache), false)
#13 C:\xampp_7_4\htdocs\websitebinan\public\index.php(67): CodeIgniter\CodeIgniter->run()
#14 {main}
CRITICAL - 2024-05-20 07:15:35 --> Duplicate entry '0' for key 'PRIMARY'
in SYSTEMPATH\Database\BaseConnection.php on line 645.
 1 SYSTEMPATH\Database\BaseBuilder.php(2309): CodeIgniter\Database\BaseConnection->query('INSERT INTO `useradmin` (`fname`, `lname`, `username`, `pass`, `email`, `user_lvl`, `dept`, `status`) VALUES (:fname:, :lname:, :username.1:, :pass:, :email.1:, :user_lvl:, :dept:, :status:)', [...], false)
 2 SYSTEMPATH\Model.php(330): CodeIgniter\Database\BaseBuilder->insert()
 3 SYSTEMPATH\BaseModel.php(782): CodeIgniter\Model->doInsert([...])
 4 SYSTEMPATH\Model.php(730): CodeIgniter\BaseModel->insert([...], false)
 5 SYSTEMPATH\BaseModel.php(692): CodeIgniter\Model->insert([...], false)
 6 APPPATH\Controllers\Admin.php(205): CodeIgniter\BaseModel->save([...])
 7 APPPATH\Controllers\Admin.php(102): App\Controllers\Admin->createUser()
 8 SYSTEMPATH\CodeIgniter.php(934): App\Controllers\Admin->ajax('create_user')
 9 SYSTEMPATH\CodeIgniter.php(499): CodeIgniter\CodeIgniter->runController(Object(App\Controllers\Admin))
10 SYSTEMPATH\CodeIgniter.php(368): CodeIgniter\CodeIgniter->handleRequest(null, Object(Config\Cache), false)
11 FCPATH\index.php(67): CodeIgniter\CodeIgniter->run()
INFO - 2024-05-20 07:21:06 --> Users fetched: 2
INFO - 2024-05-20 07:21:06 --> Response data: {"draw":0,"recordsTotal":2,"recordsFiltered":2,"data":[{"ID":"0","fname":"Joanna","lname":"Crumpleskin","username":"joanna8183","email":"joannack@gmail.com","user_lvl":"superadmin","created_date":"2024-05-17 13:19:15","updated_date":"2024-05-17 07:18:15","status":"ACTIVE"},{"ID":"1","fname":"Mapagmahal","lname":"Pedro","username":"pedrolangto","email":"pedro@gmail.com","user_lvl":"admin","created_date":"2024-05-09 14:16:49","updated_date":"2024-05-09 08:16:10","status":"ACTIVE"}]}
DEBUG - 2024-05-20 07:21:31 --> First Name: yfgg
DEBUG - 2024-05-20 07:21:31 --> Last Name: fgh
ERROR - 2024-05-20 07:21:32 --> mysqli_sql_exception: Duplicate entry '0' for key 'PRIMARY' in C:\xampp_7_4\htdocs\websitebinan\system\Database\MySQLi\Connection.php:295
Stack trace:
#0 C:\xampp_7_4\htdocs\websitebinan\system\Database\MySQLi\Connection.php(295): mysqli->query('INSERT INTO `us...', 0)
#1 C:\xampp_7_4\htdocs\websitebinan\system\Database\BaseConnection.php(691): CodeIgniter\Database\MySQLi\Connection->execute('INSERT INTO `us...')
#2 C:\xampp_7_4\htdocs\websitebinan\system\Database\BaseConnection.php(605): CodeIgniter\Database\BaseConnection->simpleQuery('INSERT INTO `us...')
#3 C:\xampp_7_4\htdocs\websitebinan\system\Database\BaseBuilder.php(2309): CodeIgniter\Database\BaseConnection->query('INSERT INTO `us...', Array, false)
#4 C:\xampp_7_4\htdocs\websitebinan\system\Model.php(330): CodeIgniter\Database\BaseBuilder->insert()
#5 C:\xampp_7_4\htdocs\websitebinan\system\BaseModel.php(782): CodeIgniter\Model->doInsert(Array)
#6 C:\xampp_7_4\htdocs\websitebinan\system\Model.php(730): CodeIgniter\BaseModel->insert(Array, false)
#7 C:\xampp_7_4\htdocs\websitebinan\system\BaseModel.php(692): CodeIgniter\Model->insert(Array, false)
#8 C:\xampp_7_4\htdocs\websitebinan\app\Controllers\Admin.php(205): CodeIgniter\BaseModel->save(Array)
#9 C:\xampp_7_4\htdocs\websitebinan\app\Controllers\Admin.php(102): App\Controllers\Admin->createUser()
#10 C:\xampp_7_4\htdocs\websitebinan\system\CodeIgniter.php(934): App\Controllers\Admin->ajax('create_user')
#11 C:\xampp_7_4\htdocs\websitebinan\system\CodeIgniter.php(499): CodeIgniter\CodeIgniter->runController(Object(App\Controllers\Admin))
#12 C:\xampp_7_4\htdocs\websitebinan\system\CodeIgniter.php(368): CodeIgniter\CodeIgniter->handleRequest(NULL, Object(Config\Cache), false)
#13 C:\xampp_7_4\htdocs\websitebinan\public\index.php(67): CodeIgniter\CodeIgniter->run()
#14 {main}
CRITICAL - 2024-05-20 07:21:32 --> Duplicate entry '0' for key 'PRIMARY'
in SYSTEMPATH\Database\BaseConnection.php on line 645.
 1 SYSTEMPATH\Database\BaseBuilder.php(2309): CodeIgniter\Database\BaseConnection->query('INSERT INTO `useradmin` (`fname`, `lname`, `username`, `pass`, `email`, `user_lvl`, `dept`, `status`) VALUES (:fname:, :lname:, :username.1:, :pass:, :email.1:, :user_lvl:, :dept:, :status:)', [...], false)
 2 SYSTEMPATH\Model.php(330): CodeIgniter\Database\BaseBuilder->insert()
 3 SYSTEMPATH\BaseModel.php(782): CodeIgniter\Model->doInsert([...])
 4 SYSTEMPATH\Model.php(730): CodeIgniter\BaseModel->insert([...], false)
 5 SYSTEMPATH\BaseModel.php(692): CodeIgniter\Model->insert([...], false)
 6 APPPATH\Controllers\Admin.php(205): CodeIgniter\BaseModel->save([...])
 7 APPPATH\Controllers\Admin.php(102): App\Controllers\Admin->createUser()
 8 SYSTEMPATH\CodeIgniter.php(934): App\Controllers\Admin->ajax('create_user')
 9 SYSTEMPATH\CodeIgniter.php(499): CodeIgniter\CodeIgniter->runController(Object(App\Controllers\Admin))
10 SYSTEMPATH\CodeIgniter.php(368): CodeIgniter\CodeIgniter->handleRequest(null, Object(Config\Cache), false)
11 FCPATH\index.php(67): CodeIgniter\CodeIgniter->run()
ERROR - 2024-05-20 08:19:37 --> Error connecting to the database: mysqli_sql_exception: Unknown database 'websitebinan' in C:\xampp_7_4\htdocs\websitebinan\system\Database\MySQLi\Connection.php:174
Stack trace:
#0 C:\xampp_7_4\htdocs\websitebinan\system\Database\MySQLi\Connection.php(174): mysqli->real_connect('localhost', 'root', '', 'websitebinan', 3307, '', 0)
#1 C:\xampp_7_4\htdocs\websitebinan\system\Database\BaseConnection.php(391): CodeIgniter\Database\MySQLi\Connection->connect(false)
#2 C:\xampp_7_4\htdocs\websitebinan\system\Database\BaseConnection.php(573): CodeIgniter\Database\BaseConnection->initialize()
#3 C:\xampp_7_4\htdocs\websitebinan\system\Database\BaseBuilder.php(1616): CodeIgniter\Database\BaseConnection->query('SELECT *\nFROM `...', Array, false)
#4 C:\xampp_7_4\htdocs\websitebinan\system\Model.php(241): CodeIgniter\Database\BaseBuilder->get()
#5 C:\xampp_7_4\htdocs\websitebinan\system\BaseModel.php(618): CodeIgniter\Model->doFindAll(0, 0)
#6 C:\xampp_7_4\htdocs\websitebinan\app\Controllers\Admin.php(114): CodeIgniter\BaseModel->findAll()
#7 C:\xampp_7_4\htdocs\websitebinan\app\Controllers\Admin.php(92): App\Controllers\Admin->getUsers()
#8 C:\xampp_7_4\htdocs\websitebinan\system\CodeIgniter.php(934): App\Controllers\Admin->ajax('get_users')
#9 C:\xampp_7_4\htdocs\websitebinan\system\CodeIgniter.php(499): CodeIgniter\CodeIgniter->runController(Object(App\Controllers\Admin))
#10 C:\xampp_7_4\htdocs\websitebinan\system\CodeIgniter.php(368): CodeIgniter\CodeIgniter->handleRequest(NULL, Object(Config\Cache), false)
#11 C:\xampp_7_4\htdocs\websitebinan\public\index.php(67): CodeIgniter\CodeIgniter->run()
#12 {main}

Next CodeIgniter\Database\Exceptions\DatabaseException: Unknown database 'websitebinan' in C:\xampp_7_4\htdocs\websitebinan\system\Database\MySQLi\Connection.php:218
Stack trace:
#0 C:\xampp_7_4\htdocs\websitebinan\system\Database\BaseConnection.php(391): CodeIgniter\Database\MySQLi\Connection->connect(false)
#1 C:\xampp_7_4\htdocs\websitebinan\system\Database\BaseConnection.php(573): CodeIgniter\Database\BaseConnection->initialize()
#2 C:\xampp_7_4\htdocs\websitebinan\system\Database\BaseBuilder.php(1616): CodeIgniter\Database\BaseConnection->query('SELECT *\nFROM `...', Array, false)
#3 C:\xampp_7_4\htdocs\websitebinan\system\Model.php(241): CodeIgniter\Database\BaseBuilder->get()
#4 C:\xampp_7_4\htdocs\websitebinan\system\BaseModel.php(618): CodeIgniter\Model->doFindAll(0, 0)
#5 C:\xampp_7_4\htdocs\websitebinan\app\Controllers\Admin.php(114): CodeIgniter\BaseModel->findAll()
#6 C:\xampp_7_4\htdocs\websitebinan\app\Controllers\Admin.php(92): App\Controllers\Admin->getUsers()
#7 C:\xampp_7_4\htdocs\websitebinan\system\CodeIgniter.php(934): App\Controllers\Admin->ajax('get_users')
#8 C:\xampp_7_4\htdocs\websitebinan\system\CodeIgniter.php(499): CodeIgniter\CodeIgniter->runController(Object(App\Controllers\Admin))
#9 C:\xampp_7_4\htdocs\websitebinan\system\CodeIgniter.php(368): CodeIgniter\CodeIgniter->handleRequest(NULL, Object(Config\Cache), false)
#10 C:\xampp_7_4\htdocs\websitebinan\public\index.php(67): CodeIgniter\CodeIgniter->run()
#11 {main}
CRITICAL - 2024-05-20 08:19:37 --> Unable to connect to the database.
Main connection [MySQLi]: Unknown database 'websitebinan'
>>>>>>> 6c4ef333142ca6d907244bc12218e5ca061441cf
in SYSTEMPATH\Database\BaseConnection.php on line 427.
 1 SYSTEMPATH\Database\BaseConnection.php(573): CodeIgniter\Database\BaseConnection->initialize()
 2 SYSTEMPATH\Database\BaseBuilder.php(1616): CodeIgniter\Database\BaseConnection->query('SELECT *
FROM `useradmin`', [], false)
 3 SYSTEMPATH\Model.php(241): CodeIgniter\Database\BaseBuilder->get()
 4 SYSTEMPATH\BaseModel.php(618): CodeIgniter\Model->doFindAll(0, 0)
<<<<<<< HEAD
 5 APPPATH\Controllers\Admin.php(137): CodeIgniter\BaseModel->findAll()
 6 APPPATH\Controllers\Admin.php(127): App\Controllers\Admin->getUsers()
=======
 5 APPPATH\Controllers\Admin.php(114): CodeIgniter\BaseModel->findAll()
 6 APPPATH\Controllers\Admin.php(92): App\Controllers\Admin->getUsers()
>>>>>>> 6c4ef333142ca6d907244bc12218e5ca061441cf
 7 SYSTEMPATH\CodeIgniter.php(934): App\Controllers\Admin->ajax('get_users')
 8 SYSTEMPATH\CodeIgniter.php(499): CodeIgniter\CodeIgniter->runController(Object(App\Controllers\Admin))
 9 SYSTEMPATH\CodeIgniter.php(368): CodeIgniter\CodeIgniter->handleRequest(null, Object(Config\Cache), false)
10 FCPATH\index.php(67): CodeIgniter\CodeIgniter->run()
<<<<<<< HEAD
ERROR - 2024-05-20 00:41:20 --> Error connecting to the database: mysqli_sql_exception: No connection could be made because the target machine actively refused it.
 in C:\xampp\htdocs\websitebinan\system\Database\MySQLi\Connection.php:174
Stack trace:
#0 C:\xampp\htdocs\websitebinan\system\Database\MySQLi\Connection.php(174): mysqli->real_connect('localhost', 'root', '', 'websitebinan', 3307, '', 0)
#1 C:\xampp\htdocs\websitebinan\system\Database\BaseConnection.php(391): CodeIgniter\Database\MySQLi\Connection->connect(false)
#2 C:\xampp\htdocs\websitebinan\system\Database\BaseConnection.php(573): CodeIgniter\Database\BaseConnection->initialize()
#3 C:\xampp\htdocs\websitebinan\system\Database\BaseBuilder.php(1616): CodeIgniter\Database\BaseConnection->query('SELECT *\nFROM `...', Array, false)
#4 C:\xampp\htdocs\websitebinan\system\Model.php(241): CodeIgniter\Database\BaseBuilder->get()
#5 C:\xampp\htdocs\websitebinan\system\BaseModel.php(618): CodeIgniter\Model->doFindAll(0, 0)
#6 C:\xampp\htdocs\websitebinan\app\Controllers\Admin.php(140): CodeIgniter\BaseModel->findAll()
#7 C:\xampp\htdocs\websitebinan\app\Controllers\Admin.php(130): App\Controllers\Admin->getUsers()
#8 C:\xampp\htdocs\websitebinan\system\CodeIgniter.php(934): App\Controllers\Admin->ajax('get_users')
#9 C:\xampp\htdocs\websitebinan\system\CodeIgniter.php(499): CodeIgniter\CodeIgniter->runController(Object(App\Controllers\Admin))
#10 C:\xampp\htdocs\websitebinan\system\CodeIgniter.php(368): CodeIgniter\CodeIgniter->handleRequest(NULL, Object(Config\Cache), false)
#11 C:\xampp\htdocs\websitebinan\public\index.php(67): CodeIgniter\CodeIgniter->run()
#12 {main}

Next CodeIgniter\Database\Exceptions\DatabaseException: No connection could be made because the target machine actively refused it.
 in C:\xampp\htdocs\websitebinan\system\Database\MySQLi\Connection.php:218
Stack trace:
#0 C:\xampp\htdocs\websitebinan\system\Database\BaseConnection.php(391): CodeIgniter\Database\MySQLi\Connection->connect(false)
#1 C:\xampp\htdocs\websitebinan\system\Database\BaseConnection.php(573): CodeIgniter\Database\BaseConnection->initialize()
#2 C:\xampp\htdocs\websitebinan\system\Database\BaseBuilder.php(1616): CodeIgniter\Database\BaseConnection->query('SELECT *\nFROM `...', Array, false)
#3 C:\xampp\htdocs\websitebinan\system\Model.php(241): CodeIgniter\Database\BaseBuilder->get()
#4 C:\xampp\htdocs\websitebinan\system\BaseModel.php(618): CodeIgniter\Model->doFindAll(0, 0)
#5 C:\xampp\htdocs\websitebinan\app\Controllers\Admin.php(140): CodeIgniter\BaseModel->findAll()
#6 C:\xampp\htdocs\websitebinan\app\Controllers\Admin.php(130): App\Controllers\Admin->getUsers()
#7 C:\xampp\htdocs\websitebinan\system\CodeIgniter.php(934): App\Controllers\Admin->ajax('get_users')
#8 C:\xampp\htdocs\websitebinan\system\CodeIgniter.php(499): CodeIgniter\CodeIgniter->runController(Object(App\Controllers\Admin))
#9 C:\xampp\htdocs\websitebinan\system\CodeIgniter.php(368): CodeIgniter\CodeIgniter->handleRequest(NULL, Object(Config\Cache), false)
#10 C:\xampp\htdocs\websitebinan\public\index.php(67): CodeIgniter\CodeIgniter->run()
#11 {main}
CRITICAL - 2024-05-20 00:41:20 --> Unable to connect to the database.
Main connection [MySQLi]: No connection could be made because the target machine actively refused it.

=======
ERROR - 2024-05-20 08:19:42 --> Error connecting to the database: mysqli_sql_exception: Unknown database 'websitebinan' in C:\xampp_7_4\htdocs\websitebinan\system\Database\MySQLi\Connection.php:174
Stack trace:
#0 C:\xampp_7_4\htdocs\websitebinan\system\Database\MySQLi\Connection.php(174): mysqli->real_connect('localhost', 'root', '', 'websitebinan', 3307, '', 0)
#1 C:\xampp_7_4\htdocs\websitebinan\system\Database\BaseConnection.php(391): CodeIgniter\Database\MySQLi\Connection->connect(false)
#2 C:\xampp_7_4\htdocs\websitebinan\system\Database\BaseConnection.php(573): CodeIgniter\Database\BaseConnection->initialize()
#3 C:\xampp_7_4\htdocs\websitebinan\system\Database\BaseBuilder.php(1616): CodeIgniter\Database\BaseConnection->query('SELECT *\nFROM `...', Array, false)
#4 C:\xampp_7_4\htdocs\websitebinan\system\Model.php(241): CodeIgniter\Database\BaseBuilder->get()
#5 C:\xampp_7_4\htdocs\websitebinan\system\BaseModel.php(618): CodeIgniter\Model->doFindAll(0, 0)
#6 C:\xampp_7_4\htdocs\websitebinan\app\Controllers\Admin.php(114): CodeIgniter\BaseModel->findAll()
#7 C:\xampp_7_4\htdocs\websitebinan\app\Controllers\Admin.php(92): App\Controllers\Admin->getUsers()
#8 C:\xampp_7_4\htdocs\websitebinan\system\CodeIgniter.php(934): App\Controllers\Admin->ajax('get_users')
#9 C:\xampp_7_4\htdocs\websitebinan\system\CodeIgniter.php(499): CodeIgniter\CodeIgniter->runController(Object(App\Controllers\Admin))
#10 C:\xampp_7_4\htdocs\websitebinan\system\CodeIgniter.php(368): CodeIgniter\CodeIgniter->handleRequest(NULL, Object(Config\Cache), false)
#11 C:\xampp_7_4\htdocs\websitebinan\public\index.php(67): CodeIgniter\CodeIgniter->run()
#12 {main}

Next CodeIgniter\Database\Exceptions\DatabaseException: Unknown database 'websitebinan' in C:\xampp_7_4\htdocs\websitebinan\system\Database\MySQLi\Connection.php:218
Stack trace:
#0 C:\xampp_7_4\htdocs\websitebinan\system\Database\BaseConnection.php(391): CodeIgniter\Database\MySQLi\Connection->connect(false)
#1 C:\xampp_7_4\htdocs\websitebinan\system\Database\BaseConnection.php(573): CodeIgniter\Database\BaseConnection->initialize()
#2 C:\xampp_7_4\htdocs\websitebinan\system\Database\BaseBuilder.php(1616): CodeIgniter\Database\BaseConnection->query('SELECT *\nFROM `...', Array, false)
#3 C:\xampp_7_4\htdocs\websitebinan\system\Model.php(241): CodeIgniter\Database\BaseBuilder->get()
#4 C:\xampp_7_4\htdocs\websitebinan\system\BaseModel.php(618): CodeIgniter\Model->doFindAll(0, 0)
#5 C:\xampp_7_4\htdocs\websitebinan\app\Controllers\Admin.php(114): CodeIgniter\BaseModel->findAll()
#6 C:\xampp_7_4\htdocs\websitebinan\app\Controllers\Admin.php(92): App\Controllers\Admin->getUsers()
#7 C:\xampp_7_4\htdocs\websitebinan\system\CodeIgniter.php(934): App\Controllers\Admin->ajax('get_users')
#8 C:\xampp_7_4\htdocs\websitebinan\system\CodeIgniter.php(499): CodeIgniter\CodeIgniter->runController(Object(App\Controllers\Admin))
#9 C:\xampp_7_4\htdocs\websitebinan\system\CodeIgniter.php(368): CodeIgniter\CodeIgniter->handleRequest(NULL, Object(Config\Cache), false)
#10 C:\xampp_7_4\htdocs\websitebinan\public\index.php(67): CodeIgniter\CodeIgniter->run()
#11 {main}
CRITICAL - 2024-05-20 08:19:42 --> Unable to connect to the database.
Main connection [MySQLi]: Unknown database 'websitebinan'
>>>>>>> 6c4ef333142ca6d907244bc12218e5ca061441cf
in SYSTEMPATH\Database\BaseConnection.php on line 427.
 1 SYSTEMPATH\Database\BaseConnection.php(573): CodeIgniter\Database\BaseConnection->initialize()
 2 SYSTEMPATH\Database\BaseBuilder.php(1616): CodeIgniter\Database\BaseConnection->query('SELECT *
FROM `useradmin`', [], false)
 3 SYSTEMPATH\Model.php(241): CodeIgniter\Database\BaseBuilder->get()
 4 SYSTEMPATH\BaseModel.php(618): CodeIgniter\Model->doFindAll(0, 0)
<<<<<<< HEAD
 5 APPPATH\Controllers\Admin.php(140): CodeIgniter\BaseModel->findAll()
 6 APPPATH\Controllers\Admin.php(130): App\Controllers\Admin->getUsers()
=======
 5 APPPATH\Controllers\Admin.php(114): CodeIgniter\BaseModel->findAll()
 6 APPPATH\Controllers\Admin.php(92): App\Controllers\Admin->getUsers()
>>>>>>> 6c4ef333142ca6d907244bc12218e5ca061441cf
 7 SYSTEMPATH\CodeIgniter.php(934): App\Controllers\Admin->ajax('get_users')
 8 SYSTEMPATH\CodeIgniter.php(499): CodeIgniter\CodeIgniter->runController(Object(App\Controllers\Admin))
 9 SYSTEMPATH\CodeIgniter.php(368): CodeIgniter\CodeIgniter->handleRequest(null, Object(Config\Cache), false)
10 FCPATH\index.php(67): CodeIgniter\CodeIgniter->run()
<<<<<<< HEAD
ERROR - 2024-05-20 00:41:44 --> Error connecting to the database: mysqli_sql_exception: No connection could be made because the target machine actively refused it.
 in C:\xampp\htdocs\websitebinan\system\Database\MySQLi\Connection.php:174
Stack trace:
#0 C:\xampp\htdocs\websitebinan\system\Database\MySQLi\Connection.php(174): mysqli->real_connect('localhost', 'root', '', 'websitebinan', 3307, '', 0)
#1 C:\xampp\htdocs\websitebinan\system\Database\BaseConnection.php(391): CodeIgniter\Database\MySQLi\Connection->connect(false)
#2 C:\xampp\htdocs\websitebinan\system\Database\BaseConnection.php(573): CodeIgniter\Database\BaseConnection->initialize()
#3 C:\xampp\htdocs\websitebinan\system\Database\BaseBuilder.php(1616): CodeIgniter\Database\BaseConnection->query('SELECT *\nFROM `...', Array, false)
#4 C:\xampp\htdocs\websitebinan\system\Model.php(241): CodeIgniter\Database\BaseBuilder->get()
#5 C:\xampp\htdocs\websitebinan\system\BaseModel.php(618): CodeIgniter\Model->doFindAll(0, 0)
#6 C:\xampp\htdocs\websitebinan\app\Controllers\Admin.php(140): CodeIgniter\BaseModel->findAll()
#7 C:\xampp\htdocs\websitebinan\app\Controllers\Admin.php(130): App\Controllers\Admin->getUsers()
#8 C:\xampp\htdocs\websitebinan\system\CodeIgniter.php(934): App\Controllers\Admin->ajax('get_users')
#9 C:\xampp\htdocs\websitebinan\system\CodeIgniter.php(499): CodeIgniter\CodeIgniter->runController(Object(App\Controllers\Admin))
#10 C:\xampp\htdocs\websitebinan\system\CodeIgniter.php(368): CodeIgniter\CodeIgniter->handleRequest(NULL, Object(Config\Cache), false)
#11 C:\xampp\htdocs\websitebinan\public\index.php(67): CodeIgniter\CodeIgniter->run()
#12 {main}

Next CodeIgniter\Database\Exceptions\DatabaseException: No connection could be made because the target machine actively refused it.
 in C:\xampp\htdocs\websitebinan\system\Database\MySQLi\Connection.php:218
Stack trace:
#0 C:\xampp\htdocs\websitebinan\system\Database\BaseConnection.php(391): CodeIgniter\Database\MySQLi\Connection->connect(false)
#1 C:\xampp\htdocs\websitebinan\system\Database\BaseConnection.php(573): CodeIgniter\Database\BaseConnection->initialize()
#2 C:\xampp\htdocs\websitebinan\system\Database\BaseBuilder.php(1616): CodeIgniter\Database\BaseConnection->query('SELECT *\nFROM `...', Array, false)
#3 C:\xampp\htdocs\websitebinan\system\Model.php(241): CodeIgniter\Database\BaseBuilder->get()
#4 C:\xampp\htdocs\websitebinan\system\BaseModel.php(618): CodeIgniter\Model->doFindAll(0, 0)
#5 C:\xampp\htdocs\websitebinan\app\Controllers\Admin.php(140): CodeIgniter\BaseModel->findAll()
#6 C:\xampp\htdocs\websitebinan\app\Controllers\Admin.php(130): App\Controllers\Admin->getUsers()
#7 C:\xampp\htdocs\websitebinan\system\CodeIgniter.php(934): App\Controllers\Admin->ajax('get_users')
#8 C:\xampp\htdocs\websitebinan\system\CodeIgniter.php(499): CodeIgniter\CodeIgniter->runController(Object(App\Controllers\Admin))
#9 C:\xampp\htdocs\websitebinan\system\CodeIgniter.php(368): CodeIgniter\CodeIgniter->handleRequest(NULL, Object(Config\Cache), false)
#10 C:\xampp\htdocs\websitebinan\public\index.php(67): CodeIgniter\CodeIgniter->run()
#11 {main}
CRITICAL - 2024-05-20 00:41:44 --> Unable to connect to the database.
Main connection [MySQLi]: No connection could be made because the target machine actively refused it.

in SYSTEMPATH\Database\BaseConnection.php on line 427.
 1 SYSTEMPATH\Database\BaseConnection.php(573): CodeIgniter\Database\BaseConnection->initialize()
 2 SYSTEMPATH\Database\BaseBuilder.php(1616): CodeIgniter\Database\BaseConnection->query('SELECT *
FROM `useradmin`', [], false)
 3 SYSTEMPATH\Model.php(241): CodeIgniter\Database\BaseBuilder->get()
 4 SYSTEMPATH\BaseModel.php(618): CodeIgniter\Model->doFindAll(0, 0)
 5 APPPATH\Controllers\Admin.php(140): CodeIgniter\BaseModel->findAll()
 6 APPPATH\Controllers\Admin.php(130): App\Controllers\Admin->getUsers()
 7 SYSTEMPATH\CodeIgniter.php(934): App\Controllers\Admin->ajax('get_users')
 8 SYSTEMPATH\CodeIgniter.php(499): CodeIgniter\CodeIgniter->runController(Object(App\Controllers\Admin))
 9 SYSTEMPATH\CodeIgniter.php(368): CodeIgniter\CodeIgniter->handleRequest(null, Object(Config\Cache), false)
10 FCPATH\index.php(67): CodeIgniter\CodeIgniter->run()
ERROR - 2024-05-20 00:42:26 --> Error connecting to the database: mysqli_sql_exception: No connection could be made because the target machine actively refused it.
 in C:\xampp\htdocs\websitebinan\system\Database\MySQLi\Connection.php:174
Stack trace:
#0 C:\xampp\htdocs\websitebinan\system\Database\MySQLi\Connection.php(174): mysqli->real_connect('localhost', 'root', '', 'websitebinan', 3307, '', 0)
#1 C:\xampp\htdocs\websitebinan\system\Database\BaseConnection.php(391): CodeIgniter\Database\MySQLi\Connection->connect(false)
#2 C:\xampp\htdocs\websitebinan\system\Database\BaseConnection.php(573): CodeIgniter\Database\BaseConnection->initialize()
#3 C:\xampp\htdocs\websitebinan\system\Database\BaseBuilder.php(1616): CodeIgniter\Database\BaseConnection->query('SELECT *\nFROM `...', Array, false)
#4 C:\xampp\htdocs\websitebinan\system\Model.php(241): CodeIgniter\Database\BaseBuilder->get()
#5 C:\xampp\htdocs\websitebinan\system\BaseModel.php(618): CodeIgniter\Model->doFindAll(0, 0)
#6 C:\xampp\htdocs\websitebinan\app\Controllers\Admin.php(140): CodeIgniter\BaseModel->findAll()
#7 C:\xampp\htdocs\websitebinan\app\Controllers\Admin.php(130): App\Controllers\Admin->getUsers()
#8 C:\xampp\htdocs\websitebinan\system\CodeIgniter.php(934): App\Controllers\Admin->ajax('get_users')
#9 C:\xampp\htdocs\websitebinan\system\CodeIgniter.php(499): CodeIgniter\CodeIgniter->runController(Object(App\Controllers\Admin))
#10 C:\xampp\htdocs\websitebinan\system\CodeIgniter.php(368): CodeIgniter\CodeIgniter->handleRequest(NULL, Object(Config\Cache), false)
#11 C:\xampp\htdocs\websitebinan\public\index.php(67): CodeIgniter\CodeIgniter->run()
#12 {main}

Next CodeIgniter\Database\Exceptions\DatabaseException: No connection could be made because the target machine actively refused it.
 in C:\xampp\htdocs\websitebinan\system\Database\MySQLi\Connection.php:218
Stack trace:
#0 C:\xampp\htdocs\websitebinan\system\Database\BaseConnection.php(391): CodeIgniter\Database\MySQLi\Connection->connect(false)
#1 C:\xampp\htdocs\websitebinan\system\Database\BaseConnection.php(573): CodeIgniter\Database\BaseConnection->initialize()
#2 C:\xampp\htdocs\websitebinan\system\Database\BaseBuilder.php(1616): CodeIgniter\Database\BaseConnection->query('SELECT *\nFROM `...', Array, false)
#3 C:\xampp\htdocs\websitebinan\system\Model.php(241): CodeIgniter\Database\BaseBuilder->get()
#4 C:\xampp\htdocs\websitebinan\system\BaseModel.php(618): CodeIgniter\Model->doFindAll(0, 0)
#5 C:\xampp\htdocs\websitebinan\app\Controllers\Admin.php(140): CodeIgniter\BaseModel->findAll()
#6 C:\xampp\htdocs\websitebinan\app\Controllers\Admin.php(130): App\Controllers\Admin->getUsers()
#7 C:\xampp\htdocs\websitebinan\system\CodeIgniter.php(934): App\Controllers\Admin->ajax('get_users')
#8 C:\xampp\htdocs\websitebinan\system\CodeIgniter.php(499): CodeIgniter\CodeIgniter->runController(Object(App\Controllers\Admin))
#9 C:\xampp\htdocs\websitebinan\system\CodeIgniter.php(368): CodeIgniter\CodeIgniter->handleRequest(NULL, Object(Config\Cache), false)
#10 C:\xampp\htdocs\websitebinan\public\index.php(67): CodeIgniter\CodeIgniter->run()
#11 {main}
CRITICAL - 2024-05-20 00:42:26 --> Unable to connect to the database.
Main connection [MySQLi]: No connection could be made because the target machine actively refused it.

in SYSTEMPATH\Database\BaseConnection.php on line 427.
 1 SYSTEMPATH\Database\BaseConnection.php(573): CodeIgniter\Database\BaseConnection->initialize()
 2 SYSTEMPATH\Database\BaseBuilder.php(1616): CodeIgniter\Database\BaseConnection->query('SELECT *
FROM `useradmin`', [], false)
 3 SYSTEMPATH\Model.php(241): CodeIgniter\Database\BaseBuilder->get()
 4 SYSTEMPATH\BaseModel.php(618): CodeIgniter\Model->doFindAll(0, 0)
 5 APPPATH\Controllers\Admin.php(140): CodeIgniter\BaseModel->findAll()
 6 APPPATH\Controllers\Admin.php(130): App\Controllers\Admin->getUsers()
 7 SYSTEMPATH\CodeIgniter.php(934): App\Controllers\Admin->ajax('get_users')
 8 SYSTEMPATH\CodeIgniter.php(499): CodeIgniter\CodeIgniter->runController(Object(App\Controllers\Admin))
 9 SYSTEMPATH\CodeIgniter.php(368): CodeIgniter\CodeIgniter->handleRequest(null, Object(Config\Cache), false)
10 FCPATH\index.php(67): CodeIgniter\CodeIgniter->run()
ERROR - 2024-05-20 00:44:17 --> Error connecting to the database: mysqli_sql_exception: No connection could be made because the target machine actively refused it.
 in C:\xampp\htdocs\websitebinan\system\Database\MySQLi\Connection.php:174
Stack trace:
#0 C:\xampp\htdocs\websitebinan\system\Database\MySQLi\Connection.php(174): mysqli->real_connect('localhost', 'root', '', 'websitebinan', 3307, '', 0)
#1 C:\xampp\htdocs\websitebinan\system\Database\BaseConnection.php(391): CodeIgniter\Database\MySQLi\Connection->connect(false)
#2 C:\xampp\htdocs\websitebinan\system\Database\BaseConnection.php(573): CodeIgniter\Database\BaseConnection->initialize()
#3 C:\xampp\htdocs\websitebinan\system\Database\BaseBuilder.php(1616): CodeIgniter\Database\BaseConnection->query('SELECT *\nFROM `...', Array, false)
#4 C:\xampp\htdocs\websitebinan\system\Model.php(241): CodeIgniter\Database\BaseBuilder->get()
#5 C:\xampp\htdocs\websitebinan\system\BaseModel.php(618): CodeIgniter\Model->doFindAll(0, 0)
#6 C:\xampp\htdocs\websitebinan\app\Controllers\Admin.php(140): CodeIgniter\BaseModel->findAll()
#7 C:\xampp\htdocs\websitebinan\app\Controllers\Admin.php(130): App\Controllers\Admin->getUsers()
#8 C:\xampp\htdocs\websitebinan\system\CodeIgniter.php(934): App\Controllers\Admin->ajax('get_users')
#9 C:\xampp\htdocs\websitebinan\system\CodeIgniter.php(499): CodeIgniter\CodeIgniter->runController(Object(App\Controllers\Admin))
#10 C:\xampp\htdocs\websitebinan\system\CodeIgniter.php(368): CodeIgniter\CodeIgniter->handleRequest(NULL, Object(Config\Cache), false)
#11 C:\xampp\htdocs\websitebinan\public\index.php(67): CodeIgniter\CodeIgniter->run()
#12 {main}

Next CodeIgniter\Database\Exceptions\DatabaseException: No connection could be made because the target machine actively refused it.
 in C:\xampp\htdocs\websitebinan\system\Database\MySQLi\Connection.php:218
Stack trace:
#0 C:\xampp\htdocs\websitebinan\system\Database\BaseConnection.php(391): CodeIgniter\Database\MySQLi\Connection->connect(false)
#1 C:\xampp\htdocs\websitebinan\system\Database\BaseConnection.php(573): CodeIgniter\Database\BaseConnection->initialize()
#2 C:\xampp\htdocs\websitebinan\system\Database\BaseBuilder.php(1616): CodeIgniter\Database\BaseConnection->query('SELECT *\nFROM `...', Array, false)
#3 C:\xampp\htdocs\websitebinan\system\Model.php(241): CodeIgniter\Database\BaseBuilder->get()
#4 C:\xampp\htdocs\websitebinan\system\BaseModel.php(618): CodeIgniter\Model->doFindAll(0, 0)
#5 C:\xampp\htdocs\websitebinan\app\Controllers\Admin.php(140): CodeIgniter\BaseModel->findAll()
#6 C:\xampp\htdocs\websitebinan\app\Controllers\Admin.php(130): App\Controllers\Admin->getUsers()
#7 C:\xampp\htdocs\websitebinan\system\CodeIgniter.php(934): App\Controllers\Admin->ajax('get_users')
#8 C:\xampp\htdocs\websitebinan\system\CodeIgniter.php(499): CodeIgniter\CodeIgniter->runController(Object(App\Controllers\Admin))
#9 C:\xampp\htdocs\websitebinan\system\CodeIgniter.php(368): CodeIgniter\CodeIgniter->handleRequest(NULL, Object(Config\Cache), false)
#10 C:\xampp\htdocs\websitebinan\public\index.php(67): CodeIgniter\CodeIgniter->run()
#11 {main}
CRITICAL - 2024-05-20 00:44:17 --> Unable to connect to the database.
Main connection [MySQLi]: No connection could be made because the target machine actively refused it.

in SYSTEMPATH\Database\BaseConnection.php on line 427.
 1 SYSTEMPATH\Database\BaseConnection.php(573): CodeIgniter\Database\BaseConnection->initialize()
 2 SYSTEMPATH\Database\BaseBuilder.php(1616): CodeIgniter\Database\BaseConnection->query('SELECT *
FROM `useradmin`', [], false)
 3 SYSTEMPATH\Model.php(241): CodeIgniter\Database\BaseBuilder->get()
 4 SYSTEMPATH\BaseModel.php(618): CodeIgniter\Model->doFindAll(0, 0)
 5 APPPATH\Controllers\Admin.php(140): CodeIgniter\BaseModel->findAll()
 6 APPPATH\Controllers\Admin.php(130): App\Controllers\Admin->getUsers()
 7 SYSTEMPATH\CodeIgniter.php(934): App\Controllers\Admin->ajax('get_users')
 8 SYSTEMPATH\CodeIgniter.php(499): CodeIgniter\CodeIgniter->runController(Object(App\Controllers\Admin))
 9 SYSTEMPATH\CodeIgniter.php(368): CodeIgniter\CodeIgniter->handleRequest(null, Object(Config\Cache), false)
10 FCPATH\index.php(67): CodeIgniter\CodeIgniter->run()
INFO - 2024-05-20 00:45:35 --> Users fetched: 1
INFO - 2024-05-20 00:45:35 --> Response data: {"draw":0,"recordsTotal":1,"recordsFiltered":1,"data":[{"ID":"33","fname":"Juan","lname":"Tamad","username":"wantamad","email":"wan@email.com","user_lvl":"admin","created_date":"2024-05-17 09:02:52","updated_date":"2024-05-17 03:02:02","status":"ACTIVE","action":"<button type=\"button\" class=\"btn btn-primary btn-sm view-btn\" data-user-id=\"33\">View<\/button>"}]}
INFO - 2024-05-20 00:54:23 --> Users fetched: 1
INFO - 2024-05-20 00:54:23 --> Response data: {"draw":0,"recordsTotal":1,"recordsFiltered":1,"data":[{"ID":"33","fname":"Juan","lname":"Tamad","username":"wantamad","email":"wan@email.com","user_lvl":"admin","created_date":"2024-05-17 09:02:52","updated_date":"2024-05-17 03:02:02","status":"ACTIVE","action":"<button type=\"button\" class=\"btn btn-primary btn-sm view-btn\" data-user-id=\"33\">View<\/button>"}]}
INFO - 2024-05-20 02:20:00 --> Users fetched: 1
INFO - 2024-05-20 02:20:00 --> Response data: {"draw":0,"recordsTotal":1,"recordsFiltered":1,"data":[{"ID":"33","fname":"Juan","lname":"Tamad","username":"wantamad","email":"wan@email.com","user_lvl":"admin","created_date":"2024-05-17 09:02:52","updated_date":"2024-05-17 03:02:02","status":"ACTIVE","action":"<button type=\"button\" class=\"btn btn-primary btn-sm view-btn\" data-user-id=\"33\">View<\/button>"}]}
INFO - 2024-05-20 05:15:54 --> Users fetched: 1
INFO - 2024-05-20 05:15:54 --> Response data: {"draw":0,"recordsTotal":1,"recordsFiltered":1,"data":[{"ID":"33","fname":"Juan","lname":"Tamad","username":"wantamad","email":"wan@email.com","user_lvl":"admin","created_date":"2024-05-17 09:02:52","updated_date":"2024-05-17 03:02:02","status":"ACTIVE","action":"<button type=\"button\" class=\"btn btn-primary btn-sm view-btn\" data-user-id=\"33\">View<\/button>"}]}
INFO - 2024-05-20 05:16:01 --> Users fetched: 1
INFO - 2024-05-20 05:16:01 --> Response data: {"draw":0,"recordsTotal":1,"recordsFiltered":1,"data":[{"ID":"33","fname":"Juan","lname":"Tamad","username":"wantamad","email":"wan@email.com","user_lvl":"admin","created_date":"2024-05-17 09:02:52","updated_date":"2024-05-17 03:02:02","status":"ACTIVE","action":"<button type=\"button\" class=\"btn btn-primary btn-sm view-btn\" data-user-id=\"33\">View<\/button>"}]}
INFO - 2024-05-20 06:45:42 --> Users fetched: 2
INFO - 2024-05-20 06:45:42 --> Response data: {"draw":0,"recordsTotal":2,"recordsFiltered":2,"data":[{"ID":"13","fname":"Adan","lname":"Eba","username":"adanateba","email":"eba@gmail.com","user_lvl":"department","created_date":"2024-05-20 14:45:28","updated_date":"2024-05-20 08:44:30","status":"ARCHIVED","action":"<button type=\"button\" class=\"btn btn-primary btn-sm view-btn\" data-user-id=\"13\">View<\/button>"},{"ID":"33","fname":"Juan","lname":"Tamad","username":"wantamad","email":"wan@email.com","user_lvl":"admin","created_date":"2024-05-17 09:02:52","updated_date":"2024-05-17 03:02:02","status":"ACTIVE","action":"<button type=\"button\" class=\"btn btn-primary btn-sm view-btn\" data-user-id=\"33\">View<\/button>"}]}
INFO - 2024-05-20 07:00:58 --> Users fetched: 2
INFO - 2024-05-20 07:00:58 --> Response data: {"draw":0,"recordsTotal":2,"recordsFiltered":2,"data":[{"ID":"13","fname":"Adan","lname":"Eba","username":"adanateba","email":"eba@gmail.com","user_lvl":"department","created_date":"2024-05-20 14:45:28","updated_date":"2024-05-20 08:44:30","status":"ARCHIVED","action":"<button type=\"button\" class=\"btn btn-primary btn-sm view-btn\" data-user-id=\"13\">View<\/button>"},{"ID":"33","fname":"Juan","lname":"Tamad","username":"wantamad","email":"wan@email.com","user_lvl":"admin","created_date":"2024-05-17 09:02:52","updated_date":"2024-05-17 03:02:02","status":"ACTIVE","action":"<button type=\"button\" class=\"btn btn-primary btn-sm view-btn\" data-user-id=\"33\">View<\/button>"}]}
=======
>>>>>>> a32a020ca6ba48a99e6c0d7abe6fe454a9eebf26
>>>>>>> 6c4ef333142ca6d907244bc12218e5ca061441cf
