CRITICAL - 2025-06-21 14:44:07 --> include(admin_header.php): Failed to open stream: No such file or directory
in APPPATH\Views\admin\mod\jobs.php on line 1.
 1 APPPATH\Views\admin\mod\jobs.php(1): CodeIgniter\Debug\Exceptions->errorHandler(2, 'include(admin_header.php): Failed to open stream: No such file or directory', 'APPPATH\\Views\\admin\\mod\\jobs.php', 1)
 2 APPPATH\Views\admin\mod\jobs.php(1): include()
 3 SYSTEMPATH\View\View.php(213): include('APPPATH\\Views\\admin\\mod\\jobs.php')
 4 SYSTEMPATH\View\View.php(216): CodeIgniter\View\View->CodeIgniter\View\{closure}()
 5 SYSTEMPATH\Common.php(1184): CodeIgniter\View\View->render('admin/mod/jobs', [], true)
 6 APPPATH\Views\admin\admin_page.php(240): view('admin/mod/jobs', [])
 7 SYSTEMPATH\View\View.php(213): include('APPPATH\\Views\\admin\\admin_page.php')
 8 SYSTEMPATH\View\View.php(216): CodeIgniter\View\View->CodeIgniter\View\{closure}()
 9 SYSTEMPATH\Common.php(1184): CodeIgniter\View\View->render('admin/admin_page', [], true)
10 APPPATH\Controllers\Admin.php(82): view('admin/admin_page', [...])
11 SYSTEMPATH\CodeIgniter.php(934): App\Controllers\Admin->mode('jobs')
12 SYSTEMPATH\CodeIgniter.php(499): CodeIgniter\CodeIgniter->runController(Object(App\Controllers\Admin))
13 SYSTEMPATH\CodeIgniter.php(368): CodeIgniter\CodeIgniter->handleRequest(null, Object(Config\Cache), false)
14 FCPATH\index.php(67): CodeIgniter\CodeIgniter->run()
CRITICAL - 2025-06-21 14:44:09 --> include(admin_header.php): Failed to open stream: No such file or directory
in APPPATH\Views\admin\mod\jobs.php on line 1.
 1 APPPATH\Views\admin\mod\jobs.php(1): CodeIgniter\Debug\Exceptions->errorHandler(2, 'include(admin_header.php): Failed to open stream: No such file or directory', 'APPPATH\\Views\\admin\\mod\\jobs.php', 1)
 2 APPPATH\Views\admin\mod\jobs.php(1): include()
 3 SYSTEMPATH\View\View.php(213): include('APPPATH\\Views\\admin\\mod\\jobs.php')
 4 SYSTEMPATH\View\View.php(216): CodeIgniter\View\View->CodeIgniter\View\{closure}()
 5 SYSTEMPATH\Common.php(1184): CodeIgniter\View\View->render('admin/mod/jobs', [], true)
 6 APPPATH\Views\admin\admin_page.php(240): view('admin/mod/jobs', [])
 7 SYSTEMPATH\View\View.php(213): include('APPPATH\\Views\\admin\\admin_page.php')
 8 SYSTEMPATH\View\View.php(216): CodeIgniter\View\View->CodeIgniter\View\{closure}()
 9 SYSTEMPATH\Common.php(1184): CodeIgniter\View\View->render('admin/admin_page', [], true)
10 APPPATH\Controllers\Admin.php(82): view('admin/admin_page', [...])
11 SYSTEMPATH\CodeIgniter.php(934): App\Controllers\Admin->mode('jobs')
12 SYSTEMPATH\CodeIgniter.php(499): CodeIgniter\CodeIgniter->runController(Object(App\Controllers\Admin))
13 SYSTEMPATH\CodeIgniter.php(368): CodeIgniter\CodeIgniter->handleRequest(null, Object(Config\Cache), false)
14 FCPATH\index.php(67): CodeIgniter\CodeIgniter->run()
