ERROR - 2025-07-30 20:53:44 --> mysqli_sql_exception: MySQL server has gone away in C:\xampp\htdocs\websitebinan\system\Database\MySQLi\Connection.php:295
Stack trace:
#0 C:\xampp\htdocs\websitebinan\system\Database\MySQLi\Connection.php(295): mysqli->query('INSERT INTO `vi...', 0)
#1 C:\xampp\htdocs\websitebinan\system\Database\BaseConnection.php(691): CodeIgniter\Database\MySQLi\Connection->execute('INSERT INTO `vi...')
#2 C:\xampp\htdocs\websitebinan\system\Database\BaseConnection.php(605): CodeIgniter\Database\BaseConnection->simpleQuery('INSERT INTO `vi...')
#3 C:\xampp\htdocs\websitebinan\system\Database\BaseBuilder.php(2309): CodeIgniter\Database\BaseConnection->query('INSERT INTO `vi...', Array, false)
#4 C:\xampp\htdocs\websitebinan\app\Controllers\BaseController.php(93): CodeIgniter\Database\BaseBuilder->insert(Array)
#5 C:\xampp\htdocs\websitebinan\app\Controllers\BaseController.php(56): App\Controllers\BaseController->logPageVisit()
#6 C:\xampp\htdocs\websitebinan\system\CodeIgniter.php(907): App\Controllers\BaseController->initController(Object(CodeIgniter\HTTP\IncomingRequest), Object(CodeIgniter\HTTP\Response), Object(CodeIgniter\Log\Logger))
#7 C:\xampp\htdocs\websitebinan\system\CodeIgniter.php(490): CodeIgniter\CodeIgniter->createController()
#8 C:\xampp\htdocs\websitebinan\system\CodeIgniter.php(368): CodeIgniter\CodeIgniter->handleRequest(NULL, Object(Config\Cache), false)
#9 C:\xampp\htdocs\websitebinan\public\index.php(67): CodeIgniter\CodeIgniter->run()
#10 {main}
CRITICAL - 2025-07-30 20:53:44 --> MySQL server has gone away
in SYSTEMPATH\Database\BaseConnection.php on line 645.
 1 SYSTEMPATH\Database\BaseBuilder.php(2309): CodeIgniter\Database\BaseConnection->query('INSERT INTO `visit_data` (`page_url`, `ip_address`, `visit_date`) VALUES (:page_url:, :ip_address:, :visit_date:)', [...], false)
 2 APPPATH\Controllers\BaseController.php(93): CodeIgniter\Database\BaseBuilder->insert([...])
 3 APPPATH\Controllers\BaseController.php(56): App\Controllers\BaseController->logPageVisit()
 4 SYSTEMPATH\CodeIgniter.php(907): App\Controllers\BaseController->initController(Object(CodeIgniter\HTTP\IncomingRequest), Object(CodeIgniter\HTTP\Response), Object(CodeIgniter\Log\Logger))
 5 SYSTEMPATH\CodeIgniter.php(490): CodeIgniter\CodeIgniter->createController()
 6 SYSTEMPATH\CodeIgniter.php(368): CodeIgniter\CodeIgniter->handleRequest(null, Object(Config\Cache), false)
 7 FCPATH\index.php(67): CodeIgniter\CodeIgniter->run()
ERROR - 2025-07-30 20:53:44 --> mysqli_sql_exception: MySQL server has gone away in C:\xampp\htdocs\websitebinan\system\Database\MySQLi\Connection.php:295
Stack trace:
#0 C:\xampp\htdocs\websitebinan\system\Database\MySQLi\Connection.php(295): mysqli->query('INSERT INTO `vi...', 0)
#1 C:\xampp\htdocs\websitebinan\system\Database\BaseConnection.php(691): CodeIgniter\Database\MySQLi\Connection->execute('INSERT INTO `vi...')
#2 C:\xampp\htdocs\websitebinan\system\Database\BaseConnection.php(605): CodeIgniter\Database\BaseConnection->simpleQuery('INSERT INTO `vi...')
#3 C:\xampp\htdocs\websitebinan\system\Database\BaseBuilder.php(2309): CodeIgniter\Database\BaseConnection->query('INSERT INTO `vi...', Array, false)
#4 C:\xampp\htdocs\websitebinan\app\Controllers\BaseController.php(93): CodeIgniter\Database\BaseBuilder->insert(Array)
#5 C:\xampp\htdocs\websitebinan\app\Controllers\BaseController.php(56): App\Controllers\BaseController->logPageVisit()
#6 C:\xampp\htdocs\websitebinan\system\CodeIgniter.php(907): App\Controllers\BaseController->initController(Object(CodeIgniter\HTTP\IncomingRequest), Object(CodeIgniter\HTTP\Response), Object(CodeIgniter\Log\Logger))
#7 C:\xampp\htdocs\websitebinan\system\CodeIgniter.php(490): CodeIgniter\CodeIgniter->createController()
#8 C:\xampp\htdocs\websitebinan\system\CodeIgniter.php(368): CodeIgniter\CodeIgniter->handleRequest(NULL, Object(Config\Cache), false)
#9 C:\xampp\htdocs\websitebinan\public\index.php(67): CodeIgniter\CodeIgniter->run()
#10 {main}
ERROR - 2025-07-30 20:53:44 --> mysqli_sql_exception: MySQL server has gone away in C:\xampp\htdocs\websitebinan\system\Database\MySQLi\Connection.php:295
Stack trace:
#0 C:\xampp\htdocs\websitebinan\system\Database\MySQLi\Connection.php(295): mysqli->query('INSERT INTO `vi...', 0)
#1 C:\xampp\htdocs\websitebinan\system\Database\BaseConnection.php(691): CodeIgniter\Database\MySQLi\Connection->execute('INSERT INTO `vi...')
#2 C:\xampp\htdocs\websitebinan\system\Database\BaseConnection.php(605): CodeIgniter\Database\BaseConnection->simpleQuery('INSERT INTO `vi...')
#3 C:\xampp\htdocs\websitebinan\system\Database\BaseBuilder.php(2309): CodeIgniter\Database\BaseConnection->query('INSERT INTO `vi...', Array, false)
#4 C:\xampp\htdocs\websitebinan\app\Controllers\BaseController.php(93): CodeIgniter\Database\BaseBuilder->insert(Array)
#5 C:\xampp\htdocs\websitebinan\app\Controllers\BaseController.php(56): App\Controllers\BaseController->logPageVisit()
#6 C:\xampp\htdocs\websitebinan\system\CodeIgniter.php(907): App\Controllers\BaseController->initController(Object(CodeIgniter\HTTP\IncomingRequest), Object(CodeIgniter\HTTP\Response), Object(CodeIgniter\Log\Logger))
#7 C:\xampp\htdocs\websitebinan\system\CodeIgniter.php(490): CodeIgniter\CodeIgniter->createController()
#8 C:\xampp\htdocs\websitebinan\system\CodeIgniter.php(368): CodeIgniter\CodeIgniter->handleRequest(NULL, Object(Config\Cache), false)
#9 C:\xampp\htdocs\websitebinan\public\index.php(67): CodeIgniter\CodeIgniter->run()
#10 {main}
ERROR - 2025-07-30 20:53:44 --> mysqli_sql_exception: MySQL server has gone away in C:\xampp\htdocs\websitebinan\system\Database\MySQLi\Connection.php:295
Stack trace:
#0 C:\xampp\htdocs\websitebinan\system\Database\MySQLi\Connection.php(295): mysqli->query('INSERT INTO `vi...', 0)
#1 C:\xampp\htdocs\websitebinan\system\Database\BaseConnection.php(691): CodeIgniter\Database\MySQLi\Connection->execute('INSERT INTO `vi...')
#2 C:\xampp\htdocs\websitebinan\system\Database\BaseConnection.php(605): CodeIgniter\Database\BaseConnection->simpleQuery('INSERT INTO `vi...')
#3 C:\xampp\htdocs\websitebinan\system\Database\BaseBuilder.php(2309): CodeIgniter\Database\BaseConnection->query('INSERT INTO `vi...', Array, false)
#4 C:\xampp\htdocs\websitebinan\app\Controllers\BaseController.php(93): CodeIgniter\Database\BaseBuilder->insert(Array)
#5 C:\xampp\htdocs\websitebinan\app\Controllers\BaseController.php(56): App\Controllers\BaseController->logPageVisit()
#6 C:\xampp\htdocs\websitebinan\system\CodeIgniter.php(907): App\Controllers\BaseController->initController(Object(CodeIgniter\HTTP\IncomingRequest), Object(CodeIgniter\HTTP\Response), Object(CodeIgniter\Log\Logger))
#7 C:\xampp\htdocs\websitebinan\system\CodeIgniter.php(490): CodeIgniter\CodeIgniter->createController()
#8 C:\xampp\htdocs\websitebinan\system\CodeIgniter.php(368): CodeIgniter\CodeIgniter->handleRequest(NULL, Object(Config\Cache), false)
#9 C:\xampp\htdocs\websitebinan\public\index.php(67): CodeIgniter\CodeIgniter->run()
#10 {main}
ERROR - 2025-07-30 20:53:44 --> mysqli_sql_exception: MySQL server has gone away in C:\xampp\htdocs\websitebinan\system\Database\MySQLi\Connection.php:295
Stack trace:
#0 C:\xampp\htdocs\websitebinan\system\Database\MySQLi\Connection.php(295): mysqli->query('INSERT INTO `vi...', 0)
#1 C:\xampp\htdocs\websitebinan\system\Database\BaseConnection.php(691): CodeIgniter\Database\MySQLi\Connection->execute('INSERT INTO `vi...')
#2 C:\xampp\htdocs\websitebinan\system\Database\BaseConnection.php(605): CodeIgniter\Database\BaseConnection->simpleQuery('INSERT INTO `vi...')
#3 C:\xampp\htdocs\websitebinan\system\Database\BaseBuilder.php(2309): CodeIgniter\Database\BaseConnection->query('INSERT INTO `vi...', Array, false)
#4 C:\xampp\htdocs\websitebinan\app\Controllers\BaseController.php(93): CodeIgniter\Database\BaseBuilder->insert(Array)
#5 C:\xampp\htdocs\websitebinan\app\Controllers\BaseController.php(56): App\Controllers\BaseController->logPageVisit()
#6 C:\xampp\htdocs\websitebinan\system\CodeIgniter.php(907): App\Controllers\BaseController->initController(Object(CodeIgniter\HTTP\IncomingRequest), Object(CodeIgniter\HTTP\Response), Object(CodeIgniter\Log\Logger))
#7 C:\xampp\htdocs\websitebinan\system\CodeIgniter.php(490): CodeIgniter\CodeIgniter->createController()
#8 C:\xampp\htdocs\websitebinan\system\CodeIgniter.php(368): CodeIgniter\CodeIgniter->handleRequest(NULL, Object(Config\Cache), false)
#9 C:\xampp\htdocs\websitebinan\public\index.php(67): CodeIgniter\CodeIgniter->run()
#10 {main}
ERROR - 2025-07-30 20:53:44 --> mysqli_sql_exception: MySQL server has gone away in C:\xampp\htdocs\websitebinan\system\Database\MySQLi\Connection.php:295
Stack trace:
#0 C:\xampp\htdocs\websitebinan\system\Database\MySQLi\Connection.php(295): mysqli->query('INSERT INTO `vi...', 0)
#1 C:\xampp\htdocs\websitebinan\system\Database\BaseConnection.php(691): CodeIgniter\Database\MySQLi\Connection->execute('INSERT INTO `vi...')
#2 C:\xampp\htdocs\websitebinan\system\Database\BaseConnection.php(605): CodeIgniter\Database\BaseConnection->simpleQuery('INSERT INTO `vi...')
#3 C:\xampp\htdocs\websitebinan\system\Database\BaseBuilder.php(2309): CodeIgniter\Database\BaseConnection->query('INSERT INTO `vi...', Array, false)
#4 C:\xampp\htdocs\websitebinan\app\Controllers\BaseController.php(93): CodeIgniter\Database\BaseBuilder->insert(Array)
#5 C:\xampp\htdocs\websitebinan\app\Controllers\BaseController.php(56): App\Controllers\BaseController->logPageVisit()
#6 C:\xampp\htdocs\websitebinan\system\CodeIgniter.php(907): App\Controllers\BaseController->initController(Object(CodeIgniter\HTTP\IncomingRequest), Object(CodeIgniter\HTTP\Response), Object(CodeIgniter\Log\Logger))
#7 C:\xampp\htdocs\websitebinan\system\CodeIgniter.php(490): CodeIgniter\CodeIgniter->createController()
#8 C:\xampp\htdocs\websitebinan\system\CodeIgniter.php(368): CodeIgniter\CodeIgniter->handleRequest(NULL, Object(Config\Cache), false)
#9 C:\xampp\htdocs\websitebinan\public\index.php(67): CodeIgniter\CodeIgniter->run()
#10 {main}
CRITICAL - 2025-07-30 20:53:44 --> MySQL server has gone away
in SYSTEMPATH\Database\BaseConnection.php on line 645.
 1 SYSTEMPATH\Database\BaseBuilder.php(2309): CodeIgniter\Database\BaseConnection->query('INSERT INTO `visit_data` (`page_url`, `ip_address`, `visit_date`) VALUES (:page_url:, :ip_address:, :visit_date:)', [...], false)
 2 APPPATH\Controllers\BaseController.php(93): CodeIgniter\Database\BaseBuilder->insert([...])
 3 APPPATH\Controllers\BaseController.php(56): App\Controllers\BaseController->logPageVisit()
 4 SYSTEMPATH\CodeIgniter.php(907): App\Controllers\BaseController->initController(Object(CodeIgniter\HTTP\IncomingRequest), Object(CodeIgniter\HTTP\Response), Object(CodeIgniter\Log\Logger))
 5 SYSTEMPATH\CodeIgniter.php(490): CodeIgniter\CodeIgniter->createController()
 6 SYSTEMPATH\CodeIgniter.php(368): CodeIgniter\CodeIgniter->handleRequest(null, Object(Config\Cache), false)
 7 FCPATH\index.php(67): CodeIgniter\CodeIgniter->run()
CRITICAL - 2025-07-30 20:53:44 --> MySQL server has gone away
in SYSTEMPATH\Database\BaseConnection.php on line 645.
 1 SYSTEMPATH\Database\BaseBuilder.php(2309): CodeIgniter\Database\BaseConnection->query('INSERT INTO `visit_data` (`page_url`, `ip_address`, `visit_date`) VALUES (:page_url:, :ip_address:, :visit_date:)', [...], false)
 2 APPPATH\Controllers\BaseController.php(93): CodeIgniter\Database\BaseBuilder->insert([...])
 3 APPPATH\Controllers\BaseController.php(56): App\Controllers\BaseController->logPageVisit()
 4 SYSTEMPATH\CodeIgniter.php(907): App\Controllers\BaseController->initController(Object(CodeIgniter\HTTP\IncomingRequest), Object(CodeIgniter\HTTP\Response), Object(CodeIgniter\Log\Logger))
 5 SYSTEMPATH\CodeIgniter.php(490): CodeIgniter\CodeIgniter->createController()
 6 SYSTEMPATH\CodeIgniter.php(368): CodeIgniter\CodeIgniter->handleRequest(null, Object(Config\Cache), false)
 7 FCPATH\index.php(67): CodeIgniter\CodeIgniter->run()
CRITICAL - 2025-07-30 20:53:44 --> MySQL server has gone away
in SYSTEMPATH\Database\BaseConnection.php on line 645.
 1 SYSTEMPATH\Database\BaseBuilder.php(2309): CodeIgniter\Database\BaseConnection->query('INSERT INTO `visit_data` (`page_url`, `ip_address`, `visit_date`) VALUES (:page_url:, :ip_address:, :visit_date:)', [...], false)
 2 APPPATH\Controllers\BaseController.php(93): CodeIgniter\Database\BaseBuilder->insert([...])
 3 APPPATH\Controllers\BaseController.php(56): App\Controllers\BaseController->logPageVisit()
 4 SYSTEMPATH\CodeIgniter.php(907): App\Controllers\BaseController->initController(Object(CodeIgniter\HTTP\IncomingRequest), Object(CodeIgniter\HTTP\Response), Object(CodeIgniter\Log\Logger))
 5 SYSTEMPATH\CodeIgniter.php(490): CodeIgniter\CodeIgniter->createController()
 6 SYSTEMPATH\CodeIgniter.php(368): CodeIgniter\CodeIgniter->handleRequest(null, Object(Config\Cache), false)
 7 FCPATH\index.php(67): CodeIgniter\CodeIgniter->run()
CRITICAL - 2025-07-30 20:53:44 --> MySQL server has gone away
in SYSTEMPATH\Database\BaseConnection.php on line 645.
 1 SYSTEMPATH\Database\BaseBuilder.php(2309): CodeIgniter\Database\BaseConnection->query('INSERT INTO `visit_data` (`page_url`, `ip_address`, `visit_date`) VALUES (:page_url:, :ip_address:, :visit_date:)', [...], false)
 2 APPPATH\Controllers\BaseController.php(93): CodeIgniter\Database\BaseBuilder->insert([...])
 3 APPPATH\Controllers\BaseController.php(56): App\Controllers\BaseController->logPageVisit()
 4 SYSTEMPATH\CodeIgniter.php(907): App\Controllers\BaseController->initController(Object(CodeIgniter\HTTP\IncomingRequest), Object(CodeIgniter\HTTP\Response), Object(CodeIgniter\Log\Logger))
 5 SYSTEMPATH\CodeIgniter.php(490): CodeIgniter\CodeIgniter->createController()
 6 SYSTEMPATH\CodeIgniter.php(368): CodeIgniter\CodeIgniter->handleRequest(null, Object(Config\Cache), false)
 7 FCPATH\index.php(67): CodeIgniter\CodeIgniter->run()
CRITICAL - 2025-07-30 20:53:44 --> MySQL server has gone away
in SYSTEMPATH\Database\BaseConnection.php on line 645.
 1 SYSTEMPATH\Database\BaseBuilder.php(2309): CodeIgniter\Database\BaseConnection->query('INSERT INTO `visit_data` (`page_url`, `ip_address`, `visit_date`) VALUES (:page_url:, :ip_address:, :visit_date:)', [...], false)
 2 APPPATH\Controllers\BaseController.php(93): CodeIgniter\Database\BaseBuilder->insert([...])
 3 APPPATH\Controllers\BaseController.php(56): App\Controllers\BaseController->logPageVisit()
 4 SYSTEMPATH\CodeIgniter.php(907): App\Controllers\BaseController->initController(Object(CodeIgniter\HTTP\IncomingRequest), Object(CodeIgniter\HTTP\Response), Object(CodeIgniter\Log\Logger))
 5 SYSTEMPATH\CodeIgniter.php(490): CodeIgniter\CodeIgniter->createController()
 6 SYSTEMPATH\CodeIgniter.php(368): CodeIgniter\CodeIgniter->handleRequest(null, Object(Config\Cache), false)
 7 FCPATH\index.php(67): CodeIgniter\CodeIgniter->run()
