CRITICAL - 2024-05-23 06:42:31 --> Undefined variable: title
in APPPATH\Views\admin\admin_login.php on line 8.
 1 APPPATH\Views\admin\admin_login.php(8): CodeIgniter\Debug\Exceptions->errorHandler(8, 'Undefined variable: title', 'APPPATH\\Views\\admin\\admin_login.php', 8, [])
 2 SYSTEMPATH\View\View.php(213): include('APPPATH\\Views\\admin\\admin_login.php')
 3 SYSTEMPATH\View\View.php(216): CodeIgniter\View\View->CodeIgniter\View\{closure}()
 4 SYSTEMPATH\Common.php(1184): CodeIgniter\View\View->render('admin/admin_login', [], true)
 5 APPPATH\Controllers\Home.php(120): view('admin/admin_login')
 6 SYSTEMPATH\CodeIgniter.php(934): App\Controllers\Home->admin()
 7 SYSTEMPATH\CodeIgniter.php(499): CodeIgniter\CodeIgniter->runController(Object(App\Controllers\Home))
 8 SYSTEMPATH\CodeIgniter.php(368): CodeIgniter\CodeIgniter->handleRequest(null, Object(Config\Cache), false)
 9 FCPATH\index.php(67): CodeIgniter\CodeIgniter->run()
CRITICAL - 2024-05-23 06:48:20 --> Undefined variable: title
in APPPATH\Views\admin\admin_login.php on line 8.
 1 APPPATH\Views\admin\admin_login.php(8): CodeIgniter\Debug\Exceptions->errorHandler(8, 'Undefined variable: title', 'APPPATH\\Views\\admin\\admin_login.php', 8, [])
 2 SYSTEMPATH\View\View.php(213): include('APPPATH\\Views\\admin\\admin_login.php')
 3 SYSTEMPATH\View\View.php(216): CodeIgniter\View\View->CodeIgniter\View\{closure}()
 4 SYSTEMPATH\Common.php(1184): CodeIgniter\View\View->render('admin/admin_login', [], true)
 5 APPPATH\Controllers\Home.php(120): view('admin/admin_login')
 6 SYSTEMPATH\CodeIgniter.php(934): App\Controllers\Home->admin()
 7 SYSTEMPATH\CodeIgniter.php(499): CodeIgniter\CodeIgniter->runController(Object(App\Controllers\Home))
 8 SYSTEMPATH\CodeIgniter.php(368): CodeIgniter\CodeIgniter->handleRequest(null, Object(Config\Cache), false)
 9 FCPATH\index.php(67): CodeIgniter\CodeIgniter->run()
CRITICAL - 2024-05-23 07:29:23 --> Undefined variable: title
in APPPATH\Views\admin\admin_login.php on line 8.
 1 APPPATH\Views\admin\admin_login.php(8): CodeIgniter\Debug\Exceptions->errorHandler(8, 'Undefined variable: title', 'APPPATH\\Views\\admin\\admin_login.php', 8, [])
 2 SYSTEMPATH\View\View.php(213): include('APPPATH\\Views\\admin\\admin_login.php')
 3 SYSTEMPATH\View\View.php(216): CodeIgniter\View\View->CodeIgniter\View\{closure}()
 4 SYSTEMPATH\Common.php(1184): CodeIgniter\View\View->render('admin/admin_login', [], true)
 5 APPPATH\Controllers\Home.php(120): view('admin/admin_login')
 6 SYSTEMPATH\CodeIgniter.php(934): App\Controllers\Home->admin()
 7 SYSTEMPATH\CodeIgniter.php(499): CodeIgniter\CodeIgniter->runController(Object(App\Controllers\Home))
 8 SYSTEMPATH\CodeIgniter.php(368): CodeIgniter\CodeIgniter->handleRequest(null, Object(Config\Cache), false)
 9 FCPATH\index.php(67): CodeIgniter\CodeIgniter->run()
CRITICAL - 2024-05-23 07:29:26 --> Undefined variable: title
in APPPATH\Views\admin\admin_login.php on line 8.
 1 APPPATH\Views\admin\admin_login.php(8): CodeIgniter\Debug\Exceptions->errorHandler(8, 'Undefined variable: title', 'APPPATH\\Views\\admin\\admin_login.php', 8, [])
 2 SYSTEMPATH\View\View.php(213): include('APPPATH\\Views\\admin\\admin_login.php')
 3 SYSTEMPATH\View\View.php(216): CodeIgniter\View\View->CodeIgniter\View\{closure}()
 4 SYSTEMPATH\Common.php(1184): CodeIgniter\View\View->render('admin/admin_login', [], true)
 5 APPPATH\Controllers\Home.php(120): view('admin/admin_login')
 6 SYSTEMPATH\CodeIgniter.php(934): App\Controllers\Home->admin()
 7 SYSTEMPATH\CodeIgniter.php(499): CodeIgniter\CodeIgniter->runController(Object(App\Controllers\Home))
 8 SYSTEMPATH\CodeIgniter.php(368): CodeIgniter\CodeIgniter->handleRequest(null, Object(Config\Cache), false)
 9 FCPATH\index.php(67): CodeIgniter\CodeIgniter->run()
CRITICAL - 2024-05-23 07:29:51 --> Call to undefined function pre_styles()
in APPPATH\Views\admin\admin_login.php on line 16.
 1 SYSTEMPATH\View\View.php(213): include()
 2 SYSTEMPATH\View\View.php(216): CodeIgniter\View\View->CodeIgniter\View\{closure}()
 3 SYSTEMPATH\Common.php(1184): CodeIgniter\View\View->render('admin/admin_login', [], true)
 4 APPPATH\Controllers\Home.php(120): view('admin/admin_login')
 5 SYSTEMPATH\CodeIgniter.php(934): App\Controllers\Home->admin()
 6 SYSTEMPATH\CodeIgniter.php(499): CodeIgniter\CodeIgniter->runController(Object(App\Controllers\Home))
 7 SYSTEMPATH\CodeIgniter.php(368): CodeIgniter\CodeIgniter->handleRequest(null, Object(Config\Cache), false)
 8 FCPATH\index.php(67): CodeIgniter\CodeIgniter->run()
CRITICAL - 2024-05-23 07:30:42 --> Invalid file: "admin/admin_login.php"
in SYSTEMPATH\Exceptions\FrameworkException.php on line 33.
 1 SYSTEMPATH\View\View.php(201): CodeIgniter\Exceptions\FrameworkException::forInvalidFile('admin/admin_login.php')
 2 SYSTEMPATH\Common.php(1184): CodeIgniter\View\View->render('admin/admin_login', [], true)
 3 APPPATH\Controllers\Home.php(120): view('admin/admin_login')
 4 SYSTEMPATH\CodeIgniter.php(934): App\Controllers\Home->admin()
 5 SYSTEMPATH\CodeIgniter.php(499): CodeIgniter\CodeIgniter->runController(Object(App\Controllers\Home))
 6 SYSTEMPATH\CodeIgniter.php(368): CodeIgniter\CodeIgniter->handleRequest(null, Object(Config\Cache), false)
 7 FCPATH\index.php(67): CodeIgniter\CodeIgniter->run()
CRITICAL - 2024-05-23 07:31:08 --> Call to undefined function pre_styles()
in APPPATH\Views\admin_login.php on line 16.
 1 SYSTEMPATH\View\View.php(213): include()
 2 SYSTEMPATH\View\View.php(216): CodeIgniter\View\View->CodeIgniter\View\{closure}()
 3 SYSTEMPATH\Common.php(1184): CodeIgniter\View\View->render('admin_login', [], true)
 4 APPPATH\Controllers\Home.php(120): view('admin_login')
 5 SYSTEMPATH\CodeIgniter.php(934): App\Controllers\Home->admin()
 6 SYSTEMPATH\CodeIgniter.php(499): CodeIgniter\CodeIgniter->runController(Object(App\Controllers\Home))
 7 SYSTEMPATH\CodeIgniter.php(368): CodeIgniter\CodeIgniter->handleRequest(null, Object(Config\Cache), false)
 8 FCPATH\index.php(67): CodeIgniter\CodeIgniter->run()
CRITICAL - 2024-05-23 07:32:21 --> Call to undefined function pre_styles()
in APPPATH\Views\admin_login.php on line 16.
 1 SYSTEMPATH\View\View.php(213): include()
 2 SYSTEMPATH\View\View.php(216): CodeIgniter\View\View->CodeIgniter\View\{closure}()
 3 SYSTEMPATH\Common.php(1184): CodeIgniter\View\View->render('admin_login', [], true)
 4 APPPATH\Controllers\Home.php(120): view('admin_login')
 5 SYSTEMPATH\CodeIgniter.php(934): App\Controllers\Home->admin()
 6 SYSTEMPATH\CodeIgniter.php(499): CodeIgniter\CodeIgniter->runController(Object(App\Controllers\Home))
 7 SYSTEMPATH\CodeIgniter.php(368): CodeIgniter\CodeIgniter->handleRequest(null, Object(Config\Cache), false)
 8 FCPATH\index.php(67): CodeIgniter\CodeIgniter->run()
CRITICAL - 2024-05-23 07:32:42 --> Use of undefined constant WEBSITE_TITLE - assumed 'WEBSITE_TITLE' (this will throw an Error in a future version of PHP)
in APPPATH\Views\admin_login.php on line 8.
 1 APPPATH\Views\admin_login.php(8): CodeIgniter\Debug\Exceptions->errorHandler(2, 'Use of undefined constant WEBSITE_TITLE - assumed \'WEBSITE_TITLE\' (this will throw an Error in a future version of PHP)', 'APPPATH\\Views\\admin_login.php', 8, [])
 2 SYSTEMPATH\View\View.php(213): include('APPPATH\\Views\\admin_login.php')
 3 SYSTEMPATH\View\View.php(216): CodeIgniter\View\View->CodeIgniter\View\{closure}()
 4 SYSTEMPATH\Common.php(1184): CodeIgniter\View\View->render('admin_login', [], true)
 5 APPPATH\Controllers\Home.php(120): view('admin_login')
 6 SYSTEMPATH\CodeIgniter.php(934): App\Controllers\Home->admin()
 7 SYSTEMPATH\CodeIgniter.php(499): CodeIgniter\CodeIgniter->runController(Object(App\Controllers\Home))
 8 SYSTEMPATH\CodeIgniter.php(368): CodeIgniter\CodeIgniter->handleRequest(null, Object(Config\Cache), false)
 9 FCPATH\index.php(67): CodeIgniter\CodeIgniter->run()
CRITICAL - 2024-05-23 07:33:07 --> Undefined variable: title
in APPPATH\Views\admin_login.php on line 8.
 1 APPPATH\Views\admin_login.php(8): CodeIgniter\Debug\Exceptions->errorHandler(8, 'Undefined variable: title', 'APPPATH\\Views\\admin_login.php', 8, [])
 2 SYSTEMPATH\View\View.php(213): include('APPPATH\\Views\\admin_login.php')
 3 SYSTEMPATH\View\View.php(216): CodeIgniter\View\View->CodeIgniter\View\{closure}()
 4 SYSTEMPATH\Common.php(1184): CodeIgniter\View\View->render('admin_login', [], true)
 5 APPPATH\Controllers\Home.php(120): view('admin_login')
 6 SYSTEMPATH\CodeIgniter.php(934): App\Controllers\Home->admin()
 7 SYSTEMPATH\CodeIgniter.php(499): CodeIgniter\CodeIgniter->runController(Object(App\Controllers\Home))
 8 SYSTEMPATH\CodeIgniter.php(368): CodeIgniter\CodeIgniter->handleRequest(null, Object(Config\Cache), false)
 9 FCPATH\index.php(67): CodeIgniter\CodeIgniter->run()
CRITICAL - 2024-05-23 07:35:25 --> Call to undefined function pre_styles()
in APPPATH\Views\admin_login.php on line 15.
 1 SYSTEMPATH\View\View.php(213): include()
 2 SYSTEMPATH\View\View.php(216): CodeIgniter\View\View->CodeIgniter\View\{closure}()
 3 SYSTEMPATH\Common.php(1184): CodeIgniter\View\View->render('admin_login', [], true)
 4 APPPATH\Controllers\Home.php(120): view('admin_login')
 5 SYSTEMPATH\CodeIgniter.php(934): App\Controllers\Home->admin()
 6 SYSTEMPATH\CodeIgniter.php(499): CodeIgniter\CodeIgniter->runController(Object(App\Controllers\Home))
 7 SYSTEMPATH\CodeIgniter.php(368): CodeIgniter\CodeIgniter->handleRequest(null, Object(Config\Cache), false)
 8 FCPATH\index.php(67): CodeIgniter\CodeIgniter->run()
CRITICAL - 2024-05-23 07:39:26 --> Call to undefined function pre_styles()
in APPPATH\Views\admin_login.php on line 16.
 1 SYSTEMPATH\View\View.php(213): include()
 2 SYSTEMPATH\View\View.php(216): CodeIgniter\View\View->CodeIgniter\View\{closure}()
 3 SYSTEMPATH\Common.php(1184): CodeIgniter\View\View->render('admin_login', [], true)
 4 APPPATH\Controllers\Home.php(120): view('admin_login')
 5 SYSTEMPATH\CodeIgniter.php(934): App\Controllers\Home->admin()
 6 SYSTEMPATH\CodeIgniter.php(499): CodeIgniter\CodeIgniter->runController(Object(App\Controllers\Home))
 7 SYSTEMPATH\CodeIgniter.php(368): CodeIgniter\CodeIgniter->handleRequest(null, Object(Config\Cache), false)
 8 FCPATH\index.php(67): CodeIgniter\CodeIgniter->run()
CRITICAL - 2024-05-23 07:40:49 --> Use of undefined constant WEBSITE_TITLE - assumed 'WEBSITE_TITLE' (this will throw an Error in a future version of PHP)
in APPPATH\Views\sso_page.php on line 8.
 1 APPPATH\Views\sso_page.php(8): CodeIgniter\Debug\Exceptions->errorHandler(2, 'Use of undefined constant WEBSITE_TITLE - assumed \'WEBSITE_TITLE\' (this will throw an Error in a future version of PHP)', 'APPPATH\\Views\\sso_page.php', 8, [])
 2 SYSTEMPATH\View\View.php(213): include('APPPATH\\Views\\sso_page.php')
 3 SYSTEMPATH\View\View.php(216): CodeIgniter\View\View->CodeIgniter\View\{closure}()
 4 SYSTEMPATH\Common.php(1184): CodeIgniter\View\View->render('sso_page', [], true)
 5 APPPATH\Controllers\Home.php(120): view('sso_page')
 6 SYSTEMPATH\CodeIgniter.php(934): App\Controllers\Home->admin()
 7 SYSTEMPATH\CodeIgniter.php(499): CodeIgniter\CodeIgniter->runController(Object(App\Controllers\Home))
 8 SYSTEMPATH\CodeIgniter.php(368): CodeIgniter\CodeIgniter->handleRequest(null, Object(Config\Cache), false)
 9 FCPATH\index.php(67): CodeIgniter\CodeIgniter->run()
CRITICAL - 2024-05-23 07:41:10 --> Call to undefined function pre_styles()
in APPPATH\Views\sso_page.php on line 15.
 1 SYSTEMPATH\View\View.php(213): include()
 2 SYSTEMPATH\View\View.php(216): CodeIgniter\View\View->CodeIgniter\View\{closure}()
 3 SYSTEMPATH\Common.php(1184): CodeIgniter\View\View->render('sso_page', [], true)
 4 APPPATH\Controllers\Home.php(120): view('sso_page')
 5 SYSTEMPATH\CodeIgniter.php(934): App\Controllers\Home->admin()
 6 SYSTEMPATH\CodeIgniter.php(499): CodeIgniter\CodeIgniter->runController(Object(App\Controllers\Home))
 7 SYSTEMPATH\CodeIgniter.php(368): CodeIgniter\CodeIgniter->handleRequest(null, Object(Config\Cache), false)
 8 FCPATH\index.php(67): CodeIgniter\CodeIgniter->run()
CRITICAL - 2024-05-23 08:04:42 --> Call to undefined function pre_styles()
in APPPATH\Views\login_page.php on line 16.
 1 SYSTEMPATH\View\View.php(213): include()
 2 SYSTEMPATH\View\View.php(216): CodeIgniter\View\View->CodeIgniter\View\{closure}()
 3 SYSTEMPATH\Common.php(1184): CodeIgniter\View\View->render('login_page', [], true)
 4 APPPATH\Controllers\Home.php(120): view('login_page')
 5 SYSTEMPATH\CodeIgniter.php(934): App\Controllers\Home->login()
 6 SYSTEMPATH\CodeIgniter.php(499): CodeIgniter\CodeIgniter->runController(Object(App\Controllers\Home))
 7 SYSTEMPATH\CodeIgniter.php(368): CodeIgniter\CodeIgniter->handleRequest(null, Object(Config\Cache), false)
 8 FCPATH\index.php(67): CodeIgniter\CodeIgniter->run()
CRITICAL - 2024-05-23 08:14:56 --> Call to undefined function pre_styles()
in APPPATH\Views\admin\admin_page.php on line 16.
 1 SYSTEMPATH\View\View.php(213): include()
 2 SYSTEMPATH\View\View.php(216): CodeIgniter\View\View->CodeIgniter\View\{closure}()
 3 SYSTEMPATH\Common.php(1184): CodeIgniter\View\View->render('admin/admin_page', [], true)
 4 APPPATH\Controllers\Admin.php(97): view('admin/admin_page', [...])
 5 SYSTEMPATH\CodeIgniter.php(934): App\Controllers\Admin->mode('dashboard')
 6 SYSTEMPATH\CodeIgniter.php(499): CodeIgniter\CodeIgniter->runController(Object(App\Controllers\Admin))
 7 SYSTEMPATH\CodeIgniter.php(368): CodeIgniter\CodeIgniter->handleRequest(null, Object(Config\Cache), false)
 8 FCPATH\index.php(67): CodeIgniter\CodeIgniter->run()
CRITICAL - 2024-05-23 08:16:24 --> Call to undefined function pre_styles()
in APPPATH\Views\login_page.php on line 16.
 1 SYSTEMPATH\View\View.php(213): include()
 2 SYSTEMPATH\View\View.php(216): CodeIgniter\View\View->CodeIgniter\View\{closure}()
 3 SYSTEMPATH\Common.php(1184): CodeIgniter\View\View->render('login_page', [], true)
 4 APPPATH\Controllers\Home.php(120): view('login_page')
 5 SYSTEMPATH\CodeIgniter.php(934): App\Controllers\Home->login()
 6 SYSTEMPATH\CodeIgniter.php(499): CodeIgniter\CodeIgniter->runController(Object(App\Controllers\Home))
 7 SYSTEMPATH\CodeIgniter.php(368): CodeIgniter\CodeIgniter->handleRequest(null, Object(Config\Cache), false)
 8 FCPATH\index.php(67): CodeIgniter\CodeIgniter->run()
CRITICAL - 2024-05-23 08:17:42 --> Call to undefined function pre_styles()
in APPPATH\Views\login_page.php on line 16.
 1 SYSTEMPATH\View\View.php(213): include()
 2 SYSTEMPATH\View\View.php(216): CodeIgniter\View\View->CodeIgniter\View\{closure}()
 3 SYSTEMPATH\Common.php(1184): CodeIgniter\View\View->render('login_page', [], true)
 4 APPPATH\Controllers\Home.php(120): view('login_page')
 5 SYSTEMPATH\CodeIgniter.php(934): App\Controllers\Home->login()
 6 SYSTEMPATH\CodeIgniter.php(499): CodeIgniter\CodeIgniter->runController(Object(App\Controllers\Home))
 7 SYSTEMPATH\CodeIgniter.php(368): CodeIgniter\CodeIgniter->handleRequest(null, Object(Config\Cache), false)
 8 FCPATH\index.php(67): CodeIgniter\CodeIgniter->run()
CRITICAL - 2024-05-23 08:17:46 --> Call to undefined function pre_styles()
in APPPATH\Views\login_page.php on line 16.
 1 SYSTEMPATH\View\View.php(213): include()
 2 SYSTEMPATH\View\View.php(216): CodeIgniter\View\View->CodeIgniter\View\{closure}()
 3 SYSTEMPATH\Common.php(1184): CodeIgniter\View\View->render('login_page', [], true)
 4 APPPATH\Controllers\Home.php(120): view('login_page')
 5 SYSTEMPATH\CodeIgniter.php(934): App\Controllers\Home->login()
 6 SYSTEMPATH\CodeIgniter.php(499): CodeIgniter\CodeIgniter->runController(Object(App\Controllers\Home))
 7 SYSTEMPATH\CodeIgniter.php(368): CodeIgniter\CodeIgniter->handleRequest(null, Object(Config\Cache), false)
 8 FCPATH\index.php(67): CodeIgniter\CodeIgniter->run()
CRITICAL - 2024-05-23 08:18:42 --> Call to undefined function pre_styles()
in APPPATH\Views\login_page.php on line 16.
 1 SYSTEMPATH\View\View.php(213): include()
 2 SYSTEMPATH\View\View.php(216): CodeIgniter\View\View->CodeIgniter\View\{closure}()
 3 SYSTEMPATH\Common.php(1184): CodeIgniter\View\View->render('login_page', [], true)
 4 APPPATH\Controllers\Home.php(120): view('login_page')
 5 SYSTEMPATH\CodeIgniter.php(934): App\Controllers\Home->login()
 6 SYSTEMPATH\CodeIgniter.php(499): CodeIgniter\CodeIgniter->runController(Object(App\Controllers\Home))
 7 SYSTEMPATH\CodeIgniter.php(368): CodeIgniter\CodeIgniter->handleRequest(null, Object(Config\Cache), false)
 8 FCPATH\index.php(67): CodeIgniter\CodeIgniter->run()
CRITICAL - 2024-05-23 08:18:42 --> Call to undefined function pre_styles()
in APPPATH\Views\login_page.php on line 16.
 1 SYSTEMPATH\View\View.php(213): include()
 2 SYSTEMPATH\View\View.php(216): CodeIgniter\View\View->CodeIgniter\View\{closure}()
 3 SYSTEMPATH\Common.php(1184): CodeIgniter\View\View->render('login_page', [], true)
 4 APPPATH\Controllers\Home.php(120): view('login_page')
 5 SYSTEMPATH\CodeIgniter.php(934): App\Controllers\Home->login()
 6 SYSTEMPATH\CodeIgniter.php(499): CodeIgniter\CodeIgniter->runController(Object(App\Controllers\Home))
 7 SYSTEMPATH\CodeIgniter.php(368): CodeIgniter\CodeIgniter->handleRequest(null, Object(Config\Cache), false)
 8 FCPATH\index.php(67): CodeIgniter\CodeIgniter->run()
CRITICAL - 2024-05-23 08:46:35 --> Class 'App\Controllers\UserAccount' not found
in APPPATH\Controllers\Auther.php on line 60.
 1 SYSTEMPATH\CodeIgniter.php(934): App\Controllers\Auther->ajax('login')
 2 SYSTEMPATH\CodeIgniter.php(499): CodeIgniter\CodeIgniter->runController(Object(App\Controllers\Auther))
 3 SYSTEMPATH\CodeIgniter.php(368): CodeIgniter\CodeIgniter->handleRequest(null, Object(Config\Cache), false)
 4 FCPATH\index.php(67): CodeIgniter\CodeIgniter->run()
CRITICAL - 2024-05-23 08:46:38 --> Class 'App\Controllers\UserAccount' not found
in APPPATH\Controllers\Auther.php on line 60.
 1 SYSTEMPATH\CodeIgniter.php(934): App\Controllers\Auther->ajax('login')
 2 SYSTEMPATH\CodeIgniter.php(499): CodeIgniter\CodeIgniter->runController(Object(App\Controllers\Auther))
 3 SYSTEMPATH\CodeIgniter.php(368): CodeIgniter\CodeIgniter->handleRequest(null, Object(Config\Cache), false)
 4 FCPATH\index.php(67): CodeIgniter\CodeIgniter->run()
CRITICAL - 2024-05-23 08:48:10 --> Class 'App\Controllers\UserAccount' not found
in APPPATH\Controllers\Auther.php on line 60.
 1 SYSTEMPATH\CodeIgniter.php(934): App\Controllers\Auther->ajax('login')
 2 SYSTEMPATH\CodeIgniter.php(499): CodeIgniter\CodeIgniter->runController(Object(App\Controllers\Auther))
 3 SYSTEMPATH\CodeIgniter.php(368): CodeIgniter\CodeIgniter->handleRequest(null, Object(Config\Cache), false)
 4 FCPATH\index.php(67): CodeIgniter\CodeIgniter->run()
CRITICAL - 2024-05-23 08:48:12 --> Class 'App\Controllers\UserAccount' not found
in APPPATH\Controllers\Auther.php on line 60.
 1 SYSTEMPATH\CodeIgniter.php(934): App\Controllers\Auther->ajax('login')
 2 SYSTEMPATH\CodeIgniter.php(499): CodeIgniter\CodeIgniter->runController(Object(App\Controllers\Auther))
 3 SYSTEMPATH\CodeIgniter.php(368): CodeIgniter\CodeIgniter->handleRequest(null, Object(Config\Cache), false)
 4 FCPATH\index.php(67): CodeIgniter\CodeIgniter->run()
CRITICAL - 2024-05-23 09:25:52 --> Class 'App\Controllers\UserAccount' not found
in APPPATH\Controllers\Auther.php on line 58.
 1 SYSTEMPATH\CodeIgniter.php(934): App\Controllers\Auther->ajax('login')
 2 SYSTEMPATH\CodeIgniter.php(499): CodeIgniter\CodeIgniter->runController(Object(App\Controllers\Auther))
 3 SYSTEMPATH\CodeIgniter.php(368): CodeIgniter\CodeIgniter->handleRequest(null, Object(Config\Cache), false)
 4 FCPATH\index.php(67): CodeIgniter\CodeIgniter->run()
