CRITICAL - 2025-05-21 01:07:28 --> Undefined variable $visit_count
in APPPATH\Views\admin\mod\dashboard.php on line 93.
 1 APPPATH\Views\admin\mod\dashboard.php(93): CodeIgniter\Debug\Exceptions->errorHandler(2, 'Undefined variable $visit_count', 'APPPATH\\Views\\admin\\mod\\dashboard.php', 93)
 2 SYSTEMPATH\View\View.php(213): include('APPPATH\\Views\\admin\\mod\\dashboard.php')
 3 SYSTEMPATH\View\View.php(216): CodeIgniter\View\View->CodeIgniter\View\{closure}()
 4 SYSTEMPATH\Common.php(1184): CodeIgniter\View\View->render('admin/mod/dashboard', [], true)
 5 APPPATH\Views\admin\admin_page.php(229): view('admin/mod/dashboard', [])
 6 SYSTEMPATH\View\View.php(213): include('APPPATH\\Views\\admin\\admin_page.php')
 7 SYSTEMPATH\View\View.php(216): CodeIgniter\View\View->CodeIgniter\View\{closure}()
 8 SYSTEMPATH\Common.php(1184): CodeIgniter\View\View->render('admin/admin_page', [], true)
 9 APPPATH\Controllers\Admin.php(43): view('admin/admin_page', [...])
10 SYSTEMPATH\CodeIgniter.php(934): App\Controllers\Admin->mode('dashboard')
11 SYSTEMPATH\CodeIgniter.php(499): CodeIgniter\CodeIgniter->runController(Object(App\Controllers\Admin))
12 SYSTEMPATH\CodeIgniter.php(368): CodeIgniter\CodeIgniter->handleRequest(null, Object(Config\Cache), false)
13 FCPATH\index.php(67): CodeIgniter\CodeIgniter->run()
CRITICAL - 2025-05-21 01:07:32 --> Undefined variable $visit_count
in APPPATH\Views\admin\mod\dashboard.php on line 93.
 1 APPPATH\Views\admin\mod\dashboard.php(93): CodeIgniter\Debug\Exceptions->errorHandler(2, 'Undefined variable $visit_count', 'APPPATH\\Views\\admin\\mod\\dashboard.php', 93)
 2 SYSTEMPATH\View\View.php(213): include('APPPATH\\Views\\admin\\mod\\dashboard.php')
 3 SYSTEMPATH\View\View.php(216): CodeIgniter\View\View->CodeIgniter\View\{closure}()
 4 SYSTEMPATH\Common.php(1184): CodeIgniter\View\View->render('admin/mod/dashboard', [], true)
 5 APPPATH\Views\admin\admin_page.php(229): view('admin/mod/dashboard', [])
 6 SYSTEMPATH\View\View.php(213): include('APPPATH\\Views\\admin\\admin_page.php')
 7 SYSTEMPATH\View\View.php(216): CodeIgniter\View\View->CodeIgniter\View\{closure}()
 8 SYSTEMPATH\Common.php(1184): CodeIgniter\View\View->render('admin/admin_page', [], true)
 9 APPPATH\Controllers\Admin.php(43): view('admin/admin_page', [...])
10 SYSTEMPATH\CodeIgniter.php(934): App\Controllers\Admin->mode('dashboard')
11 SYSTEMPATH\CodeIgniter.php(499): CodeIgniter\CodeIgniter->runController(Object(App\Controllers\Admin))
12 SYSTEMPATH\CodeIgniter.php(368): CodeIgniter\CodeIgniter->handleRequest(null, Object(Config\Cache), false)
13 FCPATH\index.php(67): CodeIgniter\CodeIgniter->run()
CRITICAL - 2025-05-21 09:23:26 --> Invalid file: "public/home.php"
in SYSTEMPATH\Exceptions\FrameworkException.php on line 33.
 1 SYSTEMPATH\View\View.php(201): CodeIgniter\Exceptions\FrameworkException::forInvalidFile('public/home.php')
 2 SYSTEMPATH\Common.php(1184): CodeIgniter\View\View->render('public/home', [], true)
 3 APPPATH\Controllers\Home.php(19): view('public/home', [...])
 4 SYSTEMPATH\CodeIgniter.php(934): App\Controllers\Home->index()
 5 SYSTEMPATH\CodeIgniter.php(499): CodeIgniter\CodeIgniter->runController(Object(App\Controllers\Home))
 6 SYSTEMPATH\CodeIgniter.php(368): CodeIgniter\CodeIgniter->handleRequest(null, Object(Config\Cache), false)
 7 FCPATH\index.php(67): CodeIgniter\CodeIgniter->run()
CRITICAL - 2025-05-21 09:40:59 --> Invalid file: "public/home.php"
in SYSTEMPATH\Exceptions\FrameworkException.php on line 33.
 1 SYSTEMPATH\View\View.php(201): CodeIgniter\Exceptions\FrameworkException::forInvalidFile('public/home.php')
 2 SYSTEMPATH\Common.php(1184): CodeIgniter\View\View->render('public/home', [], true)
 3 APPPATH\Controllers\Home.php(19): view('public/home', [...])
 4 SYSTEMPATH\CodeIgniter.php(934): App\Controllers\Home->index()
 5 SYSTEMPATH\CodeIgniter.php(499): CodeIgniter\CodeIgniter->runController(Object(App\Controllers\Home))
 6 SYSTEMPATH\CodeIgniter.php(368): CodeIgniter\CodeIgniter->handleRequest(null, Object(Config\Cache), false)
 7 FCPATH\index.php(67): CodeIgniter\CodeIgniter->run()
CRITICAL - 2025-05-21 09:53:04 --> Invalid file: "public/home.php"
in SYSTEMPATH\Exceptions\FrameworkException.php on line 33.
 1 SYSTEMPATH\View\View.php(201): CodeIgniter\Exceptions\FrameworkException::forInvalidFile('public/home.php')
 2 SYSTEMPATH\Common.php(1184): CodeIgniter\View\View->render('public/home', [], true)
 3 APPPATH\Controllers\Home.php(19): view('public/home', [...])
 4 SYSTEMPATH\CodeIgniter.php(934): App\Controllers\Home->index()
 5 SYSTEMPATH\CodeIgniter.php(499): CodeIgniter\CodeIgniter->runController(Object(App\Controllers\Home))
 6 SYSTEMPATH\CodeIgniter.php(368): CodeIgniter\CodeIgniter->handleRequest(null, Object(Config\Cache), false)
 7 FCPATH\index.php(67): CodeIgniter\CodeIgniter->run()
