CRITICAL - 2025-06-05 09:33:21 --> Call to undefined function include_header()
in APPPATH\Views\hotlines.php on line 15.
 1 SYSTEMPATH\View\View.php(213): include()
 2 SYSTEMPATH\View\View.php(216): CodeIgniter\View\View->CodeIgniter\View\{closure}()
 3 SYSTEMPATH\Common.php(1184): CodeIgniter\View\View->render('hotlines', [], true)
 4 APPPATH\Controllers\Home.php(333): view('hotlines', [...])
 5 SYSTEMPATH\CodeIgniter.php(934): App\Controllers\Home->hotlines()
 6 SYSTEMPATH\CodeIgniter.php(499): CodeIgniter\CodeIgniter->runController(Object(App\Controllers\Home))
 7 SYSTEMPATH\CodeIgniter.php(368): CodeIgniter\CodeIgniter->handleRequest(null, Object(Config\Cache), false)
 8 FCPATH\index.php(67): CodeIgniter\CodeIgniter->run()
ERROR - 2025-06-05 09:41:57 --> File not found: C:\xampp\htdocs\websitebinan\writable\uploads\CAREERS\1721143597_f7e625bc75aa9a0732b0.pdf
ERROR - 2025-06-05 09:48:46 --> File not found: C:\xampp\htdocs\websitebinan\writable\uploads\CAREERS\1721143597_f7e625bc75aa9a0732b0.pdf
ERROR - 2025-06-05 09:48:54 --> File not found: C:\xampp\htdocs\websitebinan\writable\uploads\CAREERS\1721143597_f7e625bc75aa9a0732b0.pdf
ERROR - 2025-06-05 09:48:58 --> File not found: C:\xampp\htdocs\websitebinan\writable\uploads\CAREERS\1721143597_f7e625bc75aa9a0732b0.pdf
ERROR - 2025-06-05 09:51:17 --> File not found: C:\xampp\htdocs\websitebinan\writable\uploads\CAREERS\1721143597_f7e625bc75aa9a0732b0.pdf
CRITICAL - 2025-06-05 09:57:00 --> Invalid file: "barangay_page.php"
in SYSTEMPATH\Exceptions\FrameworkException.php on line 33.
 1 SYSTEMPATH\View\View.php(201): CodeIgniter\Exceptions\FrameworkException::forInvalidFile('barangay_page.php')
 2 SYSTEMPATH\Common.php(1184): CodeIgniter\View\View->render('barangay_page', [], true)
 3 APPPATH\Controllers\Home.php(71): view('barangay_page')
 4 SYSTEMPATH\CodeIgniter.php(934): App\Controllers\Home->barangay()
 5 SYSTEMPATH\CodeIgniter.php(499): CodeIgniter\CodeIgniter->runController(Object(App\Controllers\Home))
 6 SYSTEMPATH\CodeIgniter.php(368): CodeIgniter\CodeIgniter->handleRequest(null, Object(Config\Cache), false)
 7 FCPATH\index.php(67): CodeIgniter\CodeIgniter->run()
CRITICAL - 2025-06-05 10:02:08 --> Call to undefined function include_header()
in APPPATH\Views\newseventscontent_page.php on line 14.
 1 SYSTEMPATH\View\View.php(213): include()
 2 SYSTEMPATH\View\View.php(216): CodeIgniter\View\View->CodeIgniter\View\{closure}()
 3 SYSTEMPATH\Common.php(1184): CodeIgniter\View\View->render('newseventscontent_page', [], true)
 4 APPPATH\Controllers\Home.php(269): view('newseventscontent_page', [...])
 5 SYSTEMPATH\CodeIgniter.php(934): App\Controllers\Home->newseventscontent('37')
 6 SYSTEMPATH\CodeIgniter.php(499): CodeIgniter\CodeIgniter->runController(Object(App\Controllers\Home))
 7 SYSTEMPATH\CodeIgniter.php(368): CodeIgniter\CodeIgniter->handleRequest(null, Object(Config\Cache), false)
 8 FCPATH\index.php(67): CodeIgniter\CodeIgniter->run()
ERROR - 2025-06-05 11:27:35 --> File not found: C:\xampp\htdocs\websitebinan\writable\uploads\INVEST\Market Value
ERROR - 2025-06-05 11:27:38 --> File not found: C:\xampp\htdocs\websitebinan\writable\uploads\INVEST\Market Value
ERROR - 2025-06-05 11:27:40 --> File not found: C:\xampp\htdocs\websitebinan\writable\uploads\INVEST\Business Directory
CRITICAL - 2025-06-05 13:35:16 --> Invalid file: "public/home.php"
in SYSTEMPATH\Exceptions\FrameworkException.php on line 33.
 1 SYSTEMPATH\View\View.php(201): CodeIgniter\Exceptions\FrameworkException::forInvalidFile('public/home.php')
 2 SYSTEMPATH\Common.php(1184): CodeIgniter\View\View->render('public/home', [], true)
 3 APPPATH\Controllers\Home.php(19): view('public/home', [...])
 4 SYSTEMPATH\CodeIgniter.php(934): App\Controllers\Home->index()
 5 SYSTEMPATH\CodeIgniter.php(499): CodeIgniter\CodeIgniter->runController(Object(App\Controllers\Home))
 6 SYSTEMPATH\CodeIgniter.php(368): CodeIgniter\CodeIgniter->handleRequest(null, Object(Config\Cache), false)
 7 FCPATH\index.php(67): CodeIgniter\CodeIgniter->run()
CRITICAL - 2025-06-05 13:35:26 --> Invalid file: "public/home.php"
in SYSTEMPATH\Exceptions\FrameworkException.php on line 33.
 1 SYSTEMPATH\View\View.php(201): CodeIgniter\Exceptions\FrameworkException::forInvalidFile('public/home.php')
 2 SYSTEMPATH\Common.php(1184): CodeIgniter\View\View->render('public/home', [], true)
 3 APPPATH\Controllers\Home.php(19): view('public/home', [...])
 4 SYSTEMPATH\CodeIgniter.php(934): App\Controllers\Home->index()
 5 SYSTEMPATH\CodeIgniter.php(499): CodeIgniter\CodeIgniter->runController(Object(App\Controllers\Home))
 6 SYSTEMPATH\CodeIgniter.php(368): CodeIgniter\CodeIgniter->handleRequest(null, Object(Config\Cache), false)
 7 FCPATH\index.php(67): CodeIgniter\CodeIgniter->run()
