CRITICAL - 2024-05-17 04:34:31 --> The framework needs the following extension(s) installed and loaded: intl.
in SYSTEMPATH\CodeIgniter.php on line 226.
 1 SYSTEMPATH\CodeIgniter.php(226): CodeIgniter\Exceptions\FrameworkException::forMissingExtension('intl')
 2 SYSTEMPATH\CodeIgniter.php(190): CodeIgniter\CodeIgniter->resolvePlatformExtensions()
 3 ROOTPATH\spark(83): CodeIgniter\CodeIgniter->initialize()
INFO - 2024-05-17 05:13:58 --> Users fetched: 1
CRITICAL - 2024-05-17 05:13:58 --> Undefined property: stdClass::$id
in APPPATH\Controllers\Admin.php on line 124.
 1 APPPATH\Controllers\Admin.php(124): CodeIgniter\Debug\Exceptions->errorHandler(8, 'Undefined property: stdClass::$id', 'APPPATH\\Controllers\\Admin.php', 124, [...])
 2 APPPATH\Controllers\Admin.php(102): App\Controllers\Admin->getUsers()
 3 SYSTEMPATH\CodeIgniter.php(934): App\Controllers\Admin->ajax('get_users')
 4 SYSTEMPATH\CodeIgniter.php(499): CodeIgniter\CodeIgniter->runController(Object(App\Controllers\Admin))
 5 SYSTEMPATH\CodeIgniter.php(368): CodeIgniter\CodeIgniter->handleRequest(null, Object(Config\Cache), false)
 6 FCPATH\index.php(67): CodeIgniter\CodeIgniter->run()
INFO - 2024-05-17 05:14:21 --> Users fetched: 1
INFO - 2024-05-17 05:14:21 --> Response data: {"draw":0,"recordsTotal":1,"recordsFiltered":1,"data":[{"ID":"1","fname":"Mapagmahal","lname":"Pedro","username":"pedrolangto","email":"pedro@gmail.com","user_lvl":"admin","created_date":"2024-05-09 14:16:49","status":"ACTIVE","action":"<button type=\"button\" class=\"btn btn-primary btn-sm view-btn\" data-user-id=\"1\">View<\/button>"}]}
INFO - 2024-05-17 05:17:17 --> Users fetched: 1
INFO - 2024-05-17 05:17:17 --> Response data: {"draw":0,"recordsTotal":1,"recordsFiltered":1,"data":[{"ID":"1","fname":"Mapagmahal","lname":"Pedro","username":"pedrolangto","email":"pedro@gmail.com","user_lvl":"admin","created_date":"2024-05-09 14:16:49","status":"ACTIVE","action":"<button type=\"button\" class=\"btn btn-primary btn-sm view-btn\" data-user-id=\"1\">View<\/button>"}]}
INFO - 2024-05-17 05:17:29 --> Users fetched: 1
INFO - 2024-05-17 05:17:29 --> Response data: {"draw":0,"recordsTotal":1,"recordsFiltered":1,"data":[{"ID":"1","fname":"Mapagmahal","lname":"Pedro","username":"pedrolangto","email":"pedro@gmail.com","user_lvl":"admin","created_date":"2024-05-09 14:16:49","status":"ACTIVE","action":"<button type=\"button\" class=\"btn btn-primary btn-sm view-btn\" data-user-id=\"1\">View<\/button>"}]}
INFO - 2024-05-17 05:17:30 --> Users fetched: 1
INFO - 2024-05-17 05:17:30 --> Response data: {"draw":0,"recordsTotal":1,"recordsFiltered":1,"data":[{"ID":"1","fname":"Mapagmahal","lname":"Pedro","username":"pedrolangto","email":"pedro@gmail.com","user_lvl":"admin","created_date":"2024-05-09 14:16:49","status":"ACTIVE","action":"<button type=\"button\" class=\"btn btn-primary btn-sm view-btn\" data-user-id=\"1\">View<\/button>"}]}
INFO - 2024-05-17 05:17:40 --> Users fetched: 1
INFO - 2024-05-17 05:17:40 --> Response data: {"draw":0,"recordsTotal":1,"recordsFiltered":1,"data":[{"ID":"1","fname":"Mapagmahal","lname":"Pedro","username":"pedrolangto","email":"pedro@gmail.com","user_lvl":"admin","created_date":"2024-05-09 14:16:49","status":"ACTIVE","action":"<button type=\"button\" class=\"btn btn-primary btn-sm view-btn\" data-user-id=\"1\">View<\/button>"}]}
INFO - 2024-05-17 05:20:38 --> Users fetched: 2
INFO - 2024-05-17 05:20:38 --> Response data: {"draw":0,"recordsTotal":2,"recordsFiltered":2,"data":[{"ID":"0","fname":"Joanna","lname":"Crumpleskin","username":"joanna8183","email":"joannack@gmail.com","user_lvl":"superadmin","created_date":"2024-05-17 13:19:15","status":"ACTIVE","action":"<button type=\"button\" class=\"btn btn-primary btn-sm view-btn\" data-user-id=\"0\">View<\/button>"},{"ID":"1","fname":"Mapagmahal","lname":"Pedro","username":"pedrolangto","email":"pedro@gmail.com","user_lvl":"admin","created_date":"2024-05-09 14:16:49","status":"ACTIVE","action":"<button type=\"button\" class=\"btn btn-primary btn-sm view-btn\" data-user-id=\"1\">View<\/button>"}]}
INFO - 2024-05-17 06:28:42 --> Users fetched: 2
INFO - 2024-05-17 06:28:42 --> Response data: {"draw":0,"recordsTotal":2,"recordsFiltered":2,"data":[{"ID":"0","fname":"Joanna","lname":"Crumpleskin","username":"joanna8183","email":"joannack@gmail.com","user_lvl":"superadmin","created_date":"2024-05-17 13:19:15","status":"ACTIVE","action":"<button type=\"button\" class=\"btn btn-primary btn-sm view-btn\" data-user-id=\"0\">View<\/button>"},{"ID":"1","fname":"Mapagmahal","lname":"Pedro","username":"pedrolangto","email":"pedro@gmail.com","user_lvl":"admin","created_date":"2024-05-09 14:16:49","status":"ACTIVE","action":"<button type=\"button\" class=\"btn btn-primary btn-sm view-btn\" data-user-id=\"1\">View<\/button>"}]}
INFO - 2024-05-17 07:51:58 --> Users fetched: 2
INFO - 2024-05-17 07:51:58 --> Response data: {"draw":0,"recordsTotal":2,"recordsFiltered":2,"data":[{"ID":"0","fname":"Joanna","lname":"Crumpleskin","username":"joanna8183","email":"joannack@gmail.com","user_lvl":"superadmin","created_date":"2024-05-17 13:19:15","status":"ACTIVE","action":"<button type=\"button\" class=\"btn btn-primary btn-sm view-btn\" data-user-id=\"0\">View<\/button>"},{"ID":"1","fname":"Mapagmahal","lname":"Pedro","username":"pedrolangto","email":"pedro@gmail.com","user_lvl":"admin","created_date":"2024-05-09 14:16:49","status":"ACTIVE","action":"<button type=\"button\" class=\"btn btn-primary btn-sm view-btn\" data-user-id=\"1\">View<\/button>"}]}
CRITICAL - 2024-05-17 08:09:22 --> Invalid file: "app/common-js.php"
in SYSTEMPATH\Exceptions\FrameworkException.php on line 33.
 1 SYSTEMPATH\View\View.php(201): CodeIgniter\Exceptions\FrameworkException::forInvalidFile('app/common-js.php')
 2 SYSTEMPATH\Common.php(1184): CodeIgniter\View\View->render('app/common-js.php', [], true)
 3 APPPATH\Views\admin\admin_page.php(262): view('app/common-js.php')
 4 SYSTEMPATH\View\View.php(213): include('APPPATH\\Views\\admin\\admin_page.php')
 5 SYSTEMPATH\View\View.php(216): CodeIgniter\View\View->CodeIgniter\View\{closure}()
 6 SYSTEMPATH\Common.php(1184): CodeIgniter\View\View->render('admin/admin_page', [], true)
 7 APPPATH\Controllers\Admin.php(86): view('admin/admin_page', [...])
 8 SYSTEMPATH\CodeIgniter.php(934): App\Controllers\Admin->mode('accounts_mgmt')
 9 SYSTEMPATH\CodeIgniter.php(499): CodeIgniter\CodeIgniter->runController(Object(App\Controllers\Admin))
10 SYSTEMPATH\CodeIgniter.php(368): CodeIgniter\CodeIgniter->handleRequest(null, Object(Config\Cache), false)
11 FCPATH\index.php(67): CodeIgniter\CodeIgniter->run()
CRITICAL - 2024-05-17 08:17:34 --> Call to undefined function pre_styles()
in APPPATH\Views\admin\admin_page.php on line 16.
 1 SYSTEMPATH\View\View.php(213): include()
 2 SYSTEMPATH\View\View.php(216): CodeIgniter\View\View->CodeIgniter\View\{closure}()
 3 SYSTEMPATH\Common.php(1184): CodeIgniter\View\View->render('admin/admin_page', [], true)
 4 APPPATH\Controllers\Admin.php(86): view('admin/admin_page', [...])
 5 SYSTEMPATH\CodeIgniter.php(934): App\Controllers\Admin->mode('accounts_mgmt')
 6 SYSTEMPATH\CodeIgniter.php(499): CodeIgniter\CodeIgniter->runController(Object(App\Controllers\Admin))
 7 SYSTEMPATH\CodeIgniter.php(368): CodeIgniter\CodeIgniter->handleRequest(null, Object(Config\Cache), false)
 8 FCPATH\index.php(67): CodeIgniter\CodeIgniter->run()
CRITICAL - 2024-05-17 08:17:40 --> Call to undefined function pre_styles()
in APPPATH\Views\admin\admin_page.php on line 16.
 1 SYSTEMPATH\View\View.php(213): include()
 2 SYSTEMPATH\View\View.php(216): CodeIgniter\View\View->CodeIgniter\View\{closure}()
 3 SYSTEMPATH\Common.php(1184): CodeIgniter\View\View->render('admin/admin_page', [], true)
 4 APPPATH\Controllers\Admin.php(86): view('admin/admin_page', [...])
 5 SYSTEMPATH\CodeIgniter.php(934): App\Controllers\Admin->mode('dashboard')
 6 SYSTEMPATH\CodeIgniter.php(499): CodeIgniter\CodeIgniter->runController(Object(App\Controllers\Admin))
 7 SYSTEMPATH\CodeIgniter.php(368): CodeIgniter\CodeIgniter->handleRequest(null, Object(Config\Cache), false)
 8 FCPATH\index.php(67): CodeIgniter\CodeIgniter->run()
CRITICAL - 2024-05-17 08:18:41 --> Call to undefined function pre_styles()
in APPPATH\Views\admin\admin_page.php on line 16.
 1 SYSTEMPATH\View\View.php(213): include()
 2 SYSTEMPATH\View\View.php(216): CodeIgniter\View\View->CodeIgniter\View\{closure}()
 3 SYSTEMPATH\Common.php(1184): CodeIgniter\View\View->render('admin/admin_page', [], true)
 4 APPPATH\Controllers\Admin.php(86): view('admin/admin_page', [...])
 5 SYSTEMPATH\CodeIgniter.php(934): App\Controllers\Admin->mode('accounts_mgmt')
 6 SYSTEMPATH\CodeIgniter.php(499): CodeIgniter\CodeIgniter->runController(Object(App\Controllers\Admin))
 7 SYSTEMPATH\CodeIgniter.php(368): CodeIgniter\CodeIgniter->handleRequest(null, Object(Config\Cache), false)
 8 FCPATH\index.php(67): CodeIgniter\CodeIgniter->run()
CRITICAL - 2024-05-17 08:18:41 --> Call to undefined function pre_styles()
in APPPATH\Views\admin\admin_page.php on line 16.
 1 SYSTEMPATH\View\View.php(213): include()
 2 SYSTEMPATH\View\View.php(216): CodeIgniter\View\View->CodeIgniter\View\{closure}()
 3 SYSTEMPATH\Common.php(1184): CodeIgniter\View\View->render('admin/admin_page', [], true)
 4 APPPATH\Controllers\Admin.php(86): view('admin/admin_page', [...])
 5 SYSTEMPATH\CodeIgniter.php(934): App\Controllers\Admin->mode('accounts_mgmt')
 6 SYSTEMPATH\CodeIgniter.php(499): CodeIgniter\CodeIgniter->runController(Object(App\Controllers\Admin))
 7 SYSTEMPATH\CodeIgniter.php(368): CodeIgniter\CodeIgniter->handleRequest(null, Object(Config\Cache), false)
 8 FCPATH\index.php(67): CodeIgniter\CodeIgniter->run()
