CRITICAL - 2025-05-29 08:24:42 --> Undefined variable $hardline
in APPPATH\Views\home_page.php on line 333.
 1 APPPATH\Views\home_page.php(333): CodeIgniter\Debug\Exceptions->errorHandler(2, 'Undefined variable $hardline', 'APPPATH\\Views\\home_page.php', 333)
 2 SYSTEMPATH\View\View.php(213): include('APPPATH\\Views\\home_page.php')
 3 SYSTEMPATH\View\View.php(216): CodeIgniter\View\View->CodeIgniter\View\{closure}()
 4 SYSTEMPATH\Common.php(1184): CodeIgniter\View\View->render('home_page', [], true)
 5 APPPATH\Controllers\Home.php(58): view('home_page', [...])
 6 SYSTEMPATH\CodeIgniter.php(934): App\Controllers\Home->home_page()
 7 SYSTEMPATH\CodeIgniter.php(499): CodeIgniter\CodeIgniter->runController(Object(App\Controllers\Home))
 8 SYSTEMPATH\CodeIgniter.php(368): CodeIgniter\CodeIgniter->handleRequest(null, Object(Config\Cache), false)
 9 FCPATH\index.php(67): CodeIgniter\CodeIgniter->run()
ERROR - 2025-05-29 09:42:41 --> File not found: C:\xampp\htdocs\websitebinan\writable\uploads\FULLDISC\1.-20-IRA-UTILIZATION-1st qtr 2021.xlsx
CRITICAL - 2025-05-29 15:16:36 --> Undefined variable $investfiles
in APPPATH\Views\services_page.php on line 43.
 1 APPPATH\Views\services_page.php(43): CodeIgniter\Debug\Exceptions->errorHandler(2, 'Undefined variable $investfiles', 'APPPATH\\Views\\services_page.php', 43)
 2 SYSTEMPATH\View\View.php(213): include('APPPATH\\Views\\services_page.php')
 3 SYSTEMPATH\View\View.php(216): CodeIgniter\View\View->CodeIgniter\View\{closure}()
 4 SYSTEMPATH\Common.php(1184): CodeIgniter\View\View->render('services_page', [], true)
 5 APPPATH\Controllers\Home.php(128): view('services_page')
 6 SYSTEMPATH\CodeIgniter.php(934): App\Controllers\Home->services()
 7 SYSTEMPATH\CodeIgniter.php(499): CodeIgniter\CodeIgniter->runController(Object(App\Controllers\Home))
 8 SYSTEMPATH\CodeIgniter.php(368): CodeIgniter\CodeIgniter->handleRequest(null, Object(Config\Cache), false)
 9 FCPATH\index.php(67): CodeIgniter\CodeIgniter->run()
CRITICAL - 2025-05-29 15:16:39 --> Undefined variable $investfiles
in APPPATH\Views\services_page.php on line 43.
 1 APPPATH\Views\services_page.php(43): CodeIgniter\Debug\Exceptions->errorHandler(2, 'Undefined variable $investfiles', 'APPPATH\\Views\\services_page.php', 43)
 2 SYSTEMPATH\View\View.php(213): include('APPPATH\\Views\\services_page.php')
 3 SYSTEMPATH\View\View.php(216): CodeIgniter\View\View->CodeIgniter\View\{closure}()
 4 SYSTEMPATH\Common.php(1184): CodeIgniter\View\View->render('services_page', [], true)
 5 APPPATH\Controllers\Home.php(128): view('services_page')
 6 SYSTEMPATH\CodeIgniter.php(934): App\Controllers\Home->services()
 7 SYSTEMPATH\CodeIgniter.php(499): CodeIgniter\CodeIgniter->runController(Object(App\Controllers\Home))
 8 SYSTEMPATH\CodeIgniter.php(368): CodeIgniter\CodeIgniter->handleRequest(null, Object(Config\Cache), false)
 9 FCPATH\index.php(67): CodeIgniter\CodeIgniter->run()
CRITICAL - 2025-05-29 15:20:16 --> Undefined variable $investfiles
in APPPATH\Views\services_page.php on line 43.
 1 APPPATH\Views\services_page.php(43): CodeIgniter\Debug\Exceptions->errorHandler(2, 'Undefined variable $investfiles', 'APPPATH\\Views\\services_page.php', 43)
 2 SYSTEMPATH\View\View.php(213): include('APPPATH\\Views\\services_page.php')
 3 SYSTEMPATH\View\View.php(216): CodeIgniter\View\View->CodeIgniter\View\{closure}()
 4 SYSTEMPATH\Common.php(1184): CodeIgniter\View\View->render('services_page', [], true)
 5 APPPATH\Controllers\Home.php(128): view('services_page')
 6 SYSTEMPATH\CodeIgniter.php(934): App\Controllers\Home->services()
 7 SYSTEMPATH\CodeIgniter.php(499): CodeIgniter\CodeIgniter->runController(Object(App\Controllers\Home))
 8 SYSTEMPATH\CodeIgniter.php(368): CodeIgniter\CodeIgniter->handleRequest(null, Object(Config\Cache), false)
 9 FCPATH\index.php(67): CodeIgniter\CodeIgniter->run()
